******************************************************************************
                  TI ARM Linker Unix v18.1.3                   
******************************************************************************
>> Linked Fri Nov 23 12:26:02 2018

OUTPUT FILE NAME:   <PAC3_enunciat2.out>
ENTRY POINT SYMBOL: "_c_int00_noargs"  address: 00009729


MEMORY CONFIGURATION

         name            origin    length      used     unused   attr    fill
----------------------  --------  ---------  --------  --------  ----  --------
  MAIN                  00000000   00040000  0000ab68  00035498  R  X
  INFO                  00200000   00004000  00000000  00004000  R  X
  SRAM_CODE             01000000   00010000  00000000  00010000  RW X
  SRAM_DATA             20000000   00010000  0000c468  00003b98  RW  


SEGMENT ALLOCATION MAP

run origin  load origin   length   init length attrs members
----------  ----------- ---------- ----------- ----- -------
00000000    00000000    0000ab68   0000ab68    r-x
  00000000    00000000    00000144   00000144    r-- .intvecs
  00000144    00000144    0000977c   0000977c    r-x .text
  000098c0    000098c0    00001250   00001250    r-- .const
  0000ab10    0000ab10    00000058   00000058    r-- .cinit
20000000    20000000    0000c26d   00000000    rw-
  20000000    20000000    000000e4   00000000    rw- .vtable
  200000e4    200000e4    0000c10f   00000000    rw- .bss
  2000c1f8    2000c1f8    00000075   00000000    rw- .data
2000fe00    2000fe00    00000200   00000000    rw-
  2000fe00    2000fe00    00000200   00000000    rw- .stack


SECTION ALLOCATION MAP

 output                                  attributes/
section   page    origin      length       input sections
--------  ----  ----------  ----------   ----------------
.intvecs   0    00000000    00000144     
                  00000000    00000144     msp432_startup_ccs.obj (.intvecs:retain)

.text      0    00000144    0000977c     
                  00000144    00001a0c     tasks.obj (.text)
                  00001b50    00000d7c     cs.obj (.text)
                  000028cc    00000a5e     rtsv7M4_T_le_v4SPD16_eabi.lib : _printfi.c.obj (.text:__TI_printfi)
                  0000332a    00000002                                   : div0.asm.obj (.text)
                  0000332c    000009c0                                   : e_pow.c.obj (.text:pow)
                  00003cec    000008d4     adc14.obj (.text)
                  000045c0    00000838     pcm.obj (.text)
                  00004df8    000007a8     i2c.obj (.text)
                  000055a0    000005b8     i2c_driver.obj (.text)
                  00005b58    00000508     rtc_c.obj (.text)
                  00006060    0000043c     tmp006.obj (.text)
                  0000649c    000003f0     interrupt.obj (.text)
                  0000688c    000003ec     msp432_launchpad_board.obj (.text)
                  00006c78    00000328     system_msp432p401r.obj (.text)
                  00006fa0    000002b0     edu_boosterpack_sensors.obj (.text)
                  00007250    00000288     port.obj (.text)
                  000074d8    00000270     rtsv7M4_T_le_v4SPD16_eabi.lib : _printfi.c.obj (.text:_pconv_a)
                  00007748    00000244     sysctl.obj (.text)
                  0000798c    000001fc     rtsv7M4_T_le_v4SPD16_eabi.lib : s_exp2.c.obj (.text:exp2)
                  00007b88    000001d0                                   : _printfi.c.obj (.text:_pconv_g)
                  00007d58    000001cc     board.obj (.text)
                  00007f24    000001b6     rtsv7M4_T_le_v4SPD16_eabi.lib : fd_add_t2.asm.obj (.text)
                  000080da    00000002     --HOLE-- [fill = 0]
                  000080dc    0000016c     cli_uart.obj (.text)
                  00008248    0000016c     opt3001.obj (.text)
                  000083b4    00000158     rtsv7M4_T_le_v4SPD16_eabi.lib : e_sqrt.c.obj (.text:sqrt)
                  0000850c    00000150     main.obj (.text)
                  0000865c    0000013c     rtsv7M4_T_le_v4SPD16_eabi.lib : _printfi.c.obj (.text:_pconv_e)
                  00008798    00000136                                   : fd_div_t2.asm.obj (.text)
                  000088ce    0000012a     list.obj (.text)
                  000089f8    00000120     rtsv7M4_T_le_v4SPD16_eabi.lib : _printfi.c.obj (.text:fcvt)
                  00008b18    00000110                                   : s_scalbn.c.obj (.text:scalbn)
                  00008c28    000000fc                                   : fd_mul_t2.asm.obj (.text)
                  00008d24    000000d8     wdt_a.obj (.text)
                  00008dfc    000000d2     portasm.obj (.text)
                  00008ece    00000002     --HOLE-- [fill = 0]
                  00008ed0    000000b4     heap_1.obj (.text)
                  00008f84    000000b1     rtsv7M4_T_le_v4SPD16_eabi.lib : _printfi.c.obj (.text:_ltostr)
                  00009035    00000001     --HOLE-- [fill = 0]
                  00009036    0000009c                                   : memcpy_t2.asm.obj (.text)
                  000090d2    00000096                                   : ull_div_t2.asm.obj (.text)
                  00009168    00000086                                   : fd_cmp_t2.asm.obj (.text:__aeabi_cdcmple)
                  000091ee    00000086                                   : fd_cmp_t2.asm.obj (.text:__aeabi_cdrcmple)
                  00009274    0000007a                                   : memset_t2.asm.obj (.text)
                  000092ee    0000006e                                   : _printfi.c.obj (.text:_mcpy)
                  0000935c    0000006e                                   : fd_tos_t2.asm.obj (.text)
                  000093ca    00000068                                   : copy_decompress_lzss.c.obj (.text:decompress:lzss:__TI_decompress_lzss)
                  00009432    00000002     --HOLE-- [fill = 0]
                  00009434    00000064                                   : s_frexp.c.obj (.text:frexp)
                  00009498    00000056                                   : _printfi.c.obj (.text:_pconv_f)
                  000094ee    00000054                                   : ltoa.c.obj (.text:ltoa)
                  00009542    00000052                                   : _printfi.c.obj (.text:_ecpy)
                  00009594    0000004c                                   : atoi.c.obj (.text:atoi)
                  000095e0    00000048                                   : fd_toi_t2.asm.obj (.text)
                  00009628    00000044                                   : autoinit.c.obj (.text:__TI_auto_init_nobinit_nopinit:__TI_auto_init_nobinit_nopinit)
                  0000966c    00000040                                   : sprintf.c.obj (.text:sprintf)
                  000096ac    0000003e                                   : _printfi.c.obj (.text:_fcpy)
                  000096ea    0000003e     cpu.obj (.text)
                  00009728    00000038     rtsv7M4_T_le_v4SPD16_eabi.lib : boot_cortex_m.c.obj (.text:_c_int00_noargs:_c_int00_noargs)
                  00009760    00000038                                   : fs_tod_t2.asm.obj (.text)
                  00009798    0000002e                                   : i_tofd_t2.asm.obj (.text)
                  000097c6    00000002     --HOLE-- [fill = 0]
                  000097c8    00000020     msp432_startup_ccs.obj (.text)
                  000097e8    00000020     rtsv7M4_T_le_v4SPD16_eabi.lib : u_tofd_t2.asm.obj (.text)
                  00009808    0000001c                                   : memccpy.c.obj (.text:memccpy)
                  00009824    00000018                                   : sprintf.c.obj (.text:_outs)
                  0000983c    00000016                                   : strchr.c.obj (.text:strchr)
                  00009852    00000014                                   : s_copysign.c.obj (.text:copysign)
                  00009866    00000014                                   : strlen.c.obj (.text:strlen)
                  0000987a    00000012                                   : wcslen.c.obj (.text:wcslen)
                  0000988c    0000000e                                   : copy_decompress_none.c.obj (.text:decompress:none:__TI_decompress_none)
                  0000989a    0000000c                                   : copy_zero_init.c.obj (.text:decompress:ZI:__TI_zero_init)
                  000098a6    0000000a                                   : sprintf.c.obj (.text:_outc)
                  000098b0    00000008                                   : errno.c.obj (.text:__aeabi_errno_addr)
                  000098b8    00000004                                   : pre_init.c.obj (.text:_system_pre_init)
                  000098bc    00000004                                   : exit.c.obj (.text:abort:abort)

.const     0    000098c0    00001250     
                  000098c0    00001000     rtsv7M4_T_le_v4SPD16_eabi.lib : s_exp2.c.obj (.const:tbl)
                  0000a8c0    00000101                                   : ctype.c.obj (.const:.string:_ctypes_)
                  0000a9c1    00000003     --HOLE-- [fill = 0]
                  0000a9c4    00000080     adc14.obj (.const:_ctlRegs)
                  0000aa44    00000050     interrupt.obj (.const:g_pulRegs)
                  0000aa94    00000004     --HOLE-- [fill = 0]
                  0000aa98    00000030     rtsv7M4_T_le_v4SPD16_eabi.lib : e_pow.c.obj (.const:$O1$$)
                  0000aac8    00000020     interrupt.obj (.const:g_pulPriority)
                  0000aae8    00000008     interrupt.obj (.const:g_pulDisRegs)
                  0000aaf0    00000008     interrupt.obj (.const:g_pulEnRegs)
                  0000aaf8    00000008     interrupt.obj (.const:g_pulPendRegs)
                  0000ab00    00000008     interrupt.obj (.const:g_pulUnpendRegs)
                  0000ab08    00000008     port.obj (.const)

.cinit     0    0000ab10    00000058     
                  0000ab10    00000023     (.cinit..data.load) [load image, compression = lzss]
                  0000ab33    00000001     --HOLE-- [fill = 0]
                  0000ab34    0000000c     (__TI_handler_table)
                  0000ab40    00000008     (.cinit..bss.load) [load image, compression = zero_init]
                  0000ab48    00000008     (.cinit..vtable.load) [load image, compression = zero_init]
                  0000ab50    00000018     (__TI_cinit_table)

.vtable    0    20000000    000000e4     UNINITIALIZED
                  20000000    000000e4     interrupt.obj (.vtable)

.bss       0    200000e4    0000c10f     UNINITIALIZED
                  200000e4    0000c000     heap_1.obj (.bss:ucHeap)
                  2000c0e4    0000008c     tasks.obj (.bss:pxReadyTasksLists)
                  2000c170    00000014     tasks.obj (.bss:xDelayedTaskList1)
                  2000c184    00000014     tasks.obj (.bss:xDelayedTaskList2)
                  2000c198    00000014     tasks.obj (.bss:xPendingReadyList)
                  2000c1ac    00000014     tasks.obj (.bss:xSuspendedTaskList)
                  2000c1c0    00000014     tasks.obj (.bss:xTasksWaitingTermination)
                  2000c1d4    00000008     cs.obj (.bss)
                  2000c1dc    00000008     tasks.obj (.bss)
                  2000c1e4    00000004     (.common:g_ucUARTBuffer)
                  2000c1e8    00000004     (.common:g_ui32ByteCount)
                  2000c1ec    00000004     (.common:pData)
                  2000c1f0    00000001     (.common:IntIsMasked)
                  2000c1f1    00000001     (.common:ui8DummyRead)
                  2000c1f2    00000001     (.common:ui8Status)

.data      0    2000c1f8    00000075     UNINITIALIZED
                  2000c1f8    00000034     tasks.obj (.data)
                  2000c22c    00000014     i2c_driver.obj (.data:i2cConfig)
                  2000c240    0000000c     port.obj (.data)
                  2000c24c    00000008     heap_1.obj (.data)
                  2000c254    00000004     board.obj (.data)
                  2000c258    00000008     tmp006.obj (.data)
                  2000c260    00000004     cli_uart.obj (.data)
                  2000c264    00000004     rtsv7M4_T_le_v4SPD16_eabi.lib : errno.c.obj (.data)
                  2000c268    00000004     system_msp432p401r.obj (.data)
                  2000c26c    00000001     i2c_driver.obj (.data)

.stack     0    2000fe00    00000200     UNINITIALIZED
                  2000fe00    00000004     rtsv7M4_T_le_v4SPD16_eabi.lib : boot_cortex_m.c.obj (.stack)
                  2000fe04    000001fc     --HOLE--

MODULE SUMMARY

       Module                        code    ro data   rw data
       ------                        ----    -------   -------
    ./
       system_msp432p401r.obj        808     0         4      
       msp432_startup_ccs.obj        32      324       0      
       main.obj                      336     0         0      
    +--+-----------------------------+-------+---------+---------+
       Total:                        1176    324       4      
                                                              
    ./driverslibPAC3/cc3100/board/
       board.obj                     460     0         5      
       cli_uart.obj                  364     0         8      
    +--+-----------------------------+-------+---------+---------+
       Total:                        824     0         13     
                                                              
    ./driverslibPAC3/freertos/cortex-m4/
       port.obj                      648     8         12     
       portasm.obj                   210     0         0      
    +--+-----------------------------+-------+---------+---------+
       Total:                        858     8         12     
                                                              
    ./driverslibPAC3/freertos/src/
       heap_1.obj                    180     0         49160  
       tasks.obj                     6668    0         300    
       list.obj                      298     0         0      
    +--+-----------------------------+-------+---------+---------+
       Total:                        7146    0         49460  
                                                              
    ./driverslibPAC3/msp432/
       cs.obj                        3452    0         8      
       adc14.obj                     2260    128       0      
       pcm.obj                       2104    0         0      
       i2c.obj                       1960    0         0      
       interrupt.obj                 1008    144       228    
       rtc_c.obj                     1288    0         0      
       sysctl.obj                    580     0         0      
       wdt_a.obj                     216     0         0      
       cpu.obj                       62      0         0      
    +--+-----------------------------+-------+---------+---------+
       Total:                        12930   272       236    
                                                              
    ./driverslibPAC3/sensors/
       i2c_driver.obj                1464    0         31     
       tmp006.obj                    1084    0         8      
       opt3001.obj                   364     0         0      
    +--+-----------------------------+-------+---------+---------+
       Total:                        2912    0         39     
                                                              
    ./driverslibPAC3/ti_edu_boosterpack/
       edu_boosterpack_sensors.obj   688     0         0      
    +--+-----------------------------+-------+---------+---------+
       Total:                        688     0         0      
                                                              
    ./driverslibPAC3/ti_msp432_launchpad/
       msp432_launchpad_board.obj    1004    0         0      
    +--+-----------------------------+-------+---------+---------+
       Total:                        1004    0         0      
                                                              
    /Applications/ti/ccsv8/tools/compiler/ti-cgt-arm_18.1.3.LTS/lib/rtsv7M4_T_le_v4SPD16_eabi.lib
       _printfi.c.obj                4863    0         0      
       s_exp2.c.obj                  508     4096      0      
       e_pow.c.obj                   2496    48        0      
       fd_add_t2.asm.obj             438     0         0      
       e_sqrt.c.obj                  344     0         0      
       fd_div_t2.asm.obj             310     0         0      
       s_scalbn.c.obj                272     0         0      
       fd_cmp_t2.asm.obj             268     0         0      
       ctype.c.obj                   0       257       0      
       fd_mul_t2.asm.obj             252     0         0      
       memcpy_t2.asm.obj             156     0         0      
       ull_div_t2.asm.obj            150     0         0      
       memset_t2.asm.obj             122     0         0      
       fd_tos_t2.asm.obj             110     0         0      
       copy_decompress_lzss.c.obj    104     0         0      
       s_frexp.c.obj                 100     0         0      
       sprintf.c.obj                 98      0         0      
       ltoa.c.obj                    84      0         0      
       atoi.c.obj                    76      0         0      
       fd_toi_t2.asm.obj             72      0         0      
       autoinit.c.obj                68      0         0      
       boot_cortex_m.c.obj           56      0         0      
       fs_tod_t2.asm.obj             56      0         0      
       i_tofd_t2.asm.obj             46      0         0      
       u_tofd_t2.asm.obj             32      0         0      
       memccpy.c.obj                 28      0         0      
       strchr.c.obj                  22      0         0      
       s_copysign.c.obj              20      0         0      
       strlen.c.obj                  20      0         0      
       wcslen.c.obj                  18      0         0      
       copy_decompress_none.c.obj    14      0         0      
       copy_zero_init.c.obj          12      0         0      
       errno.c.obj                   8       0         4      
       exit.c.obj                    4       0         0      
       pre_init.c.obj                4       0         0      
       div0.asm.obj                  2       0         0      
    +--+-----------------------------+-------+---------+---------+
       Total:                        11233   4401      4      
                                                              
       Stack:                        0       0         512    
       Linker Generated:             0       87        0      
    +--+-----------------------------+-------+---------+---------+
       Grand Total:                  38771   5092      50280  


LINKER GENERATED COPY TABLES

__TI_cinit_table @ 0000ab50 records: 3, size/record: 8, table size: 24
	.data: load addr=0000ab10, load size=00000023 bytes, run addr=2000c1f8, run size=00000075 bytes, compression=lzss
	.bss: load addr=0000ab40, load size=00000008 bytes, run addr=200000e4, run size=0000c10f bytes, compression=zero_init
	.vtable: load addr=0000ab48, load size=00000008 bytes, run addr=20000000, run size=000000e4 bytes, compression=zero_init


LINKER GENERATED HANDLER TABLE

__TI_handler_table @ 0000ab34 records: 3, size/record: 4, table size: 12
	index: 0, handler: __TI_zero_init
	index: 1, handler: __TI_decompress_lzss
	index: 2, handler: __TI_decompress_none


GLOBAL SYMBOLS: SORTED ALPHABETICALLY BY Name 

address   name                                       
-------   ----                                       
00004539  ADC14_clearInterruptFlag                   
000040e1  ADC14_configureConversionMemory            
00003f89  ADC14_configureMultiSequenceMode           
0000401f  ADC14_configureSingleSampleMode            
00004219  ADC14_disableComparatorWindow              
000040b7  ADC14_disableConversion                    
000044b7  ADC14_disableInterrupt                     
00003e5d  ADC14_disableModule                        
00004437  ADC14_disableReferenceBurst                
00003e9d  ADC14_disableSampleTimer                   
00004189  ADC14_enableComparatorWindow               
00004075  ADC14_enableConversion                     
0000448f  ADC14_enableInterrupt                      
00003e55  ADC14_enableModule                         
00004421  ADC14_enableReferenceBurst                 
00003e73  ADC14_enableSampleTimer                    
00004503  ADC14_getEnabledInterruptStatus            
000044df  ADC14_getInterruptStatus                   
00004341  ADC14_getMultiSequenceResult               
00003f13  ADC14_getResolution                        
00004327  ADC14_getResult                            
000043ad  ADC14_getResultArray                       
00003eb3  ADC14_initModule                           
000040c3  ADC14_isBusy                               
00004565  ADC14_registerInterrupt                    
00004277  ADC14_setComparatorWindowValue             
0000444d  ADC14_setPowerMode                         
00003ef9  ADC14_setResolution                        
000042fd  ADC14_setResultFormat                      
00003f5f  ADC14_setSampleHoldTime                    
00003f1d  ADC14_setSampleHoldTrigger                 
00004095  ADC14_toggleConversionTrigger              
00004579  ADC14_unregisterInterrupt                  
000098bd  C$$EXIT                                    
00007dd5  CC3100_InterruptDisable                    
00007d91  CC3100_InterruptEnable                     
00007d7f  CC3100_disable                             
00007d6d  CC3100_enable                              
000080dd  CLI_Configure                              
0000812b  CLI_Read                                   
0000817d  CLI_Write                                  
0000971f  CPU_basepriGet                             
00009711  CPU_basepriSet                             
000096eb  CPU_cpsid                                  
00009701  CPU_cpsie                                  
000096f7  CPU_primask                                
0000970d  CPU_wfi                                    
00002851  CS_clearInterruptFlag                      
000020f9  CS_disableClockRequest                     
000021df  CS_disableDCOExternalResistor              
00002725  CS_disableFaultCounter                     
0000280f  CS_disableInterrupt                        
000020d1  CS_enableClockRequest                      
00002141  CS_enableDCOExternalResistor               
000026f9  CS_enableFaultCounter                      
000027ed  CS_enableInterrupt                         
00002691  CS_getACLK                                 
00002651  CS_getBCLK                                 
000022d9  CS_getDCOFrequency                         
00002837  CS_getEnabledInterruptStatus               
0000266d  CS_getHSMCLK                               
00002831  CS_getInterruptStatus                      
000026d7  CS_getMCLK                                 
000026b5  CS_getSMCLK                                
00001df1  CS_initClockSignal                         
00002873  CS_registerInterrupt                       
00002751  CS_resetFaultCounter                       
000021fd  CS_setDCOCenteredFrequency                 
00002169  CS_setDCOExternalResistorCalibration       
00002479  CS_setDCOFrequency                         
00001db5  CS_setExternalClockSourceFrequency         
0000211b  CS_setReferenceOscillatorFrequency         
0000279d  CS_startFaultCounter                       
00001ef5  CS_startHFXT                               
00001f19  CS_startHFXTWithTimeout                    
00001fdd  CS_startLFXT                               
00002001  CS_startLFXTWithTimeout                    
00002235  CS_tuneDCOFrequency                        
00002887  CS_unregisterInterrupt                     
00007eb3  Delay                                      
000081d1  EUSCIA0_IRQHandler                         
00005a69  EUSCIB1_IRQHandler                         
00005459  I2C_clearInterruptFlag                     
00005443  I2C_disableInterrupt                       
00004eab  I2C_disableModule                          
0000540d  I2C_disableMultiMasterMode                 
0000542d  I2C_enableInterrupt                        
00004e95  I2C_enableModule                           
000053ed  I2C_enableMultiMasterMode                  
00005487  I2C_getEnabledInterruptStatus              
0000546f  I2C_getInterruptStatus                     
00005497  I2C_getMode                                
00005393  I2C_getReceiveBufferAddressForDMA          
000053a1  I2C_getTransmitBufferAddressForDMA         
000055a1  I2C_init                                   
00004df9  I2C_initMaster                             
00004e5b  I2C_initSlave                              
00004f4f  I2C_isBusBusy                              
000053c1  I2C_masterIsStartSent                      
000053af  I2C_masterIsStopSent                       
000052b9  I2C_masterReceiveMultiByteFinish           
000052f7  I2C_masterReceiveMultiByteFinishWithTimeout
000052a1  I2C_masterReceiveMultiByteNext             
00005355  I2C_masterReceiveMultiByteStop             
00005369  I2C_masterReceiveSingle                    
00004ef1  I2C_masterReceiveSingleByte                
00005287  I2C_masterReceiveStart                     
00005167  I2C_masterSendMultiByteFinish              
000051b5  I2C_masterSendMultiByteFinishWithTimeout   
000050fd  I2C_masterSendMultiByteNext                
00005129  I2C_masterSendMultiByteNextWithTimeout     
00005053  I2C_masterSendMultiByteStart               
000050a1  I2C_masterSendMultiByteStartWithTimeout    
00005221  I2C_masterSendMultiByteStop                
0000524b  I2C_masterSendMultiByteStopWithTimeout     
00004f61  I2C_masterSendSingleByte                   
00004fc7  I2C_masterSendSingleByteWithTimeout        
000053d9  I2C_masterSendStart                        
0000568f  I2C_read                                   
00005995  I2C_read16                                 
000057ab  I2C_readBurst                              
000054ad  I2C_registerInterrupt                      
00004ed5  I2C_setMode                                
00004ec1  I2C_setSlaveAddress                        
00004f3b  I2C_slaveGetData                           
00004f25  I2C_slavePutData                           
0000556f  I2C_slaveSendNAK                           
00005513  I2C_unregisterInterrupt                    
000055bd  I2C_write                                  
000058e1  I2C_write16                                
2000c1f0  IntIsMasked                                
0000665f  Interrupt_disableInterrupt                 
000064af  Interrupt_disableMaster                    
0000685d  Interrupt_disableSleepOnIsrExit            
000065ed  Interrupt_enableInterrupt                  
0000649f  Interrupt_enableMaster                     
0000684b  Interrupt_enableSleepOnIsrExit             
000065c7  Interrupt_getPriority                      
0000653f  Interrupt_getPriorityGrouping              
0000682b  Interrupt_getPriorityMask                  
00006845  Interrupt_getVectorTableAddress            
000066d1  Interrupt_isEnabled                        
0000675d  Interrupt_pendInterrupt                    
000064bf  Interrupt_registerInterrupt                
00006577  Interrupt_setPriority                      
00006525  Interrupt_setPriorityGrouping              
0000681b  Interrupt_setPriorityMask                  
00006835  Interrupt_setVectorTableAddress            
000067cd  Interrupt_unpendInterrupt                  
00006511  Interrupt_unregisterInterrupt              
00007df3  MaskIntHdlr                                
00004d9b  PCM_clearInterruptFlag                     
00004d71  PCM_disableInterrupt                       
00004d49  PCM_disableRudeMode                        
00004d5d  PCM_enableInterrupt                        
00004d37  PCM_enableRudeMode                         
00004743  PCM_getCoreVoltageLevel                    
00004d8b  PCM_getEnabledInterruptStatus              
00004d85  PCM_getInterruptStatus                     
000046e9  PCM_getPowerMode                           
00004d2b  PCM_getPowerState                          
00004c5d  PCM_gotoLPM0                               
00004c7b  PCM_gotoLPM0InterruptSafe                  
00004c97  PCM_gotoLPM3                               
00004d0f  PCM_gotoLPM3InterruptSafe                  
00004c31  PCM_gotoLPM4                               
00004c41  PCM_gotoLPM4InterruptSafe                  
00004daf  PCM_registerInterrupt                      
000046b7  PCM_setCoreVoltageLevel                    
000046d9  PCM_setCoreVoltageLevelNonBlocking         
000046c7  PCM_setCoreVoltageLevelWithTimeout         
000048e9  PCM_setPowerMode                           
000048f9  PCM_setPowerModeNonBlocking                
00004909  PCM_setPowerModeWithTimeout                
00004bbb  PCM_setPowerState                          
00004bdd  PCM_setPowerStateNonBlocking               
00004bcb  PCM_setPowerStateWithTimeout               
00004bed  PCM_shutdownDevice                         
00004dc3  PCM_unregisterInterrupt                    
00007ee3  PORT2_IRQHandler                           
00005fb5  RTC_C_clearInterruptFlag                   
00005dff  RTC_C_convertBCDToBinary                   
00005e17  RTC_C_convertBinaryToBCD                   
00005d5b  RTC_C_definePrescaleEvent                  
00005e85  RTC_C_disableInterrupt                     
00005e2f  RTC_C_enableInterrupt                      
00005c8d  RTC_C_getCalendarTime                      
00005f55  RTC_C_getEnabledInterruptStatus            
00005eed  RTC_C_getInterruptStatus                   
00005d83  RTC_C_getPrescaleValue                     
00005b77  RTC_C_holdClock                            
00005c1b  RTC_C_initCalendar                         
00005ffb  RTC_C_registerInterrupt                    
00005cf3  RTC_C_setCalendarAlarm                     
00005d2b  RTC_C_setCalendarEvent                     
00005bc5  RTC_C_setCalibrationData                   
00005b95  RTC_C_setCalibrationFrequency              
00005daf  RTC_C_setPrescaleValue                     
00005bf1  RTC_C_setTemperatureCompensation           
00005b59  RTC_C_startClock                           
00006019  RTC_C_unregisterInterrupt                  
00007e63  SelAntenna                                 
0000793b  SysCtl_disableGlitchFilter                 
000077cb  SysCtl_disableNMISource                    
000078d3  SysCtl_disablePeripheralAtCPUHalt          
00007815  SysCtl_disableSRAMBank                     
00007899  SysCtl_disableSRAMBankRetention            
0000792f  SysCtl_enableGlitchFilter                  
000077df  SysCtl_enableNMISource                     
000078bf  SysCtl_enablePeripheralAtCPUHalt           
000077f9  SysCtl_enableSRAMBank                      
0000787d  SysCtl_enableSRAMBankRetention             
000077c5  SysCtl_getFlashSize                        
000077f3  SysCtl_getNMISourceStatus                  
000077bf  SysCtl_getSRAMSize                         
00007749  SysCtl_getTLVInfo                          
00007947  SysCtl_getTempCalibrationConstant          
000078b5  SysCtl_rebootDevice                        
0000790b  SysCtl_setWDTPasswordViolationResetType    
000078e7  SysCtl_setWDTTimeoutResetType              
2000c268  SystemCoreClock                            
00006c79  SystemCoreClockUpdate                      
00006eed  SystemInit                                 
00006061  TMP006_init                                
000060a5  TMP006_readAmbientTemperature              
000060cd  TMP006_readObjectTemperature               
00007dfb  UnMaskIntHdlr                              
4000480c  WDTCTL_SYM                                 
00008d65  WDT_A_clearTimer                           
00008d25  WDT_A_holdTimer                            
00008da1  WDT_A_initIntervalTimer                    
00008d85  WDT_A_initWatchdogTimer                    
00008dd5  WDT_A_registerInterrupt                    
00008dbd  WDT_A_setPasswordViolationReset            
00008dc9  WDT_A_setTimeoutReset                      
00008d45  WDT_A_startTimer                           
00008de9  WDT_A_unregisterInterrupt                  
20010000  __STACK_END                                
00000200  __STACK_SIZE                               
0000ab50  __TI_CINIT_Base                            
0000ab68  __TI_CINIT_Limit                           
0000ab34  __TI_Handler_Table_Base                    
0000ab40  __TI_Handler_Table_Limit                   
00009629  __TI_auto_init_nobinit_nopinit             
000093cb  __TI_decompress_lzss                       
0000988d  __TI_decompress_none                       
ffffffff  __TI_pprof_out_hndl                        
000028cd  __TI_printfi                               
ffffffff  __TI_prof_data_size                        
ffffffff  __TI_prof_data_start                       
00000000  __TI_static_base__                         
0000989b  __TI_zero_init                             
00009169  __aeabi_cdcmpeq                            
00009169  __aeabi_cdcmple                            
000091ef  __aeabi_cdrcmple                           
0000935d  __aeabi_d2f                                
000095e1  __aeabi_d2iz                               
00007f2f  __aeabi_dadd                               
00008799  __aeabi_ddiv                               
00008c29  __aeabi_dmul                               
00007f25  __aeabi_dsub                               
000098b1  __aeabi_errno_addr                         
00009761  __aeabi_f2d                                
00009799  __aeabi_i2d                                
0000332b  __aeabi_idiv0                              
0000332b  __aeabi_ldiv0                              
00009275  __aeabi_memclr                             
00009275  __aeabi_memclr4                            
00009275  __aeabi_memclr8                            
00009037  __aeabi_memcpy                             
00009037  __aeabi_memcpy4                            
00009037  __aeabi_memcpy8                            
00009277  __aeabi_memset                             
00009277  __aeabi_memset4                            
00009277  __aeabi_memset8                            
000097e9  __aeabi_ui2d                               
000090d3  __aeabi_uldivmod                           
ffffffff  __binit__                                  
ffffffff  __c_args__                                 
UNDEFED   __mpu_init                                 
2000fe00  __stack                                    
00009729  _c_int00_noargs                            
0000a8c0  _ctypes_                                   
UNDEFED   _system_post_cinit                         
000098b9  _system_pre_init                           
000098bd  abort                                      
00009595  atoi                                       
ffffffff  binit                                      
0000688d  board_init                                 
2000c26c  burstMode                                  
00007e15  clear_rts                                  
2000c260  cli_have_cmd                               
00009853  copysign                                   
00009853  copysignl                                  
0000693d  debug1_off                                 
00006931  debug1_on                                  
00006949  debug1_toggle                              
00006961  debug2_off                                 
00006955  debug2_on                                  
0000696d  debug2_toggle                              
00006985  debug3_off                                 
00006979  debug3_on                                  
00006991  debug3_toggle                              
000069a9  debug4_off                                 
0000699d  debug4_on                                  
000069b5  debug4_toggle                              
00000571  eTaskGetState                              
00006fbf  edu_boosterpack_sensors_acceleration_read  
00006fa1  edu_boosterpack_sensors_init               
000071a9  edu_boosterpack_sensors_light_read         
00007199  edu_boosterpack_sensors_temperature_read   
2000c264  errno                                      
0000798d  exp2                                       
0000798d  exp2l                                      
00009435  frexp                                      
00009435  frexpl                                     
20000000  g_pfnRAMVectors                            
2000c1e4  g_ucUARTBuffer                             
2000c1e8  g_ui32ByteCount                            
00007e27  initAntSelGPIO                             
00000000  interruptVectors                           
00008b19  ldexp                                      
00008b19  ldexpl                                     
000068d1  led_blue_off                               
000068c5  led_blue_on                                
000068dd  led_blue_toggle                            
000068f5  led_green_off                              
000068e9  led_green_on                               
00006901  led_green_toggle                           
00006919  led_red1_off                               
0000690d  led_red1_on                                
00006925  led_red1_toggle                            
000068ad  led_red_off                                
000068a1  led_red_on                                 
000068b9  led_red_toggle                             
000094ef  ltoa                                       
0000857f  main                                       
00009809  memccpy                                    
00009037  memcpy                                     
0000927d  memset                                     
2000c1ec  pData                                      
2000c254  pIraEventHandler                           
00000b45  pcTaskGetName                              
0000332d  pow                                        
0000332d  powl                                       
00008ed1  pvPortMalloc                               
000015cb  pvTaskIncrementMutexHeldCount              
2000c1f8  pxCurrentTCB                               
00007251  pxPortInitialiseStack                      
00007d59  registerInterruptHandler                   
00008b19  scalbn                                     
00008b19  scalbnl                                    
00008347  sensorOpt3001Convert                       
00008255  sensorOpt3001Enable                        
00008249  sensorOpt3001Init                          
00008281  sensorOpt3001Read                          
000082e5  sensorOpt3001Test                          
00007e03  set_rts                                    
0000966d  sprintf                                    
000083b5  sqrt                                       
000083b5  sqrtl                                      
0000983d  strchr                                     
00009867  strlen                                     
2000c1f1  ui8DummyRead                               
2000c1f2  ui8Status                                  
0000ab08  ulMaxSyscallInterruptPriority              
00008e0d  ulPortGetIPSR                              
000015e3  ulTaskNotifyTake                           
000089b1  uxListRemove                               
00000b3b  uxTaskGetNumberOfTasks                     
00000b89  uxTaskGetSystemState                       
000010ff  uxTaskGetTaskNumber                        
0000060d  uxTaskPriorityGet                          
00000639  uxTaskPriorityGetFromISR                   
000015a9  uxTaskResetEventItemValue                  
000088cf  vListInitialise                            
000088ff  vListInitialiseItem                        
0000894b  vListInsert                                
0000890f  vListInsertEnd                             
00008ec1  vPortEnableVFP                             
00007371  vPortEndScheduler                          
00007395  vPortEnterCritical                         
000073d7  vPortExitCritical                          
00008f41  vPortFree                                  
00008f65  vPortInitialiseBlocks                      
00008e85  vPortSVCHandler                            
00007429  vPortSetupTimerInterrupt                   
00008ea5  vPortStartFirstTask                        
00007443  vPortValidateInterruptPriority             
00000509  vTaskDelay                                 
00000427  vTaskDelayUntil                            
0000035d  vTaskDelete                                
000009e1  vTaskEndScheduler                          
00001211  vTaskGetInfo                               
000010f7  vTaskMissedYield                           
0000196b  vTaskNotifyGiveFromISR                     
00000e2f  vTaskPlaceOnEventList                      
00000e69  vTaskPlaceOnUnorderedEventList             
00001415  vTaskPriorityInherit                       
00000681  vTaskPrioritySet                           
000008e1  vTaskResume                                
0000111f  vTaskSetTaskNumber                         
00001021  vTaskSetTimeOutState                       
00000975  vTaskStartScheduler                        
000007b5  vTaskSuspend                               
000009fd  vTaskSuspendAll                            
00000da9  vTaskSwitchContext                         
0000987b  wcslen                                     
00008f6d  xPortGetFreeHeapSize                       
00008e25  xPortPendSVHandler                         
000072dd  xPortStartScheduler                        
00007403  xPortSysTickHandler                        
00001055  xTaskCheckForTimeOut                       
00000145  xTaskCreate                                
00001711  xTaskGenericNotify                         
0000182d  xTaskGenericNotifyFromISR                  
000013e1  xTaskGetCurrentTaskHandle                  
00000b17  xTaskGetTickCount                          
00000b27  xTaskGetTickCountFromISR                   
00000c75  xTaskIncrementTick                         
00001a55  xTaskNotifyStateClear                      
00001661  xTaskNotifyWait                            
000014d5  xTaskPriorityDisinherit                    
00000ed1  xTaskRemoveFromEventList                   
00000f6d  xTaskRemoveFromUnorderedEventList          
00000a15  xTaskResumeAll                             


GLOBAL SYMBOLS: SORTED BY Symbol Address 

address   name                                       
-------   ----                                       
00000000  __TI_static_base__                         
00000000  interruptVectors                           
00000145  xTaskCreate                                
00000200  __STACK_SIZE                               
0000035d  vTaskDelete                                
00000427  vTaskDelayUntil                            
00000509  vTaskDelay                                 
00000571  eTaskGetState                              
0000060d  uxTaskPriorityGet                          
00000639  uxTaskPriorityGetFromISR                   
00000681  vTaskPrioritySet                           
000007b5  vTaskSuspend                               
000008e1  vTaskResume                                
00000975  vTaskStartScheduler                        
000009e1  vTaskEndScheduler                          
000009fd  vTaskSuspendAll                            
00000a15  xTaskResumeAll                             
00000b17  xTaskGetTickCount                          
00000b27  xTaskGetTickCountFromISR                   
00000b3b  uxTaskGetNumberOfTasks                     
00000b45  pcTaskGetName                              
00000b89  uxTaskGetSystemState                       
00000c75  xTaskIncrementTick                         
00000da9  vTaskSwitchContext                         
00000e2f  vTaskPlaceOnEventList                      
00000e69  vTaskPlaceOnUnorderedEventList             
00000ed1  xTaskRemoveFromEventList                   
00000f6d  xTaskRemoveFromUnorderedEventList          
00001021  vTaskSetTimeOutState                       
00001055  xTaskCheckForTimeOut                       
000010f7  vTaskMissedYield                           
000010ff  uxTaskGetTaskNumber                        
0000111f  vTaskSetTaskNumber                         
00001211  vTaskGetInfo                               
000013e1  xTaskGetCurrentTaskHandle                  
00001415  vTaskPriorityInherit                       
000014d5  xTaskPriorityDisinherit                    
000015a9  uxTaskResetEventItemValue                  
000015cb  pvTaskIncrementMutexHeldCount              
000015e3  ulTaskNotifyTake                           
00001661  xTaskNotifyWait                            
00001711  xTaskGenericNotify                         
0000182d  xTaskGenericNotifyFromISR                  
0000196b  vTaskNotifyGiveFromISR                     
00001a55  xTaskNotifyStateClear                      
00001db5  CS_setExternalClockSourceFrequency         
00001df1  CS_initClockSignal                         
00001ef5  CS_startHFXT                               
00001f19  CS_startHFXTWithTimeout                    
00001fdd  CS_startLFXT                               
00002001  CS_startLFXTWithTimeout                    
000020d1  CS_enableClockRequest                      
000020f9  CS_disableClockRequest                     
0000211b  CS_setReferenceOscillatorFrequency         
00002141  CS_enableDCOExternalResistor               
00002169  CS_setDCOExternalResistorCalibration       
000021df  CS_disableDCOExternalResistor              
000021fd  CS_setDCOCenteredFrequency                 
00002235  CS_tuneDCOFrequency                        
000022d9  CS_getDCOFrequency                         
00002479  CS_setDCOFrequency                         
00002651  CS_getBCLK                                 
0000266d  CS_getHSMCLK                               
00002691  CS_getACLK                                 
000026b5  CS_getSMCLK                                
000026d7  CS_getMCLK                                 
000026f9  CS_enableFaultCounter                      
00002725  CS_disableFaultCounter                     
00002751  CS_resetFaultCounter                       
0000279d  CS_startFaultCounter                       
000027ed  CS_enableInterrupt                         
0000280f  CS_disableInterrupt                        
00002831  CS_getInterruptStatus                      
00002837  CS_getEnabledInterruptStatus               
00002851  CS_clearInterruptFlag                      
00002873  CS_registerInterrupt                       
00002887  CS_unregisterInterrupt                     
000028cd  __TI_printfi                               
0000332b  __aeabi_idiv0                              
0000332b  __aeabi_ldiv0                              
0000332d  pow                                        
0000332d  powl                                       
00003e55  ADC14_enableModule                         
00003e5d  ADC14_disableModule                        
00003e73  ADC14_enableSampleTimer                    
00003e9d  ADC14_disableSampleTimer                   
00003eb3  ADC14_initModule                           
00003ef9  ADC14_setResolution                        
00003f13  ADC14_getResolution                        
00003f1d  ADC14_setSampleHoldTrigger                 
00003f5f  ADC14_setSampleHoldTime                    
00003f89  ADC14_configureMultiSequenceMode           
0000401f  ADC14_configureSingleSampleMode            
00004075  ADC14_enableConversion                     
00004095  ADC14_toggleConversionTrigger              
000040b7  ADC14_disableConversion                    
000040c3  ADC14_isBusy                               
000040e1  ADC14_configureConversionMemory            
00004189  ADC14_enableComparatorWindow               
00004219  ADC14_disableComparatorWindow              
00004277  ADC14_setComparatorWindowValue             
000042fd  ADC14_setResultFormat                      
00004327  ADC14_getResult                            
00004341  ADC14_getMultiSequenceResult               
000043ad  ADC14_getResultArray                       
00004421  ADC14_enableReferenceBurst                 
00004437  ADC14_disableReferenceBurst                
0000444d  ADC14_setPowerMode                         
0000448f  ADC14_enableInterrupt                      
000044b7  ADC14_disableInterrupt                     
000044df  ADC14_getInterruptStatus                   
00004503  ADC14_getEnabledInterruptStatus            
00004539  ADC14_clearInterruptFlag                   
00004565  ADC14_registerInterrupt                    
00004579  ADC14_unregisterInterrupt                  
000046b7  PCM_setCoreVoltageLevel                    
000046c7  PCM_setCoreVoltageLevelWithTimeout         
000046d9  PCM_setCoreVoltageLevelNonBlocking         
000046e9  PCM_getPowerMode                           
00004743  PCM_getCoreVoltageLevel                    
000048e9  PCM_setPowerMode                           
000048f9  PCM_setPowerModeNonBlocking                
00004909  PCM_setPowerModeWithTimeout                
00004bbb  PCM_setPowerState                          
00004bcb  PCM_setPowerStateWithTimeout               
00004bdd  PCM_setPowerStateNonBlocking               
00004bed  PCM_shutdownDevice                         
00004c31  PCM_gotoLPM4                               
00004c41  PCM_gotoLPM4InterruptSafe                  
00004c5d  PCM_gotoLPM0                               
00004c7b  PCM_gotoLPM0InterruptSafe                  
00004c97  PCM_gotoLPM3                               
00004d0f  PCM_gotoLPM3InterruptSafe                  
00004d2b  PCM_getPowerState                          
00004d37  PCM_enableRudeMode                         
00004d49  PCM_disableRudeMode                        
00004d5d  PCM_enableInterrupt                        
00004d71  PCM_disableInterrupt                       
00004d85  PCM_getInterruptStatus                     
00004d8b  PCM_getEnabledInterruptStatus              
00004d9b  PCM_clearInterruptFlag                     
00004daf  PCM_registerInterrupt                      
00004dc3  PCM_unregisterInterrupt                    
00004df9  I2C_initMaster                             
00004e5b  I2C_initSlave                              
00004e95  I2C_enableModule                           
00004eab  I2C_disableModule                          
00004ec1  I2C_setSlaveAddress                        
00004ed5  I2C_setMode                                
00004ef1  I2C_masterReceiveSingleByte                
00004f25  I2C_slavePutData                           
00004f3b  I2C_slaveGetData                           
00004f4f  I2C_isBusBusy                              
00004f61  I2C_masterSendSingleByte                   
00004fc7  I2C_masterSendSingleByteWithTimeout        
00005053  I2C_masterSendMultiByteStart               
000050a1  I2C_masterSendMultiByteStartWithTimeout    
000050fd  I2C_masterSendMultiByteNext                
00005129  I2C_masterSendMultiByteNextWithTimeout     
00005167  I2C_masterSendMultiByteFinish              
000051b5  I2C_masterSendMultiByteFinishWithTimeout   
00005221  I2C_masterSendMultiByteStop                
0000524b  I2C_masterSendMultiByteStopWithTimeout     
00005287  I2C_masterReceiveStart                     
000052a1  I2C_masterReceiveMultiByteNext             
000052b9  I2C_masterReceiveMultiByteFinish           
000052f7  I2C_masterReceiveMultiByteFinishWithTimeout
00005355  I2C_masterReceiveMultiByteStop             
00005369  I2C_masterReceiveSingle                    
00005393  I2C_getReceiveBufferAddressForDMA          
000053a1  I2C_getTransmitBufferAddressForDMA         
000053af  I2C_masterIsStopSent                       
000053c1  I2C_masterIsStartSent                      
000053d9  I2C_masterSendStart                        
000053ed  I2C_enableMultiMasterMode                  
0000540d  I2C_disableMultiMasterMode                 
0000542d  I2C_enableInterrupt                        
00005443  I2C_disableInterrupt                       
00005459  I2C_clearInterruptFlag                     
0000546f  I2C_getInterruptStatus                     
00005487  I2C_getEnabledInterruptStatus              
00005497  I2C_getMode                                
000054ad  I2C_registerInterrupt                      
00005513  I2C_unregisterInterrupt                    
0000556f  I2C_slaveSendNAK                           
000055a1  I2C_init                                   
000055bd  I2C_write                                  
0000568f  I2C_read                                   
000057ab  I2C_readBurst                              
000058e1  I2C_write16                                
00005995  I2C_read16                                 
00005a69  EUSCIB1_IRQHandler                         
00005b59  RTC_C_startClock                           
00005b77  RTC_C_holdClock                            
00005b95  RTC_C_setCalibrationFrequency              
00005bc5  RTC_C_setCalibrationData                   
00005bf1  RTC_C_setTemperatureCompensation           
00005c1b  RTC_C_initCalendar                         
00005c8d  RTC_C_getCalendarTime                      
00005cf3  RTC_C_setCalendarAlarm                     
00005d2b  RTC_C_setCalendarEvent                     
00005d5b  RTC_C_definePrescaleEvent                  
00005d83  RTC_C_getPrescaleValue                     
00005daf  RTC_C_setPrescaleValue                     
00005dff  RTC_C_convertBCDToBinary                   
00005e17  RTC_C_convertBinaryToBCD                   
00005e2f  RTC_C_enableInterrupt                      
00005e85  RTC_C_disableInterrupt                     
00005eed  RTC_C_getInterruptStatus                   
00005f55  RTC_C_getEnabledInterruptStatus            
00005fb5  RTC_C_clearInterruptFlag                   
00005ffb  RTC_C_registerInterrupt                    
00006019  RTC_C_unregisterInterrupt                  
00006061  TMP006_init                                
000060a5  TMP006_readAmbientTemperature              
000060cd  TMP006_readObjectTemperature               
0000649f  Interrupt_enableMaster                     
000064af  Interrupt_disableMaster                    
000064bf  Interrupt_registerInterrupt                
00006511  Interrupt_unregisterInterrupt              
00006525  Interrupt_setPriorityGrouping              
0000653f  Interrupt_getPriorityGrouping              
00006577  Interrupt_setPriority                      
000065c7  Interrupt_getPriority                      
000065ed  Interrupt_enableInterrupt                  
0000665f  Interrupt_disableInterrupt                 
000066d1  Interrupt_isEnabled                        
0000675d  Interrupt_pendInterrupt                    
000067cd  Interrupt_unpendInterrupt                  
0000681b  Interrupt_setPriorityMask                  
0000682b  Interrupt_getPriorityMask                  
00006835  Interrupt_setVectorTableAddress            
00006845  Interrupt_getVectorTableAddress            
0000684b  Interrupt_enableSleepOnIsrExit             
0000685d  Interrupt_disableSleepOnIsrExit            
0000688d  board_init                                 
000068a1  led_red_on                                 
000068ad  led_red_off                                
000068b9  led_red_toggle                             
000068c5  led_blue_on                                
000068d1  led_blue_off                               
000068dd  led_blue_toggle                            
000068e9  led_green_on                               
000068f5  led_green_off                              
00006901  led_green_toggle                           
0000690d  led_red1_on                                
00006919  led_red1_off                               
00006925  led_red1_toggle                            
00006931  debug1_on                                  
0000693d  debug1_off                                 
00006949  debug1_toggle                              
00006955  debug2_on                                  
00006961  debug2_off                                 
0000696d  debug2_toggle                              
00006979  debug3_on                                  
00006985  debug3_off                                 
00006991  debug3_toggle                              
0000699d  debug4_on                                  
000069a9  debug4_off                                 
000069b5  debug4_toggle                              
00006c79  SystemCoreClockUpdate                      
00006eed  SystemInit                                 
00006fa1  edu_boosterpack_sensors_init               
00006fbf  edu_boosterpack_sensors_acceleration_read  
00007199  edu_boosterpack_sensors_temperature_read   
000071a9  edu_boosterpack_sensors_light_read         
00007251  pxPortInitialiseStack                      
000072dd  xPortStartScheduler                        
00007371  vPortEndScheduler                          
00007395  vPortEnterCritical                         
000073d7  vPortExitCritical                          
00007403  xPortSysTickHandler                        
00007429  vPortSetupTimerInterrupt                   
00007443  vPortValidateInterruptPriority             
00007749  SysCtl_getTLVInfo                          
000077bf  SysCtl_getSRAMSize                         
000077c5  SysCtl_getFlashSize                        
000077cb  SysCtl_disableNMISource                    
000077df  SysCtl_enableNMISource                     
000077f3  SysCtl_getNMISourceStatus                  
000077f9  SysCtl_enableSRAMBank                      
00007815  SysCtl_disableSRAMBank                     
0000787d  SysCtl_enableSRAMBankRetention             
00007899  SysCtl_disableSRAMBankRetention            
000078b5  SysCtl_rebootDevice                        
000078bf  SysCtl_enablePeripheralAtCPUHalt           
000078d3  SysCtl_disablePeripheralAtCPUHalt          
000078e7  SysCtl_setWDTTimeoutResetType              
0000790b  SysCtl_setWDTPasswordViolationResetType    
0000792f  SysCtl_enableGlitchFilter                  
0000793b  SysCtl_disableGlitchFilter                 
00007947  SysCtl_getTempCalibrationConstant          
0000798d  exp2                                       
0000798d  exp2l                                      
00007d59  registerInterruptHandler                   
00007d6d  CC3100_enable                              
00007d7f  CC3100_disable                             
00007d91  CC3100_InterruptEnable                     
00007dd5  CC3100_InterruptDisable                    
00007df3  MaskIntHdlr                                
00007dfb  UnMaskIntHdlr                              
00007e03  set_rts                                    
00007e15  clear_rts                                  
00007e27  initAntSelGPIO                             
00007e63  SelAntenna                                 
00007eb3  Delay                                      
00007ee3  PORT2_IRQHandler                           
00007f25  __aeabi_dsub                               
00007f2f  __aeabi_dadd                               
000080dd  CLI_Configure                              
0000812b  CLI_Read                                   
0000817d  CLI_Write                                  
000081d1  EUSCIA0_IRQHandler                         
00008249  sensorOpt3001Init                          
00008255  sensorOpt3001Enable                        
00008281  sensorOpt3001Read                          
000082e5  sensorOpt3001Test                          
00008347  sensorOpt3001Convert                       
000083b5  sqrt                                       
000083b5  sqrtl                                      
0000857f  main                                       
00008799  __aeabi_ddiv                               
000088cf  vListInitialise                            
000088ff  vListInitialiseItem                        
0000890f  vListInsertEnd                             
0000894b  vListInsert                                
000089b1  uxListRemove                               
00008b19  ldexp                                      
00008b19  ldexpl                                     
00008b19  scalbn                                     
00008b19  scalbnl                                    
00008c29  __aeabi_dmul                               
00008d25  WDT_A_holdTimer                            
00008d45  WDT_A_startTimer                           
00008d65  WDT_A_clearTimer                           
00008d85  WDT_A_initWatchdogTimer                    
00008da1  WDT_A_initIntervalTimer                    
00008dbd  WDT_A_setPasswordViolationReset            
00008dc9  WDT_A_setTimeoutReset                      
00008dd5  WDT_A_registerInterrupt                    
00008de9  WDT_A_unregisterInterrupt                  
00008e0d  ulPortGetIPSR                              
00008e25  xPortPendSVHandler                         
00008e85  vPortSVCHandler                            
00008ea5  vPortStartFirstTask                        
00008ec1  vPortEnableVFP                             
00008ed1  pvPortMalloc                               
00008f41  vPortFree                                  
00008f65  vPortInitialiseBlocks                      
00008f6d  xPortGetFreeHeapSize                       
00009037  __aeabi_memcpy                             
00009037  __aeabi_memcpy4                            
00009037  __aeabi_memcpy8                            
00009037  memcpy                                     
000090d3  __aeabi_uldivmod                           
00009169  __aeabi_cdcmpeq                            
00009169  __aeabi_cdcmple                            
000091ef  __aeabi_cdrcmple                           
00009275  __aeabi_memclr                             
00009275  __aeabi_memclr4                            
00009275  __aeabi_memclr8                            
00009277  __aeabi_memset                             
00009277  __aeabi_memset4                            
00009277  __aeabi_memset8                            
0000927d  memset                                     
0000935d  __aeabi_d2f                                
000093cb  __TI_decompress_lzss                       
00009435  frexp                                      
00009435  frexpl                                     
000094ef  ltoa                                       
00009595  atoi                                       
000095e1  __aeabi_d2iz                               
00009629  __TI_auto_init_nobinit_nopinit             
0000966d  sprintf                                    
000096eb  CPU_cpsid                                  
000096f7  CPU_primask                                
00009701  CPU_cpsie                                  
0000970d  CPU_wfi                                    
00009711  CPU_basepriSet                             
0000971f  CPU_basepriGet                             
00009729  _c_int00_noargs                            
00009761  __aeabi_f2d                                
00009799  __aeabi_i2d                                
000097e9  __aeabi_ui2d                               
00009809  memccpy                                    
0000983d  strchr                                     
00009853  copysign                                   
00009853  copysignl                                  
00009867  strlen                                     
0000987b  wcslen                                     
0000988d  __TI_decompress_none                       
0000989b  __TI_zero_init                             
000098b1  __aeabi_errno_addr                         
000098b9  _system_pre_init                           
000098bd  C$$EXIT                                    
000098bd  abort                                      
0000a8c0  _ctypes_                                   
0000ab08  ulMaxSyscallInterruptPriority              
0000ab34  __TI_Handler_Table_Base                    
0000ab40  __TI_Handler_Table_Limit                   
0000ab50  __TI_CINIT_Base                            
0000ab68  __TI_CINIT_Limit                           
20000000  g_pfnRAMVectors                            
2000c1e4  g_ucUARTBuffer                             
2000c1e8  g_ui32ByteCount                            
2000c1ec  pData                                      
2000c1f0  IntIsMasked                                
2000c1f1  ui8DummyRead                               
2000c1f2  ui8Status                                  
2000c1f8  pxCurrentTCB                               
2000c254  pIraEventHandler                           
2000c260  cli_have_cmd                               
2000c264  errno                                      
2000c268  SystemCoreClock                            
2000c26c  burstMode                                  
2000fe00  __stack                                    
20010000  __STACK_END                                
4000480c  WDTCTL_SYM                                 
ffffffff  __TI_pprof_out_hndl                        
ffffffff  __TI_prof_data_size                        
ffffffff  __TI_prof_data_start                       
ffffffff  __binit__                                  
ffffffff  __c_args__                                 
ffffffff  binit                                      
UNDEFED   __mpu_init                                 
UNDEFED   _system_post_cinit                         

[426 symbols]
