<?xml version="1.0" encoding="ISO-8859-1" ?>
<link_info>
   <banner>TI ARM Linker Unix v18.1.3.LTS</banner>
   <copyright>Copyright (c) 1996-2017 Texas Instruments Incorporated</copyright>
   <link_time>0x5bf7734a</link_time>
   <link_errors>0x0</link_errors>
   <output_file>PAC3_enunciat2.out</output_file>
   <entry_point>
      <name>_c_int00_noargs</name>
      <address>0x9729</address>
   </entry_point>
   <input_file_list>
      <input_file id="fl-2">
         <path>./</path>
         <kind>object</kind>
         <file>main.obj</file>
         <name>main.obj</name>
      </input_file>
      <input_file id="fl-3">
         <path>./</path>
         <kind>object</kind>
         <file>msp432_startup_ccs.obj</file>
         <name>msp432_startup_ccs.obj</name>
      </input_file>
      <input_file id="fl-4">
         <path>./</path>
         <kind>object</kind>
         <file>system_msp432p401r.obj</file>
         <name>system_msp432p401r.obj</name>
      </input_file>
      <input_file id="fl-5">
         <path>./driverslibPAC3/cc3100/board/</path>
         <kind>object</kind>
         <file>board.obj</file>
         <name>board.obj</name>
      </input_file>
      <input_file id="fl-6">
         <path>./driverslibPAC3/cc3100/board/</path>
         <kind>object</kind>
         <file>cli_uart.obj</file>
         <name>cli_uart.obj</name>
      </input_file>
      <input_file id="fl-7">
         <path>./driverslibPAC3/cc3100/board/</path>
         <kind>object</kind>
         <file>spi_cc3100.obj</file>
         <name>spi_cc3100.obj</name>
      </input_file>
      <input_file id="fl-8">
         <path>./driverslibPAC3/cc3100/oslib/</path>
         <kind>object</kind>
         <file>osi_freertos.obj</file>
         <name>osi_freertos.obj</name>
      </input_file>
      <input_file id="fl-9">
         <path>./driverslibPAC3/cc3100/simplelink/source/</path>
         <kind>object</kind>
         <file>device.obj</file>
         <name>device.obj</name>
      </input_file>
      <input_file id="fl-a">
         <path>./driverslibPAC3/cc3100/simplelink/source/</path>
         <kind>object</kind>
         <file>driver.obj</file>
         <name>driver.obj</name>
      </input_file>
      <input_file id="fl-b">
         <path>./driverslibPAC3/cc3100/simplelink/source/</path>
         <kind>object</kind>
         <file>flowcont.obj</file>
         <name>flowcont.obj</name>
      </input_file>
      <input_file id="fl-c">
         <path>./driverslibPAC3/cc3100/simplelink/source/</path>
         <kind>object</kind>
         <file>fs.obj</file>
         <name>fs.obj</name>
      </input_file>
      <input_file id="fl-d">
         <path>./driverslibPAC3/cc3100/simplelink/source/</path>
         <kind>object</kind>
         <file>netapp.obj</file>
         <name>netapp.obj</name>
      </input_file>
      <input_file id="fl-e">
         <path>./driverslibPAC3/cc3100/simplelink/source/</path>
         <kind>object</kind>
         <file>netcfg.obj</file>
         <name>netcfg.obj</name>
      </input_file>
      <input_file id="fl-f">
         <path>./driverslibPAC3/cc3100/simplelink/source/</path>
         <kind>object</kind>
         <file>socket.obj</file>
         <name>socket.obj</name>
      </input_file>
      <input_file id="fl-10">
         <path>./driverslibPAC3/cc3100/simplelink/source/</path>
         <kind>object</kind>
         <file>spawn.obj</file>
         <name>spawn.obj</name>
      </input_file>
      <input_file id="fl-11">
         <path>./driverslibPAC3/cc3100/simplelink/source/</path>
         <kind>object</kind>
         <file>wlan.obj</file>
         <name>wlan.obj</name>
      </input_file>
      <input_file id="fl-12">
         <path>./driverslibPAC3/freertos/cortex-m4/</path>
         <kind>object</kind>
         <file>port.obj</file>
         <name>port.obj</name>
      </input_file>
      <input_file id="fl-13">
         <path>./driverslibPAC3/freertos/cortex-m4/</path>
         <kind>object</kind>
         <file>portasm.obj</file>
         <name>portasm.obj</name>
      </input_file>
      <input_file id="fl-14">
         <path>./driverslibPAC3/freertos/src/</path>
         <kind>object</kind>
         <file>croutine.obj</file>
         <name>croutine.obj</name>
      </input_file>
      <input_file id="fl-15">
         <path>./driverslibPAC3/freertos/src/</path>
         <kind>object</kind>
         <file>event_groups.obj</file>
         <name>event_groups.obj</name>
      </input_file>
      <input_file id="fl-16">
         <path>./driverslibPAC3/freertos/src/</path>
         <kind>object</kind>
         <file>heap_1.obj</file>
         <name>heap_1.obj</name>
      </input_file>
      <input_file id="fl-17">
         <path>./driverslibPAC3/freertos/src/</path>
         <kind>object</kind>
         <file>list.obj</file>
         <name>list.obj</name>
      </input_file>
      <input_file id="fl-18">
         <path>./driverslibPAC3/freertos/src/</path>
         <kind>object</kind>
         <file>queue.obj</file>
         <name>queue.obj</name>
      </input_file>
      <input_file id="fl-19">
         <path>./driverslibPAC3/freertos/src/</path>
         <kind>object</kind>
         <file>tasks.obj</file>
         <name>tasks.obj</name>
      </input_file>
      <input_file id="fl-1a">
         <path>./driverslibPAC3/freertos/src/</path>
         <kind>object</kind>
         <file>timers.obj</file>
         <name>timers.obj</name>
      </input_file>
      <input_file id="fl-1b">
         <path>./driverslibPAC3/msp432/</path>
         <kind>object</kind>
         <file>adc14.obj</file>
         <name>adc14.obj</name>
      </input_file>
      <input_file id="fl-1c">
         <path>./driverslibPAC3/msp432/</path>
         <kind>object</kind>
         <file>aes256.obj</file>
         <name>aes256.obj</name>
      </input_file>
      <input_file id="fl-1d">
         <path>./driverslibPAC3/msp432/</path>
         <kind>object</kind>
         <file>comp_e.obj</file>
         <name>comp_e.obj</name>
      </input_file>
      <input_file id="fl-1e">
         <path>./driverslibPAC3/msp432/</path>
         <kind>object</kind>
         <file>cpu.obj</file>
         <name>cpu.obj</name>
      </input_file>
      <input_file id="fl-1f">
         <path>./driverslibPAC3/msp432/</path>
         <kind>object</kind>
         <file>crc32.obj</file>
         <name>crc32.obj</name>
      </input_file>
      <input_file id="fl-20">
         <path>./driverslibPAC3/msp432/</path>
         <kind>object</kind>
         <file>cs.obj</file>
         <name>cs.obj</name>
      </input_file>
      <input_file id="fl-21">
         <path>./driverslibPAC3/msp432/</path>
         <kind>object</kind>
         <file>dma.obj</file>
         <name>dma.obj</name>
      </input_file>
      <input_file id="fl-22">
         <path>./driverslibPAC3/msp432/</path>
         <kind>object</kind>
         <file>flash.obj</file>
         <name>flash.obj</name>
      </input_file>
      <input_file id="fl-23">
         <path>./driverslibPAC3/msp432/</path>
         <kind>object</kind>
         <file>fpu.obj</file>
         <name>fpu.obj</name>
      </input_file>
      <input_file id="fl-24">
         <path>./driverslibPAC3/msp432/</path>
         <kind>object</kind>
         <file>gpio.obj</file>
         <name>gpio.obj</name>
      </input_file>
      <input_file id="fl-25">
         <path>./driverslibPAC3/msp432/</path>
         <kind>object</kind>
         <file>i2c.obj</file>
         <name>i2c.obj</name>
      </input_file>
      <input_file id="fl-26">
         <path>./driverslibPAC3/msp432/</path>
         <kind>object</kind>
         <file>interrupt.obj</file>
         <name>interrupt.obj</name>
      </input_file>
      <input_file id="fl-27">
         <path>./driverslibPAC3/msp432/</path>
         <kind>object</kind>
         <file>mpu.obj</file>
         <name>mpu.obj</name>
      </input_file>
      <input_file id="fl-28">
         <path>./driverslibPAC3/msp432/</path>
         <kind>object</kind>
         <file>pcm.obj</file>
         <name>pcm.obj</name>
      </input_file>
      <input_file id="fl-29">
         <path>./driverslibPAC3/msp432/</path>
         <kind>object</kind>
         <file>pmap.obj</file>
         <name>pmap.obj</name>
      </input_file>
      <input_file id="fl-2a">
         <path>./driverslibPAC3/msp432/</path>
         <kind>object</kind>
         <file>pss.obj</file>
         <name>pss.obj</name>
      </input_file>
      <input_file id="fl-2b">
         <path>./driverslibPAC3/msp432/</path>
         <kind>object</kind>
         <file>ref_a.obj</file>
         <name>ref_a.obj</name>
      </input_file>
      <input_file id="fl-2c">
         <path>./driverslibPAC3/msp432/</path>
         <kind>object</kind>
         <file>reset.obj</file>
         <name>reset.obj</name>
      </input_file>
      <input_file id="fl-2d">
         <path>./driverslibPAC3/msp432/</path>
         <kind>object</kind>
         <file>rtc_c.obj</file>
         <name>rtc_c.obj</name>
      </input_file>
      <input_file id="fl-2e">
         <path>./driverslibPAC3/msp432/</path>
         <kind>object</kind>
         <file>spi.obj</file>
         <name>spi.obj</name>
      </input_file>
      <input_file id="fl-2f">
         <path>./driverslibPAC3/msp432/</path>
         <kind>object</kind>
         <file>sysctl.obj</file>
         <name>sysctl.obj</name>
      </input_file>
      <input_file id="fl-30">
         <path>./driverslibPAC3/msp432/</path>
         <kind>object</kind>
         <file>systick.obj</file>
         <name>systick.obj</name>
      </input_file>
      <input_file id="fl-31">
         <path>./driverslibPAC3/msp432/</path>
         <kind>object</kind>
         <file>timer32.obj</file>
         <name>timer32.obj</name>
      </input_file>
      <input_file id="fl-32">
         <path>./driverslibPAC3/msp432/</path>
         <kind>object</kind>
         <file>timer_a.obj</file>
         <name>timer_a.obj</name>
      </input_file>
      <input_file id="fl-33">
         <path>./driverslibPAC3/msp432/</path>
         <kind>object</kind>
         <file>uart.obj</file>
         <name>uart.obj</name>
      </input_file>
      <input_file id="fl-34">
         <path>./driverslibPAC3/msp432/</path>
         <kind>object</kind>
         <file>wdt_a.obj</file>
         <name>wdt_a.obj</name>
      </input_file>
      <input_file id="fl-35">
         <path>./driverslibPAC3/sensors/</path>
         <kind>object</kind>
         <file>bme280.obj</file>
         <name>bme280.obj</name>
      </input_file>
      <input_file id="fl-36">
         <path>./driverslibPAC3/sensors/</path>
         <kind>object</kind>
         <file>bme280_support.obj</file>
         <name>bme280_support.obj</name>
      </input_file>
      <input_file id="fl-37">
         <path>./driverslibPAC3/sensors/</path>
         <kind>object</kind>
         <file>bmi160.obj</file>
         <name>bmi160.obj</name>
      </input_file>
      <input_file id="fl-38">
         <path>./driverslibPAC3/sensors/</path>
         <kind>object</kind>
         <file>bmi160_support.obj</file>
         <name>bmi160_support.obj</name>
      </input_file>
      <input_file id="fl-39">
         <path>./driverslibPAC3/sensors/</path>
         <kind>object</kind>
         <file>bmx_utils.obj</file>
         <name>bmx_utils.obj</name>
      </input_file>
      <input_file id="fl-3a">
         <path>./driverslibPAC3/sensors/</path>
         <kind>object</kind>
         <file>i2c_driver.obj</file>
         <name>i2c_driver.obj</name>
      </input_file>
      <input_file id="fl-3b">
         <path>./driverslibPAC3/sensors/</path>
         <kind>object</kind>
         <file>opt3001.obj</file>
         <name>opt3001.obj</name>
      </input_file>
      <input_file id="fl-3c">
         <path>./driverslibPAC3/sensors/</path>
         <kind>object</kind>
         <file>tmp006.obj</file>
         <name>tmp006.obj</name>
      </input_file>
      <input_file id="fl-3d">
         <path>./driverslibPAC3/sensors/</path>
         <kind>object</kind>
         <file>tmp007.obj</file>
         <name>tmp007.obj</name>
      </input_file>
      <input_file id="fl-3e">
         <path>./driverslibPAC3/sntp/</path>
         <kind>object</kind>
         <file>sntp.obj</file>
         <name>sntp.obj</name>
      </input_file>
      <input_file id="fl-3f">
         <path>./driverslibPAC3/ti_cc3100_boosterpack/</path>
         <kind>object</kind>
         <file>cc3100_boosterpack.obj</file>
         <name>cc3100_boosterpack.obj</name>
      </input_file>
      <input_file id="fl-40">
         <path>./driverslibPAC3/ti_edu_boosterpack/</path>
         <kind>object</kind>
         <file>edu_boosterpack_buttons.obj</file>
         <name>edu_boosterpack_buttons.obj</name>
      </input_file>
      <input_file id="fl-41">
         <path>./driverslibPAC3/ti_edu_boosterpack/</path>
         <kind>object</kind>
         <file>edu_boosterpack_buzzer.obj</file>
         <name>edu_boosterpack_buzzer.obj</name>
      </input_file>
      <input_file id="fl-42">
         <path>./driverslibPAC3/ti_edu_boosterpack/</path>
         <kind>object</kind>
         <file>edu_boosterpack_microphone.obj</file>
         <name>edu_boosterpack_microphone.obj</name>
      </input_file>
      <input_file id="fl-43">
         <path>./driverslibPAC3/ti_edu_boosterpack/</path>
         <kind>object</kind>
         <file>edu_boosterpack_rgb.obj</file>
         <name>edu_boosterpack_rgb.obj</name>
      </input_file>
      <input_file id="fl-44">
         <path>./driverslibPAC3/ti_edu_boosterpack/</path>
         <kind>object</kind>
         <file>edu_boosterpack_sensors.obj</file>
         <name>edu_boosterpack_sensors.obj</name>
      </input_file>
      <input_file id="fl-45">
         <path>./driverslibPAC3/ti_msp432_launchpad/</path>
         <kind>object</kind>
         <file>msp432_launchpad_board.obj</file>
         <name>msp432_launchpad_board.obj</name>
      </input_file>
      <input_file id="fl-46">
         <path>./driverslibPAC3/ti_msp432_launchpad/</path>
         <kind>object</kind>
         <file>msp432_launchpad_temperature.obj</file>
         <name>msp432_launchpad_temperature.obj</name>
      </input_file>
      <input_file id="fl-4a">
         <kind>object</kind>
         <file>&lt;internal&gt;</file>
         <name>&lt;internal&gt;</name>
      </input_file>
      <input_file id="fl-100">
         <path>/Applications/ti/ccsv8/tools/compiler/ti-cgt-arm_18.1.3.LTS/lib/</path>
         <kind>archive</kind>
         <file>rtsv7M4_T_le_v4SPD16_eabi.lib</file>
         <name>e_pow.c.obj</name>
      </input_file>
      <input_file id="fl-101">
         <path>/Applications/ti/ccsv8/tools/compiler/ti-cgt-arm_18.1.3.LTS/lib/</path>
         <kind>archive</kind>
         <file>rtsv7M4_T_le_v4SPD16_eabi.lib</file>
         <name>e_sqrt.c.obj</name>
      </input_file>
      <input_file id="fl-102">
         <path>/Applications/ti/ccsv8/tools/compiler/ti-cgt-arm_18.1.3.LTS/lib/</path>
         <kind>archive</kind>
         <file>rtsv7M4_T_le_v4SPD16_eabi.lib</file>
         <name>s_exp2.c.obj</name>
      </input_file>
      <input_file id="fl-103">
         <path>/Applications/ti/ccsv8/tools/compiler/ti-cgt-arm_18.1.3.LTS/lib/</path>
         <kind>archive</kind>
         <file>rtsv7M4_T_le_v4SPD16_eabi.lib</file>
         <name>s_scalbn.c.obj</name>
      </input_file>
      <input_file id="fl-104">
         <path>/Applications/ti/ccsv8/tools/compiler/ti-cgt-arm_18.1.3.LTS/lib/</path>
         <kind>archive</kind>
         <file>rtsv7M4_T_le_v4SPD16_eabi.lib</file>
         <name>s_copysign.c.obj</name>
      </input_file>
      <input_file id="fl-105">
         <path>/Applications/ti/ccsv8/tools/compiler/ti-cgt-arm_18.1.3.LTS/lib/</path>
         <kind>archive</kind>
         <file>rtsv7M4_T_le_v4SPD16_eabi.lib</file>
         <name>memset_t2.asm.obj</name>
      </input_file>
      <input_file id="fl-106">
         <path>/Applications/ti/ccsv8/tools/compiler/ti-cgt-arm_18.1.3.LTS/lib/</path>
         <kind>archive</kind>
         <file>rtsv7M4_T_le_v4SPD16_eabi.lib</file>
         <name>ll_div_t2.asm.obj</name>
      </input_file>
      <input_file id="fl-107">
         <path>/Applications/ti/ccsv8/tools/compiler/ti-cgt-arm_18.1.3.LTS/lib/</path>
         <kind>archive</kind>
         <file>rtsv7M4_T_le_v4SPD16_eabi.lib</file>
         <name>ull_div_t2.asm.obj</name>
      </input_file>
      <input_file id="fl-108">
         <path>/Applications/ti/ccsv8/tools/compiler/ti-cgt-arm_18.1.3.LTS/lib/</path>
         <kind>archive</kind>
         <file>rtsv7M4_T_le_v4SPD16_eabi.lib</file>
         <name>fd_add_t2.asm.obj</name>
      </input_file>
      <input_file id="fl-109">
         <path>/Applications/ti/ccsv8/tools/compiler/ti-cgt-arm_18.1.3.LTS/lib/</path>
         <kind>archive</kind>
         <file>rtsv7M4_T_le_v4SPD16_eabi.lib</file>
         <name>fd_cmp_t2.asm.obj</name>
      </input_file>
      <input_file id="fl-10a">
         <path>/Applications/ti/ccsv8/tools/compiler/ti-cgt-arm_18.1.3.LTS/lib/</path>
         <kind>archive</kind>
         <file>rtsv7M4_T_le_v4SPD16_eabi.lib</file>
         <name>fd_div_t2.asm.obj</name>
      </input_file>
      <input_file id="fl-10b">
         <path>/Applications/ti/ccsv8/tools/compiler/ti-cgt-arm_18.1.3.LTS/lib/</path>
         <kind>archive</kind>
         <file>rtsv7M4_T_le_v4SPD16_eabi.lib</file>
         <name>fd_mul_t2.asm.obj</name>
      </input_file>
      <input_file id="fl-10c">
         <path>/Applications/ti/ccsv8/tools/compiler/ti-cgt-arm_18.1.3.LTS/lib/</path>
         <kind>archive</kind>
         <file>rtsv7M4_T_le_v4SPD16_eabi.lib</file>
         <name>fd_toi_t2.asm.obj</name>
      </input_file>
      <input_file id="fl-10d">
         <path>/Applications/ti/ccsv8/tools/compiler/ti-cgt-arm_18.1.3.LTS/lib/</path>
         <kind>archive</kind>
         <file>rtsv7M4_T_le_v4SPD16_eabi.lib</file>
         <name>fd_tos_t2.asm.obj</name>
      </input_file>
      <input_file id="fl-10e">
         <path>/Applications/ti/ccsv8/tools/compiler/ti-cgt-arm_18.1.3.LTS/lib/</path>
         <kind>archive</kind>
         <file>rtsv7M4_T_le_v4SPD16_eabi.lib</file>
         <name>fs_tod_t2.asm.obj</name>
      </input_file>
      <input_file id="fl-10f">
         <path>/Applications/ti/ccsv8/tools/compiler/ti-cgt-arm_18.1.3.LTS/lib/</path>
         <kind>archive</kind>
         <file>rtsv7M4_T_le_v4SPD16_eabi.lib</file>
         <name>i_tofd_t2.asm.obj</name>
      </input_file>
      <input_file id="fl-110">
         <path>/Applications/ti/ccsv8/tools/compiler/ti-cgt-arm_18.1.3.LTS/lib/</path>
         <kind>archive</kind>
         <file>rtsv7M4_T_le_v4SPD16_eabi.lib</file>
         <name>ll_mul_t2.asm.obj</name>
      </input_file>
      <input_file id="fl-111">
         <path>/Applications/ti/ccsv8/tools/compiler/ti-cgt-arm_18.1.3.LTS/lib/</path>
         <kind>archive</kind>
         <file>rtsv7M4_T_le_v4SPD16_eabi.lib</file>
         <name>memcpy_t2.asm.obj</name>
      </input_file>
      <input_file id="fl-112">
         <path>/Applications/ti/ccsv8/tools/compiler/ti-cgt-arm_18.1.3.LTS/lib/</path>
         <kind>archive</kind>
         <file>rtsv7M4_T_le_v4SPD16_eabi.lib</file>
         <name>u_tofd_t2.asm.obj</name>
      </input_file>
      <input_file id="fl-113">
         <path>/Applications/ti/ccsv8/tools/compiler/ti-cgt-arm_18.1.3.LTS/lib/</path>
         <kind>archive</kind>
         <file>rtsv7M4_T_le_v4SPD16_eabi.lib</file>
         <name>copy_zero_init.c.obj</name>
      </input_file>
      <input_file id="fl-114">
         <path>/Applications/ti/ccsv8/tools/compiler/ti-cgt-arm_18.1.3.LTS/lib/</path>
         <kind>archive</kind>
         <file>rtsv7M4_T_le_v4SPD16_eabi.lib</file>
         <name>copy_decompress_none.c.obj</name>
      </input_file>
      <input_file id="fl-115">
         <path>/Applications/ti/ccsv8/tools/compiler/ti-cgt-arm_18.1.3.LTS/lib/</path>
         <kind>archive</kind>
         <file>rtsv7M4_T_le_v4SPD16_eabi.lib</file>
         <name>copy_decompress_lzss.c.obj</name>
      </input_file>
      <input_file id="fl-116">
         <path>/Applications/ti/ccsv8/tools/compiler/ti-cgt-arm_18.1.3.LTS/lib/</path>
         <kind>archive</kind>
         <file>rtsv7M4_T_le_v4SPD16_eabi.lib</file>
         <name>sprintf.c.obj</name>
      </input_file>
      <input_file id="fl-117">
         <path>/Applications/ti/ccsv8/tools/compiler/ti-cgt-arm_18.1.3.LTS/lib/</path>
         <kind>archive</kind>
         <file>rtsv7M4_T_le_v4SPD16_eabi.lib</file>
         <name>strlen.c.obj</name>
      </input_file>
      <input_file id="fl-118">
         <path>/Applications/ti/ccsv8/tools/compiler/ti-cgt-arm_18.1.3.LTS/lib/</path>
         <kind>archive</kind>
         <file>rtsv7M4_T_le_v4SPD16_eabi.lib</file>
         <name>strtok.c.obj</name>
      </input_file>
      <input_file id="fl-119">
         <path>/Applications/ti/ccsv8/tools/compiler/ti-cgt-arm_18.1.3.LTS/lib/</path>
         <kind>archive</kind>
         <file>rtsv7M4_T_le_v4SPD16_eabi.lib</file>
         <name>strtol.c.obj</name>
      </input_file>
      <input_file id="fl-11a">
         <path>/Applications/ti/ccsv8/tools/compiler/ti-cgt-arm_18.1.3.LTS/lib/</path>
         <kind>archive</kind>
         <file>rtsv7M4_T_le_v4SPD16_eabi.lib</file>
         <name>errno.c.obj</name>
      </input_file>
      <input_file id="fl-11b">
         <path>/Applications/ti/ccsv8/tools/compiler/ti-cgt-arm_18.1.3.LTS/lib/</path>
         <kind>archive</kind>
         <file>rtsv7M4_T_le_v4SPD16_eabi.lib</file>
         <name>boot_cortex_m.c.obj</name>
      </input_file>
      <input_file id="fl-11c">
         <path>/Applications/ti/ccsv8/tools/compiler/ti-cgt-arm_18.1.3.LTS/lib/</path>
         <kind>archive</kind>
         <file>rtsv7M4_T_le_v4SPD16_eabi.lib</file>
         <name>div0.asm.obj</name>
      </input_file>
      <input_file id="fl-11d">
         <path>/Applications/ti/ccsv8/tools/compiler/ti-cgt-arm_18.1.3.LTS/lib/</path>
         <kind>archive</kind>
         <file>rtsv7M4_T_le_v4SPD16_eabi.lib</file>
         <name>autoinit.c.obj</name>
      </input_file>
      <input_file id="fl-11e">
         <path>/Applications/ti/ccsv8/tools/compiler/ti-cgt-arm_18.1.3.LTS/lib/</path>
         <kind>archive</kind>
         <file>rtsv7M4_T_le_v4SPD16_eabi.lib</file>
         <name>pre_init.c.obj</name>
      </input_file>
      <input_file id="fl-11f">
         <path>/Applications/ti/ccsv8/tools/compiler/ti-cgt-arm_18.1.3.LTS/lib/</path>
         <kind>archive</kind>
         <file>rtsv7M4_T_le_v4SPD16_eabi.lib</file>
         <name>cpy_tbl.c.obj</name>
      </input_file>
      <input_file id="fl-120">
         <path>/Applications/ti/ccsv8/tools/compiler/ti-cgt-arm_18.1.3.LTS/lib/</path>
         <kind>archive</kind>
         <file>rtsv7M4_T_le_v4SPD16_eabi.lib</file>
         <name>exit.c.obj</name>
      </input_file>
      <input_file id="fl-121">
         <path>/Applications/ti/ccsv8/tools/compiler/ti-cgt-arm_18.1.3.LTS/lib/</path>
         <kind>archive</kind>
         <file>rtsv7M4_T_le_v4SPD16_eabi.lib</file>
         <name>_lock.c.obj</name>
      </input_file>
      <input_file id="fl-122">
         <path>/Applications/ti/ccsv8/tools/compiler/ti-cgt-arm_18.1.3.LTS/lib/</path>
         <kind>archive</kind>
         <file>rtsv7M4_T_le_v4SPD16_eabi.lib</file>
         <name>_printfi.c.obj</name>
      </input_file>
      <input_file id="fl-123">
         <path>/Applications/ti/ccsv8/tools/compiler/ti-cgt-arm_18.1.3.LTS/lib/</path>
         <kind>archive</kind>
         <file>rtsv7M4_T_le_v4SPD16_eabi.lib</file>
         <name>args_main.c.obj</name>
      </input_file>
      <input_file id="fl-124">
         <path>/Applications/ti/ccsv8/tools/compiler/ti-cgt-arm_18.1.3.LTS/lib/</path>
         <kind>archive</kind>
         <file>rtsv7M4_T_le_v4SPD16_eabi.lib</file>
         <name>atoi.c.obj</name>
      </input_file>
      <input_file id="fl-125">
         <path>/Applications/ti/ccsv8/tools/compiler/ti-cgt-arm_18.1.3.LTS/lib/</path>
         <kind>archive</kind>
         <file>rtsv7M4_T_le_v4SPD16_eabi.lib</file>
         <name>ctype.c.obj</name>
      </input_file>
      <input_file id="fl-126">
         <path>/Applications/ti/ccsv8/tools/compiler/ti-cgt-arm_18.1.3.LTS/lib/</path>
         <kind>archive</kind>
         <file>rtsv7M4_T_le_v4SPD16_eabi.lib</file>
         <name>ltoa.c.obj</name>
      </input_file>
      <input_file id="fl-127">
         <path>/Applications/ti/ccsv8/tools/compiler/ti-cgt-arm_18.1.3.LTS/lib/</path>
         <kind>archive</kind>
         <file>rtsv7M4_T_le_v4SPD16_eabi.lib</file>
         <name>memccpy.c.obj</name>
      </input_file>
      <input_file id="fl-128">
         <path>/Applications/ti/ccsv8/tools/compiler/ti-cgt-arm_18.1.3.LTS/lib/</path>
         <kind>archive</kind>
         <file>rtsv7M4_T_le_v4SPD16_eabi.lib</file>
         <name>strchr.c.obj</name>
      </input_file>
      <input_file id="fl-129">
         <path>/Applications/ti/ccsv8/tools/compiler/ti-cgt-arm_18.1.3.LTS/lib/</path>
         <kind>archive</kind>
         <file>rtsv7M4_T_le_v4SPD16_eabi.lib</file>
         <name>strcspn.c.obj</name>
      </input_file>
      <input_file id="fl-12a">
         <path>/Applications/ti/ccsv8/tools/compiler/ti-cgt-arm_18.1.3.LTS/lib/</path>
         <kind>archive</kind>
         <file>rtsv7M4_T_le_v4SPD16_eabi.lib</file>
         <name>strspn.c.obj</name>
      </input_file>
      <input_file id="fl-12b">
         <path>/Applications/ti/ccsv8/tools/compiler/ti-cgt-arm_18.1.3.LTS/lib/</path>
         <kind>archive</kind>
         <file>rtsv7M4_T_le_v4SPD16_eabi.lib</file>
         <name>s_frexp.c.obj</name>
      </input_file>
      <input_file id="fl-12c">
         <path>/Applications/ti/ccsv8/tools/compiler/ti-cgt-arm_18.1.3.LTS/lib/</path>
         <kind>archive</kind>
         <file>rtsv7M4_T_le_v4SPD16_eabi.lib</file>
         <name>wcslen.c.obj</name>
      </input_file>
   </input_file_list>
   <object_component_list>
      <object_component id="oc-10">
         <name>.intvecs:retain</name>
         <load_address>0x0</load_address>
         <run_address>0x0</run_address>
         <size>0x144</size>
         <input_file_ref idref="fl-3"/>
      </object_component>
      <object_component id="oc-95">
         <name>.text</name>
         <load_address>0x144</load_address>
         <run_address>0x144</run_address>
         <size>0x1a0c</size>
         <input_file_ref idref="fl-19"/>
      </object_component>
      <object_component id="oc-9c">
         <name>.text</name>
         <load_address>0x1b50</load_address>
         <run_address>0x1b50</run_address>
         <size>0xd7c</size>
         <input_file_ref idref="fl-20"/>
      </object_component>
      <object_component id="oc-2b0">
         <name>.text:__TI_printfi</name>
         <load_address>0x28cc</load_address>
         <run_address>0x28cc</run_address>
         <size>0xa5e</size>
         <input_file_ref idref="fl-122"/>
      </object_component>
      <object_component id="oc-468">
         <name>.text</name>
         <load_address>0x332a</load_address>
         <run_address>0x332a</run_address>
         <size>0x2</size>
         <input_file_ref idref="fl-11c"/>
      </object_component>
      <object_component id="oc-307">
         <name>.text:pow</name>
         <load_address>0x332c</load_address>
         <run_address>0x332c</run_address>
         <size>0x9c0</size>
         <input_file_ref idref="fl-100"/>
      </object_component>
      <object_component id="oc-2a7">
         <name>.text</name>
         <load_address>0x3cec</load_address>
         <run_address>0x3cec</run_address>
         <size>0x8d4</size>
         <input_file_ref idref="fl-1b"/>
      </object_component>
      <object_component id="oc-bc">
         <name>.text</name>
         <load_address>0x45c0</load_address>
         <run_address>0x45c0</run_address>
         <size>0x838</size>
         <input_file_ref idref="fl-28"/>
      </object_component>
      <object_component id="oc-db">
         <name>.text</name>
         <load_address>0x4df8</load_address>
         <run_address>0x4df8</run_address>
         <size>0x7a8</size>
         <input_file_ref idref="fl-25"/>
      </object_component>
      <object_component id="oc-3c">
         <name>.text</name>
         <load_address>0x55a0</load_address>
         <run_address>0x55a0</run_address>
         <size>0x5b8</size>
         <input_file_ref idref="fl-3a"/>
      </object_component>
      <object_component id="oc-1ae">
         <name>.text</name>
         <load_address>0x5b58</load_address>
         <run_address>0x5b58</run_address>
         <size>0x508</size>
         <input_file_ref idref="fl-2d"/>
      </object_component>
      <object_component id="oc-29b">
         <name>.text</name>
         <load_address>0x6060</load_address>
         <run_address>0x6060</run_address>
         <size>0x43c</size>
         <input_file_ref idref="fl-3c"/>
      </object_component>
      <object_component id="oc-b6">
         <name>.text</name>
         <load_address>0x649c</load_address>
         <run_address>0x649c</run_address>
         <size>0x3f0</size>
         <input_file_ref idref="fl-26"/>
      </object_component>
      <object_component id="oc-1ec">
         <name>.text</name>
         <load_address>0x688c</load_address>
         <run_address>0x688c</run_address>
         <size>0x3ec</size>
         <input_file_ref idref="fl-45"/>
      </object_component>
      <object_component id="oc-88">
         <name>.text</name>
         <load_address>0x6c78</load_address>
         <run_address>0x6c78</run_address>
         <size>0x328</size>
         <input_file_ref idref="fl-4"/>
      </object_component>
      <object_component id="oc-1f2">
         <name>.text</name>
         <load_address>0x6fa0</load_address>
         <run_address>0x6fa0</run_address>
         <size>0x2b0</size>
         <input_file_ref idref="fl-44"/>
      </object_component>
      <object_component id="oc-30">
         <name>.text</name>
         <load_address>0x7250</load_address>
         <run_address>0x7250</run_address>
         <size>0x288</size>
         <input_file_ref idref="fl-12"/>
      </object_component>
      <object_component id="oc-353">
         <name>.text:_pconv_a</name>
         <load_address>0x74d8</load_address>
         <run_address>0x74d8</run_address>
         <size>0x270</size>
         <input_file_ref idref="fl-122"/>
      </object_component>
      <object_component id="oc-16f">
         <name>.text</name>
         <load_address>0x7748</load_address>
         <run_address>0x7748</run_address>
         <size>0x244</size>
         <input_file_ref idref="fl-2f"/>
      </object_component>
      <object_component id="oc-321">
         <name>.text:exp2</name>
         <load_address>0x798c</load_address>
         <run_address>0x798c</run_address>
         <size>0x1fc</size>
         <input_file_ref idref="fl-102"/>
      </object_component>
      <object_component id="oc-341">
         <name>.text:_pconv_g</name>
         <load_address>0x7b88</load_address>
         <run_address>0x7b88</run_address>
         <size>0x1d0</size>
         <input_file_ref idref="fl-122"/>
      </object_component>
      <object_component id="oc-42">
         <name>.text</name>
         <load_address>0x7d58</load_address>
         <run_address>0x7d58</run_address>
         <size>0x1cc</size>
         <input_file_ref idref="fl-5"/>
      </object_component>
      <object_component id="oc-302">
         <name>.text</name>
         <load_address>0x7f24</load_address>
         <run_address>0x7f24</run_address>
         <size>0x1b6</size>
         <input_file_ref idref="fl-108"/>
      </object_component>
      <object_component id="oc-36">
         <name>.text</name>
         <load_address>0x80dc</load_address>
         <run_address>0x80dc</run_address>
         <size>0x16c</size>
         <input_file_ref idref="fl-6"/>
      </object_component>
      <object_component id="oc-2a1">
         <name>.text</name>
         <load_address>0x8248</load_address>
         <run_address>0x8248</run_address>
         <size>0x16c</size>
         <input_file_ref idref="fl-3b"/>
      </object_component>
      <object_component id="oc-3ab">
         <name>.text:sqrt</name>
         <load_address>0x83b4</load_address>
         <run_address>0x83b4</run_address>
         <size>0x158</size>
         <input_file_ref idref="fl-101"/>
      </object_component>
      <object_component id="oc-12a">
         <name>.text</name>
         <load_address>0x850c</load_address>
         <run_address>0x850c</run_address>
         <size>0x150</size>
         <input_file_ref idref="fl-2"/>
      </object_component>
      <object_component id="oc-34d">
         <name>.text:_pconv_e</name>
         <load_address>0x865c</load_address>
         <run_address>0x865c</run_address>
         <size>0x13c</size>
         <input_file_ref idref="fl-122"/>
      </object_component>
      <object_component id="oc-30d">
         <name>.text</name>
         <load_address>0x8798</load_address>
         <run_address>0x8798</run_address>
         <size>0x136</size>
         <input_file_ref idref="fl-10a"/>
      </object_component>
      <object_component id="oc-150">
         <name>.text</name>
         <load_address>0x88ce</load_address>
         <run_address>0x88ce</run_address>
         <size>0x12a</size>
         <input_file_ref idref="fl-17"/>
      </object_component>
      <object_component id="oc-3fd">
         <name>.text:fcvt</name>
         <load_address>0x89f8</load_address>
         <run_address>0x89f8</run_address>
         <size>0x120</size>
         <input_file_ref idref="fl-122"/>
      </object_component>
      <object_component id="oc-3b9">
         <name>.text:scalbn</name>
         <load_address>0x8b18</load_address>
         <run_address>0x8b18</run_address>
         <size>0x110</size>
         <input_file_ref idref="fl-103"/>
      </object_component>
      <object_component id="oc-2fd">
         <name>.text</name>
         <load_address>0x8c28</load_address>
         <run_address>0x8c28</run_address>
         <size>0xfc</size>
         <input_file_ref idref="fl-10b"/>
      </object_component>
      <object_component id="oc-1a8">
         <name>.text</name>
         <load_address>0x8d24</load_address>
         <run_address>0x8d24</run_address>
         <size>0xd8</size>
         <input_file_ref idref="fl-34"/>
      </object_component>
      <object_component id="oc-2b">
         <name>.text</name>
         <load_address>0x8dfc</load_address>
         <run_address>0x8dfc</run_address>
         <size>0xd2</size>
         <input_file_ref idref="fl-13"/>
      </object_component>
      <object_component id="oc-14a">
         <name>.text</name>
         <load_address>0x8ed0</load_address>
         <run_address>0x8ed0</run_address>
         <size>0xb4</size>
         <input_file_ref idref="fl-16"/>
      </object_component>
      <object_component id="oc-336">
         <name>.text:_ltostr</name>
         <load_address>0x8f84</load_address>
         <run_address>0x8f84</run_address>
         <size>0xb1</size>
         <input_file_ref idref="fl-122"/>
      </object_component>
      <object_component id="oc-56">
         <name>.text</name>
         <load_address>0x9036</load_address>
         <run_address>0x9036</run_address>
         <size>0x9c</size>
         <input_file_ref idref="fl-111"/>
      </object_component>
      <object_component id="oc-3de">
         <name>.text</name>
         <load_address>0x90d2</load_address>
         <run_address>0x90d2</run_address>
         <size>0x96</size>
         <input_file_ref idref="fl-107"/>
      </object_component>
      <object_component id="oc-33c">
         <name>.text:__aeabi_cdcmple</name>
         <load_address>0x9168</load_address>
         <run_address>0x9168</run_address>
         <size>0x86</size>
         <input_file_ref idref="fl-109"/>
      </object_component>
      <object_component id="oc-3b4">
         <name>.text:__aeabi_cdrcmple</name>
         <load_address>0x91ee</load_address>
         <run_address>0x91ee</run_address>
         <size>0x86</size>
         <input_file_ref idref="fl-109"/>
      </object_component>
      <object_component id="oc-11e">
         <name>.text</name>
         <load_address>0x9274</load_address>
         <run_address>0x9274</run_address>
         <size>0x7a</size>
         <input_file_ref idref="fl-105"/>
      </object_component>
      <object_component id="oc-3f6">
         <name>.text:_mcpy</name>
         <load_address>0x92ee</load_address>
         <run_address>0x92ee</run_address>
         <size>0x6e</size>
         <input_file_ref idref="fl-122"/>
      </object_component>
      <object_component id="oc-312">
         <name>.text</name>
         <load_address>0x935c</load_address>
         <run_address>0x935c</run_address>
         <size>0x6e</size>
         <input_file_ref idref="fl-10d"/>
      </object_component>
      <object_component id="oc-13">
         <name>.text:decompress:lzss:__TI_decompress_lzss</name>
         <load_address>0x93ca</load_address>
         <run_address>0x93ca</run_address>
         <size>0x68</size>
         <input_file_ref idref="fl-115"/>
      </object_component>
      <object_component id="oc-40b">
         <name>.text:frexp</name>
         <load_address>0x9434</load_address>
         <run_address>0x9434</run_address>
         <size>0x64</size>
         <input_file_ref idref="fl-12b"/>
      </object_component>
      <object_component id="oc-347">
         <name>.text:_pconv_f</name>
         <load_address>0x9498</load_address>
         <run_address>0x9498</run_address>
         <size>0x56</size>
         <input_file_ref idref="fl-122"/>
      </object_component>
      <object_component id="oc-3ea">
         <name>.text:ltoa</name>
         <load_address>0x94ee</load_address>
         <run_address>0x94ee</run_address>
         <size>0x54</size>
         <input_file_ref idref="fl-126"/>
      </object_component>
      <object_component id="oc-3f0">
         <name>.text:_ecpy</name>
         <load_address>0x9542</load_address>
         <run_address>0x9542</run_address>
         <size>0x52</size>
         <input_file_ref idref="fl-122"/>
      </object_component>
      <object_component id="oc-330">
         <name>.text:atoi</name>
         <load_address>0x9594</load_address>
         <run_address>0x9594</run_address>
         <size>0x4c</size>
         <input_file_ref idref="fl-124"/>
      </object_component>
      <object_component id="oc-3e5">
         <name>.text</name>
         <load_address>0x95e0</load_address>
         <run_address>0x95e0</run_address>
         <size>0x48</size>
         <input_file_ref idref="fl-10c"/>
      </object_component>
      <object_component id="oc-210">
         <name>.text:__TI_auto_init_nobinit_nopinit:__TI_auto_init_nobinit_nopinit</name>
         <load_address>0x9628</load_address>
         <run_address>0x9628</run_address>
         <size>0x44</size>
         <input_file_ref idref="fl-11d"/>
      </object_component>
      <object_component id="oc-1fd">
         <name>.text:sprintf</name>
         <load_address>0x966c</load_address>
         <run_address>0x966c</run_address>
         <size>0x40</size>
         <input_file_ref idref="fl-116"/>
      </object_component>
      <object_component id="oc-403">
         <name>.text:_fcpy</name>
         <load_address>0x96ac</load_address>
         <run_address>0x96ac</run_address>
         <size>0x3e</size>
         <input_file_ref idref="fl-122"/>
      </object_component>
      <object_component id="oc-18b">
         <name>.text</name>
         <load_address>0x96ea</load_address>
         <run_address>0x96ea</run_address>
         <size>0x3e</size>
         <input_file_ref idref="fl-1e"/>
      </object_component>
      <object_component id="oc-74">
         <name>.text:_c_int00_noargs:_c_int00_noargs</name>
         <load_address>0x9728</load_address>
         <run_address>0x9728</run_address>
         <size>0x38</size>
         <input_file_ref idref="fl-11b"/>
      </object_component>
      <object_component id="oc-1f8">
         <name>.text</name>
         <load_address>0x9760</load_address>
         <run_address>0x9760</run_address>
         <size>0x38</size>
         <input_file_ref idref="fl-10e"/>
      </object_component>
      <object_component id="oc-2f8">
         <name>.text</name>
         <load_address>0x9798</load_address>
         <run_address>0x9798</run_address>
         <size>0x2e</size>
         <input_file_ref idref="fl-10f"/>
      </object_component>
      <object_component id="oc-25">
         <name>.text</name>
         <load_address>0x97c8</load_address>
         <run_address>0x97c8</run_address>
         <size>0x20</size>
         <input_file_ref idref="fl-3"/>
      </object_component>
      <object_component id="oc-31c">
         <name>.text</name>
         <load_address>0x97e8</load_address>
         <run_address>0x97e8</run_address>
         <size>0x20</size>
         <input_file_ref idref="fl-112"/>
      </object_component>
      <object_component id="oc-359">
         <name>.text:memccpy</name>
         <load_address>0x9808</load_address>
         <run_address>0x9808</run_address>
         <size>0x1c</size>
         <input_file_ref idref="fl-127"/>
      </object_component>
      <object_component id="oc-2b6">
         <name>.text:_outs</name>
         <load_address>0x9824</load_address>
         <run_address>0x9824</run_address>
         <size>0x18</size>
         <input_file_ref idref="fl-116"/>
      </object_component>
      <object_component id="oc-411">
         <name>.text:strchr</name>
         <load_address>0x983c</load_address>
         <run_address>0x983c</run_address>
         <size>0x16</size>
         <input_file_ref idref="fl-128"/>
      </object_component>
      <object_component id="oc-44b">
         <name>.text:copysign</name>
         <load_address>0x9852</load_address>
         <run_address>0x9852</run_address>
         <size>0x14</size>
         <input_file_ref idref="fl-104"/>
      </object_component>
      <object_component id="oc-c2">
         <name>.text:strlen</name>
         <load_address>0x9866</load_address>
         <run_address>0x9866</run_address>
         <size>0x14</size>
         <input_file_ref idref="fl-117"/>
      </object_component>
      <object_component id="oc-35f">
         <name>.text:wcslen</name>
         <load_address>0x987a</load_address>
         <run_address>0x987a</run_address>
         <size>0x12</size>
         <input_file_ref idref="fl-12c"/>
      </object_component>
      <object_component id="oc-19">
         <name>.text:decompress:none:__TI_decompress_none</name>
         <load_address>0x988c</load_address>
         <run_address>0x988c</run_address>
         <size>0xe</size>
         <input_file_ref idref="fl-114"/>
      </object_component>
      <object_component id="oc-68">
         <name>.text:decompress:ZI:__TI_zero_init</name>
         <load_address>0x989a</load_address>
         <run_address>0x989a</run_address>
         <size>0xc</size>
         <input_file_ref idref="fl-113"/>
      </object_component>
      <object_component id="oc-2bc">
         <name>.text:_outc</name>
         <load_address>0x98a6</load_address>
         <run_address>0x98a6</run_address>
         <size>0xa</size>
         <input_file_ref idref="fl-116"/>
      </object_component>
      <object_component id="oc-365">
         <name>.text:__aeabi_errno_addr</name>
         <load_address>0x98b0</load_address>
         <run_address>0x98b0</run_address>
         <size>0x8</size>
         <input_file_ref idref="fl-11a"/>
      </object_component>
      <object_component id="oc-124">
         <name>.text:_system_pre_init</name>
         <load_address>0x98b8</load_address>
         <run_address>0x98b8</run_address>
         <size>0x4</size>
         <input_file_ref idref="fl-11e"/>
      </object_component>
      <object_component id="oc-204">
         <name>.text:abort:abort</name>
         <load_address>0x98bc</load_address>
         <run_address>0x98bc</run_address>
         <size>0x4</size>
         <input_file_ref idref="fl-120"/>
      </object_component>
      <object_component id="oc-3ce">
         <name>.const:tbl</name>
         <load_address>0x98c0</load_address>
         <run_address>0x98c0</run_address>
         <size>0x1000</size>
         <input_file_ref idref="fl-102"/>
      </object_component>
      <object_component id="oc-3d9">
         <name>.const:.string:_ctypes_</name>
         <load_address>0xa8c0</load_address>
         <run_address>0xa8c0</run_address>
         <size>0x101</size>
         <input_file_ref idref="fl-125"/>
      </object_component>
      <object_component id="oc-329">
         <name>.const:_ctlRegs</name>
         <load_address>0xa9c4</load_address>
         <run_address>0xa9c4</run_address>
         <size>0x80</size>
         <input_file_ref idref="fl-1b"/>
      </object_component>
      <object_component id="oc-197">
         <name>.const:g_pulRegs</name>
         <load_address>0xaa44</load_address>
         <run_address>0xaa44</run_address>
         <size>0x50</size>
         <input_file_ref idref="fl-26"/>
      </object_component>
      <object_component id="oc-3b1">
         <name>.const:$O1$$</name>
         <load_address>0xaa98</load_address>
         <run_address>0xaa98</run_address>
         <size>0x30</size>
         <input_file_ref idref="fl-100"/>
      </object_component>
      <object_component id="oc-194">
         <name>.const:g_pulPriority</name>
         <load_address>0xaac8</load_address>
         <run_address>0xaac8</run_address>
         <size>0x20</size>
         <input_file_ref idref="fl-26"/>
      </object_component>
      <object_component id="oc-19d">
         <name>.const:g_pulDisRegs</name>
         <load_address>0xaae8</load_address>
         <run_address>0xaae8</run_address>
         <size>0x8</size>
         <input_file_ref idref="fl-26"/>
      </object_component>
      <object_component id="oc-19a">
         <name>.const:g_pulEnRegs</name>
         <load_address>0xaaf0</load_address>
         <run_address>0xaaf0</run_address>
         <size>0x8</size>
         <input_file_ref idref="fl-26"/>
      </object_component>
      <object_component id="oc-1a0">
         <name>.const:g_pulPendRegs</name>
         <load_address>0xaaf8</load_address>
         <run_address>0xaaf8</run_address>
         <size>0x8</size>
         <input_file_ref idref="fl-26"/>
      </object_component>
      <object_component id="oc-1a3">
         <name>.const:g_pulUnpendRegs</name>
         <load_address>0xab00</load_address>
         <run_address>0xab00</run_address>
         <size>0x8</size>
         <input_file_ref idref="fl-26"/>
      </object_component>
      <object_component id="oc-92">
         <name>.const</name>
         <load_address>0xab08</load_address>
         <run_address>0xab08</run_address>
         <size>0x8</size>
         <input_file_ref idref="fl-12"/>
      </object_component>
      <object_component id="oc-4c8">
         <name>.cinit..data.load</name>
         <load_address>0xab10</load_address>
         <run_address>0xab10</run_address>
         <size>0x23</size>
      </object_component>
      <object_component id="oc-4c5">
         <name>__TI_handler_table</name>
         <load_address>0xab34</load_address>
         <run_address>0xab34</run_address>
         <size>0xc</size>
      </object_component>
      <object_component id="oc-4c9">
         <name>.cinit..bss.load</name>
         <load_address>0xab40</load_address>
         <run_address>0xab40</run_address>
         <size>0x8</size>
      </object_component>
      <object_component id="oc-4c7">
         <name>.cinit..vtable.load</name>
         <load_address>0xab48</load_address>
         <run_address>0xab48</run_address>
         <size>0x8</size>
      </object_component>
      <object_component id="oc-4c6">
         <name>__TI_cinit_table</name>
         <load_address>0xab50</load_address>
         <run_address>0xab50</run_address>
         <size>0x18</size>
      </object_component>
      <object_component id="oc-191">
         <name>.vtable</name>
         <uninitialized>true</uninitialized>
         <run_address>0x20000000</run_address>
         <size>0xe4</size>
         <input_file_ref idref="fl-26"/>
      </object_component>
      <object_component id="oc-13c">
         <name>.data</name>
         <load_address>0x2000c268</load_address>
         <run_address>0x2000c268</run_address>
         <size>0x4</size>
         <input_file_ref idref="fl-4"/>
      </object_component>
      <object_component id="oc-ec">
         <name>.data</name>
         <load_address>0x2000c254</load_address>
         <run_address>0x2000c254</run_address>
         <size>0x4</size>
         <input_file_ref idref="fl-5"/>
      </object_component>
      <object_component id="oc-c8">
         <name>.data</name>
         <load_address>0x2000c260</load_address>
         <run_address>0x2000c260</run_address>
         <size>0x4</size>
         <input_file_ref idref="fl-6"/>
      </object_component>
      <object_component id="oc-a2">
         <name>.data</name>
         <load_address>0x2000c240</load_address>
         <run_address>0x2000c240</run_address>
         <size>0xc</size>
         <input_file_ref idref="fl-12"/>
      </object_component>
      <object_component id="oc-255">
         <name>.data</name>
         <load_address>0x2000c24c</load_address>
         <run_address>0x2000c24c</run_address>
         <size>0x8</size>
         <input_file_ref idref="fl-16"/>
      </object_component>
      <object_component id="oc-8f">
         <name>.data</name>
         <load_address>0x2000c1f8</load_address>
         <run_address>0x2000c1f8</run_address>
         <size>0x34</size>
         <input_file_ref idref="fl-19"/>
      </object_component>
      <object_component id="oc-e2">
         <name>.data</name>
         <load_address>0x2000c26c</load_address>
         <run_address>0x2000c26c</run_address>
         <size>0x1</size>
         <input_file_ref idref="fl-3a"/>
      </object_component>
      <object_component id="oc-d4">
         <name>.data:i2cConfig</name>
         <load_address>0x2000c22c</load_address>
         <run_address>0x2000c22c</run_address>
         <size>0x14</size>
         <input_file_ref idref="fl-3a"/>
      </object_component>
      <object_component id="oc-317">
         <name>.data</name>
         <load_address>0x2000c258</load_address>
         <run_address>0x2000c258</run_address>
         <size>0x8</size>
         <input_file_ref idref="fl-3c"/>
      </object_component>
      <object_component id="oc-421">
         <name>.data</name>
         <load_address>0x2000c264</load_address>
         <run_address>0x2000c264</run_address>
         <size>0x4</size>
         <input_file_ref idref="fl-11a"/>
      </object_component>
      <object_component id="oc-258">
         <name>.bss:ucHeap</name>
         <uninitialized>true</uninitialized>
         <run_address>0x200000e4</run_address>
         <size>0xc000</size>
         <input_file_ref idref="fl-16"/>
      </object_component>
      <object_component id="oc-156">
         <name>.bss:pxReadyTasksLists</name>
         <uninitialized>true</uninitialized>
         <run_address>0x2000c0e4</run_address>
         <size>0x8c</size>
         <input_file_ref idref="fl-19"/>
      </object_component>
      <object_component id="oc-165">
         <name>.bss:xDelayedTaskList1</name>
         <uninitialized>true</uninitialized>
         <run_address>0x2000c170</run_address>
         <size>0x14</size>
         <input_file_ref idref="fl-19"/>
      </object_component>
      <object_component id="oc-168">
         <name>.bss:xDelayedTaskList2</name>
         <uninitialized>true</uninitialized>
         <run_address>0x2000c184</run_address>
         <size>0x14</size>
         <input_file_ref idref="fl-19"/>
      </object_component>
      <object_component id="oc-15c">
         <name>.bss</name>
         <uninitialized>true</uninitialized>
         <run_address>0x2000c1dc</run_address>
         <size>0x8</size>
         <input_file_ref idref="fl-19"/>
      </object_component>
      <object_component id="oc-162">
         <name>.bss:xPendingReadyList</name>
         <uninitialized>true</uninitialized>
         <run_address>0x2000c198</run_address>
         <size>0x14</size>
         <input_file_ref idref="fl-19"/>
      </object_component>
      <object_component id="oc-159">
         <name>.bss:xTasksWaitingTermination</name>
         <uninitialized>true</uninitialized>
         <run_address>0x2000c1c0</run_address>
         <size>0x14</size>
         <input_file_ref idref="fl-19"/>
      </object_component>
      <object_component id="oc-15f">
         <name>.bss:xSuspendedTaskList</name>
         <uninitialized>true</uninitialized>
         <run_address>0x2000c1ac</run_address>
         <size>0x14</size>
         <input_file_ref idref="fl-19"/>
      </object_component>
      <object_component id="oc-16c">
         <name>.bss</name>
         <uninitialized>true</uninitialized>
         <run_address>0x2000c1d4</run_address>
         <size>0x8</size>
         <input_file_ref idref="fl-20"/>
      </object_component>
      <object_component id="oc-ef">
         <name>.common:IntIsMasked</name>
         <uninitialized>true</uninitialized>
         <run_address>0x2000c1f0</run_address>
         <size>0x1</size>
      </object_component>
      <object_component id="oc-cb">
         <name>.common:g_ucUARTBuffer</name>
         <uninitialized>true</uninitialized>
         <run_address>0x2000c1e4</run_address>
         <size>0x4</size>
      </object_component>
      <object_component id="oc-da">
         <name>.common:ui8Status</name>
         <uninitialized>true</uninitialized>
         <run_address>0x2000c1f2</run_address>
         <size>0x1</size>
      </object_component>
      <object_component id="oc-d7">
         <name>.common:pData</name>
         <uninitialized>true</uninitialized>
         <run_address>0x2000c1ec</run_address>
         <size>0x4</size>
      </object_component>
      <object_component id="oc-e5">
         <name>.common:ui8DummyRead</name>
         <uninitialized>true</uninitialized>
         <run_address>0x2000c1f1</run_address>
         <size>0x1</size>
      </object_component>
      <object_component id="oc-e1">
         <name>.common:g_ui32ByteCount</name>
         <uninitialized>true</uninitialized>
         <run_address>0x2000c1e8</run_address>
         <size>0x4</size>
      </object_component>
      <object_component id="oc-22">
         <name>.stack</name>
         <uninitialized>true</uninitialized>
         <run_address>0x2000fe00</run_address>
         <size>0x4</size>
         <input_file_ref idref="fl-11b"/>
      </object_component>
      <object_component id="oc-4ca">
         <name>.stack</name>
         <uninitialized>true</uninitialized>
         <run_address>0x2000fe00</run_address>
         <size>0x0</size>
      </object_component>
      <object_component id="oc-185">
         <name>.debug_info</name>
         <load_address>0x0</load_address>
         <run_address>0x0</run_address>
         <size>0x8fb</size>
         <input_file_ref idref="fl-2"/>
      </object_component>
      <object_component id="oc-12b">
         <name>.debug_info</name>
         <load_address>0x8fb</load_address>
         <run_address>0x8fb</run_address>
         <size>0x47e</size>
         <input_file_ref idref="fl-2"/>
      </object_component>
      <object_component id="oc-143">
         <name>.debug_info</name>
         <load_address>0xd79</load_address>
         <run_address>0xd79</run_address>
         <size>0x30c</size>
         <input_file_ref idref="fl-2"/>
      </object_component>
      <object_component id="oc-246">
         <name>.debug_info</name>
         <load_address>0x1085</load_address>
         <run_address>0x1085</run_address>
         <size>0x110</size>
         <input_file_ref idref="fl-2"/>
      </object_component>
      <object_component id="oc-104">
         <name>.debug_info</name>
         <load_address>0x1195</load_address>
         <run_address>0x1195</run_address>
         <size>0x26b</size>
         <input_file_ref idref="fl-2"/>
      </object_component>
      <object_component id="oc-ff">
         <name>.debug_info</name>
         <load_address>0x1400</load_address>
         <run_address>0x1400</run_address>
         <size>0x103e</size>
         <input_file_ref idref="fl-2"/>
      </object_component>
      <object_component id="oc-fa">
         <name>.debug_info</name>
         <load_address>0x243e</load_address>
         <run_address>0x243e</run_address>
         <size>0x37e2</size>
         <input_file_ref idref="fl-2"/>
      </object_component>
      <object_component id="oc-1ca">
         <name>.debug_info</name>
         <load_address>0x5c20</load_address>
         <run_address>0x5c20</run_address>
         <size>0x9a</size>
         <input_file_ref idref="fl-2"/>
      </object_component>
      <object_component id="oc-273">
         <name>.debug_info</name>
         <load_address>0x5cba</load_address>
         <run_address>0x5cba</run_address>
         <size>0x1b5</size>
         <input_file_ref idref="fl-2"/>
      </object_component>
      <object_component id="oc-180">
         <name>.debug_info</name>
         <load_address>0x5e6f</load_address>
         <run_address>0x5e6f</run_address>
         <size>0x3cd</size>
         <input_file_ref idref="fl-2"/>
      </object_component>
      <object_component id="oc-28f">
         <name>.debug_info</name>
         <load_address>0x623c</load_address>
         <run_address>0x623c</run_address>
         <size>0xc6</size>
         <input_file_ref idref="fl-2"/>
      </object_component>
      <object_component id="oc-51">
         <name>.debug_info</name>
         <load_address>0x6302</load_address>
         <run_address>0x6302</run_address>
         <size>0x84</size>
         <input_file_ref idref="fl-2"/>
      </object_component>
      <object_component id="oc-a7">
         <name>.debug_info</name>
         <load_address>0x6386</load_address>
         <run_address>0x6386</run_address>
         <size>0x2c</size>
         <input_file_ref idref="fl-2"/>
      </object_component>
      <object_component id="oc-186">
         <name>.debug_info</name>
         <load_address>0x63b2</load_address>
         <run_address>0x63b2</run_address>
         <size>0x297</size>
         <input_file_ref idref="fl-2"/>
      </object_component>
      <object_component id="oc-e7">
         <name>.debug_info</name>
         <load_address>0x6649</load_address>
         <run_address>0x6649</run_address>
         <size>0xef</size>
         <input_file_ref idref="fl-2"/>
      </object_component>
      <object_component id="oc-b1">
         <name>.debug_info</name>
         <load_address>0x6738</load_address>
         <run_address>0x6738</run_address>
         <size>0xbb</size>
         <input_file_ref idref="fl-2"/>
      </object_component>
      <object_component id="oc-ac">
         <name>.debug_info</name>
         <load_address>0x67f3</load_address>
         <run_address>0x67f3</run_address>
         <size>0x53</size>
         <input_file_ref idref="fl-2"/>
      </object_component>
      <object_component id="oc-2c4">
         <name>.debug_info</name>
         <load_address>0x6846</load_address>
         <run_address>0x6846</run_address>
         <size>0x2c</size>
         <input_file_ref idref="fl-2"/>
      </object_component>
      <object_component id="oc-17b">
         <name>.debug_info</name>
         <load_address>0x6872</load_address>
         <run_address>0x6872</run_address>
         <size>0x14c</size>
         <input_file_ref idref="fl-2"/>
      </object_component>
      <object_component id="oc-4a">
         <name>.debug_info</name>
         <load_address>0x69be</load_address>
         <run_address>0x69be</run_address>
         <size>0x6b1</size>
         <input_file_ref idref="fl-3"/>
      </object_component>
      <object_component id="oc-11">
         <name>.debug_info</name>
         <load_address>0x706f</load_address>
         <run_address>0x706f</run_address>
         <size>0x105</size>
         <input_file_ref idref="fl-3"/>
      </object_component>
      <object_component id="oc-26">
         <name>.debug_info</name>
         <load_address>0x7174</load_address>
         <run_address>0x7174</run_address>
         <size>0x245</size>
         <input_file_ref idref="fl-3"/>
      </object_component>
      <object_component id="oc-13d">
         <name>.debug_info</name>
         <load_address>0x73b9</load_address>
         <run_address>0x73b9</run_address>
         <size>0x103</size>
         <input_file_ref idref="fl-4"/>
      </object_component>
      <object_component id="oc-89">
         <name>.debug_info</name>
         <load_address>0x74bc</load_address>
         <run_address>0x74bc</run_address>
         <size>0x275</size>
         <input_file_ref idref="fl-4"/>
      </object_component>
      <object_component id="oc-f0">
         <name>.debug_info</name>
         <load_address>0x7731</load_address>
         <run_address>0x7731</run_address>
         <size>0x8e5</size>
         <input_file_ref idref="fl-5"/>
      </object_component>
      <object_component id="oc-ed">
         <name>.debug_info</name>
         <load_address>0x8016</load_address>
         <run_address>0x8016</run_address>
         <size>0x145</size>
         <input_file_ref idref="fl-5"/>
      </object_component>
      <object_component id="oc-43">
         <name>.debug_info</name>
         <load_address>0x815b</load_address>
         <run_address>0x815b</run_address>
         <size>0xe83</size>
         <input_file_ref idref="fl-5"/>
      </object_component>
      <object_component id="oc-f3">
         <name>.debug_info</name>
         <load_address>0x8fde</load_address>
         <run_address>0x8fde</run_address>
         <size>0x13e</size>
         <input_file_ref idref="fl-5"/>
      </object_component>
      <object_component id="oc-1d7">
         <name>.debug_info</name>
         <load_address>0x911c</load_address>
         <run_address>0x911c</run_address>
         <size>0x611</size>
         <input_file_ref idref="fl-5"/>
      </object_component>
      <object_component id="oc-1dc">
         <name>.debug_info</name>
         <load_address>0x972d</load_address>
         <run_address>0x972d</run_address>
         <size>0x6c8</size>
         <input_file_ref idref="fl-5"/>
      </object_component>
      <object_component id="oc-cf">
         <name>.debug_info</name>
         <load_address>0x9df5</load_address>
         <run_address>0x9df5</run_address>
         <size>0x8b</size>
         <input_file_ref idref="fl-5"/>
      </object_component>
      <object_component id="oc-1b7">
         <name>.debug_info</name>
         <load_address>0x9e80</load_address>
         <run_address>0x9e80</run_address>
         <size>0x2c</size>
         <input_file_ref idref="fl-5"/>
      </object_component>
      <object_component id="oc-cc">
         <name>.debug_info</name>
         <load_address>0x9eac</load_address>
         <run_address>0x9eac</run_address>
         <size>0x6e3</size>
         <input_file_ref idref="fl-6"/>
      </object_component>
      <object_component id="oc-c9">
         <name>.debug_info</name>
         <load_address>0xa58f</load_address>
         <run_address>0xa58f</run_address>
         <size>0x140</size>
         <input_file_ref idref="fl-6"/>
      </object_component>
      <object_component id="oc-37">
         <name>.debug_info</name>
         <load_address>0xa6cf</load_address>
         <run_address>0xa6cf</run_address>
         <size>0x5e7</size>
         <input_file_ref idref="fl-6"/>
      </object_component>
      <object_component id="oc-a6">
         <name>.debug_info</name>
         <load_address>0xacb6</load_address>
         <run_address>0xacb6</run_address>
         <size>0x75e</size>
         <input_file_ref idref="fl-12"/>
      </object_component>
      <object_component id="oc-93">
         <name>.debug_info</name>
         <load_address>0xb414</load_address>
         <run_address>0xb414</run_address>
         <size>0x1ac</size>
         <input_file_ref idref="fl-12"/>
      </object_component>
      <object_component id="oc-a3">
         <name>.debug_info</name>
         <load_address>0xb5c0</load_address>
         <run_address>0xb5c0</run_address>
         <size>0x1b7</size>
         <input_file_ref idref="fl-12"/>
      </object_component>
      <object_component id="oc-32">
         <name>.debug_info</name>
         <load_address>0xb777</load_address>
         <run_address>0xb777</run_address>
         <size>0xc81</size>
         <input_file_ref idref="fl-12"/>
      </object_component>
      <object_component id="oc-2e">
         <name>.debug_info</name>
         <load_address>0xc3f8</load_address>
         <run_address>0xc3f8</run_address>
         <size>0x29c</size>
         <input_file_ref idref="fl-13"/>
      </object_component>
      <object_component id="oc-2e9">
         <name>.debug_info</name>
         <load_address>0xc694</load_address>
         <run_address>0xc694</run_address>
         <size>0x92b</size>
         <input_file_ref idref="fl-15"/>
      </object_component>
      <object_component id="oc-39e">
         <name>.debug_info</name>
         <load_address>0xcfbf</load_address>
         <run_address>0xcfbf</run_address>
         <size>0x39</size>
         <input_file_ref idref="fl-15"/>
      </object_component>
      <object_component id="oc-24b">
         <name>.debug_info</name>
         <load_address>0xcff8</load_address>
         <run_address>0xcff8</run_address>
         <size>0x46</size>
         <input_file_ref idref="fl-15"/>
      </object_component>
      <object_component id="oc-3a3">
         <name>.debug_info</name>
         <load_address>0xd03e</load_address>
         <run_address>0xd03e</run_address>
         <size>0x76</size>
         <input_file_ref idref="fl-15"/>
      </object_component>
      <object_component id="oc-25c">
         <name>.debug_info</name>
         <load_address>0xd0b4</load_address>
         <run_address>0xd0b4</run_address>
         <size>0x702</size>
         <input_file_ref idref="fl-16"/>
      </object_component>
      <object_component id="oc-259">
         <name>.debug_info</name>
         <load_address>0xd7b6</load_address>
         <run_address>0xd7b6</run_address>
         <size>0x131</size>
         <input_file_ref idref="fl-16"/>
      </object_component>
      <object_component id="oc-256">
         <name>.debug_info</name>
         <load_address>0xd8e7</load_address>
         <run_address>0xd8e7</run_address>
         <size>0x13f</size>
         <input_file_ref idref="fl-16"/>
      </object_component>
      <object_component id="oc-14e">
         <name>.debug_info</name>
         <load_address>0xda26</load_address>
         <run_address>0xda26</run_address>
         <size>0x5af</size>
         <input_file_ref idref="fl-16"/>
      </object_component>
      <object_component id="oc-25e">
         <name>.debug_info</name>
         <load_address>0xdfd5</load_address>
         <run_address>0xdfd5</run_address>
         <size>0x67b</size>
         <input_file_ref idref="fl-17"/>
      </object_component>
      <object_component id="oc-154">
         <name>.debug_info</name>
         <load_address>0xe650</load_address>
         <run_address>0xe650</run_address>
         <size>0x7ab</size>
         <input_file_ref idref="fl-17"/>
      </object_component>
      <object_component id="oc-142">
         <name>.debug_info</name>
         <load_address>0xedfb</load_address>
         <run_address>0xedfb</run_address>
         <size>0xa8a</size>
         <input_file_ref idref="fl-19"/>
      </object_component>
      <object_component id="oc-90">
         <name>.debug_info</name>
         <load_address>0xf885</load_address>
         <run_address>0xf885</run_address>
         <size>0x3a0</size>
         <input_file_ref idref="fl-19"/>
      </object_component>
      <object_component id="oc-157">
         <name>.debug_info</name>
         <load_address>0xfc25</load_address>
         <run_address>0xfc25</run_address>
         <size>0x147</size>
         <input_file_ref idref="fl-19"/>
      </object_component>
      <object_component id="oc-166">
         <name>.debug_info</name>
         <load_address>0xfd6c</load_address>
         <run_address>0xfd6c</run_address>
         <size>0x147</size>
         <input_file_ref idref="fl-19"/>
      </object_component>
      <object_component id="oc-169">
         <name>.debug_info</name>
         <load_address>0xfeb3</load_address>
         <run_address>0xfeb3</run_address>
         <size>0x147</size>
         <input_file_ref idref="fl-19"/>
      </object_component>
      <object_component id="oc-15d">
         <name>.debug_info</name>
         <load_address>0xfffa</load_address>
         <run_address>0xfffa</run_address>
         <size>0x18a</size>
         <input_file_ref idref="fl-19"/>
      </object_component>
      <object_component id="oc-163">
         <name>.debug_info</name>
         <load_address>0x10184</load_address>
         <run_address>0x10184</run_address>
         <size>0x147</size>
         <input_file_ref idref="fl-19"/>
      </object_component>
      <object_component id="oc-15a">
         <name>.debug_info</name>
         <load_address>0x102cb</load_address>
         <run_address>0x102cb</run_address>
         <size>0x155</size>
         <input_file_ref idref="fl-19"/>
      </object_component>
      <object_component id="oc-160">
         <name>.debug_info</name>
         <load_address>0x10420</load_address>
         <run_address>0x10420</run_address>
         <size>0x149</size>
         <input_file_ref idref="fl-19"/>
      </object_component>
      <object_component id="oc-96">
         <name>.debug_info</name>
         <load_address>0x10569</load_address>
         <run_address>0x10569</run_address>
         <size>0x6040</size>
         <input_file_ref idref="fl-19"/>
      </object_component>
      <object_component id="oc-250">
         <name>.debug_info</name>
         <load_address>0x165a9</load_address>
         <run_address>0x165a9</run_address>
         <size>0x146</size>
         <input_file_ref idref="fl-19"/>
      </object_component>
      <object_component id="oc-32d">
         <name>.debug_info</name>
         <load_address>0x166ef</load_address>
         <run_address>0x166ef</run_address>
         <size>0x6d8</size>
         <input_file_ref idref="fl-1b"/>
      </object_component>
      <object_component id="oc-32a">
         <name>.debug_info</name>
         <load_address>0x16dc7</load_address>
         <run_address>0x16dc7</run_address>
         <size>0x12e</size>
         <input_file_ref idref="fl-1b"/>
      </object_component>
      <object_component id="oc-2a8">
         <name>.debug_info</name>
         <load_address>0x16ef5</load_address>
         <run_address>0x16ef5</run_address>
         <size>0x30eb</size>
         <input_file_ref idref="fl-1b"/>
      </object_component>
      <object_component id="oc-18c">
         <name>.debug_info</name>
         <load_address>0x19fe0</load_address>
         <run_address>0x19fe0</run_address>
         <size>0x663</size>
         <input_file_ref idref="fl-1e"/>
      </object_component>
      <object_component id="oc-176">
         <name>.debug_info</name>
         <load_address>0x1a643</load_address>
         <run_address>0x1a643</run_address>
         <size>0x7ca</size>
         <input_file_ref idref="fl-20"/>
      </object_component>
      <object_component id="oc-16d">
         <name>.debug_info</name>
         <load_address>0x1ae0d</load_address>
         <run_address>0x1ae0d</run_address>
         <size>0x14b</size>
         <input_file_ref idref="fl-20"/>
      </object_component>
      <object_component id="oc-9d">
         <name>.debug_info</name>
         <load_address>0x1af58</load_address>
         <run_address>0x1af58</run_address>
         <size>0x3135</size>
         <input_file_ref idref="fl-20"/>
      </object_component>
      <object_component id="oc-1d0">
         <name>.debug_info</name>
         <load_address>0x1e08d</load_address>
         <run_address>0x1e08d</run_address>
         <size>0x6c2</size>
         <input_file_ref idref="fl-25"/>
      </object_component>
      <object_component id="oc-dc">
         <name>.debug_info</name>
         <load_address>0x1e74f</load_address>
         <run_address>0x1e74f</run_address>
         <size>0x3dc9</size>
         <input_file_ref idref="fl-25"/>
      </object_component>
      <object_component id="oc-1a7">
         <name>.debug_info</name>
         <load_address>0x22518</load_address>
         <run_address>0x22518</run_address>
         <size>0x661</size>
         <input_file_ref idref="fl-26"/>
      </object_component>
      <object_component id="oc-195">
         <name>.debug_info</name>
         <load_address>0x22b79</load_address>
         <run_address>0x22b79</run_address>
         <size>0x13c</size>
         <input_file_ref idref="fl-26"/>
      </object_component>
      <object_component id="oc-198">
         <name>.debug_info</name>
         <load_address>0x22cb5</load_address>
         <run_address>0x22cb5</run_address>
         <size>0x134</size>
         <input_file_ref idref="fl-26"/>
      </object_component>
      <object_component id="oc-19b">
         <name>.debug_info</name>
         <load_address>0x22de9</load_address>
         <run_address>0x22de9</run_address>
         <size>0x138</size>
         <input_file_ref idref="fl-26"/>
      </object_component>
      <object_component id="oc-19e">
         <name>.debug_info</name>
         <load_address>0x22f21</load_address>
         <run_address>0x22f21</run_address>
         <size>0x13a</size>
         <input_file_ref idref="fl-26"/>
      </object_component>
      <object_component id="oc-1a1">
         <name>.debug_info</name>
         <load_address>0x2305b</load_address>
         <run_address>0x2305b</run_address>
         <size>0x13c</size>
         <input_file_ref idref="fl-26"/>
      </object_component>
      <object_component id="oc-1a4">
         <name>.debug_info</name>
         <load_address>0x23197</load_address>
         <run_address>0x23197</run_address>
         <size>0x140</size>
         <input_file_ref idref="fl-26"/>
      </object_component>
      <object_component id="oc-192">
         <name>.debug_info</name>
         <load_address>0x232d7</load_address>
         <run_address>0x232d7</run_address>
         <size>0x141</size>
         <input_file_ref idref="fl-26"/>
      </object_component>
      <object_component id="oc-b7">
         <name>.debug_info</name>
         <load_address>0x23418</load_address>
         <run_address>0x23418</run_address>
         <size>0x19b4</size>
         <input_file_ref idref="fl-26"/>
      </object_component>
      <object_component id="oc-1b5">
         <name>.debug_info</name>
         <load_address>0x24dcc</load_address>
         <run_address>0x24dcc</run_address>
         <size>0x785</size>
         <input_file_ref idref="fl-28"/>
      </object_component>
      <object_component id="oc-bd">
         <name>.debug_info</name>
         <load_address>0x25551</load_address>
         <run_address>0x25551</run_address>
         <size>0x2fef</size>
         <input_file_ref idref="fl-28"/>
      </object_component>
      <object_component id="oc-28e">
         <name>.debug_info</name>
         <load_address>0x28540</load_address>
         <run_address>0x28540</run_address>
         <size>0x6be</size>
         <input_file_ref idref="fl-2d"/>
      </object_component>
      <object_component id="oc-1af">
         <name>.debug_info</name>
         <load_address>0x28bfe</load_address>
         <run_address>0x28bfe</run_address>
         <size>0x1ce9</size>
         <input_file_ref idref="fl-2d"/>
      </object_component>
      <object_component id="oc-270">
         <name>.debug_info</name>
         <load_address>0x2a8e7</load_address>
         <run_address>0x2a8e7</run_address>
         <size>0x599</size>
         <input_file_ref idref="fl-2f"/>
      </object_component>
      <object_component id="oc-170">
         <name>.debug_info</name>
         <load_address>0x2ae80</load_address>
         <run_address>0x2ae80</run_address>
         <size>0x15eb</size>
         <input_file_ref idref="fl-2f"/>
      </object_component>
      <object_component id="oc-28c">
         <name>.debug_info</name>
         <load_address>0x2c46b</load_address>
         <run_address>0x2c46b</run_address>
         <size>0x761</size>
         <input_file_ref idref="fl-34"/>
      </object_component>
      <object_component id="oc-1a9">
         <name>.debug_info</name>
         <load_address>0x2cbcc</load_address>
         <run_address>0x2cbcc</run_address>
         <size>0xc77</size>
         <input_file_ref idref="fl-34"/>
      </object_component>
      <object_component id="oc-1c5">
         <name>.debug_info</name>
         <load_address>0x2d843</load_address>
         <run_address>0x2d843</run_address>
         <size>0x6c</size>
         <input_file_ref idref="fl-36"/>
      </object_component>
      <object_component id="oc-d8">
         <name>.debug_info</name>
         <load_address>0x2d8af</load_address>
         <run_address>0x2d8af</run_address>
         <size>0x758</size>
         <input_file_ref idref="fl-3a"/>
      </object_component>
      <object_component id="oc-e3">
         <name>.debug_info</name>
         <load_address>0x2e007</load_address>
         <run_address>0x2e007</run_address>
         <size>0x137</size>
         <input_file_ref idref="fl-3a"/>
      </object_component>
      <object_component id="oc-d5">
         <name>.debug_info</name>
         <load_address>0x2e13e</load_address>
         <run_address>0x2e13e</run_address>
         <size>0x136</size>
         <input_file_ref idref="fl-3a"/>
      </object_component>
      <object_component id="oc-3d">
         <name>.debug_info</name>
         <load_address>0x2e274</load_address>
         <run_address>0x2e274</run_address>
         <size>0xd32</size>
         <input_file_ref idref="fl-3a"/>
      </object_component>
      <object_component id="oc-328">
         <name>.debug_info</name>
         <load_address>0x2efa6</load_address>
         <run_address>0x2efa6</run_address>
         <size>0x631</size>
         <input_file_ref idref="fl-3b"/>
      </object_component>
      <object_component id="oc-2a2">
         <name>.debug_info</name>
         <load_address>0x2f5d7</load_address>
         <run_address>0x2f5d7</run_address>
         <size>0x7c1</size>
         <input_file_ref idref="fl-3b"/>
      </object_component>
      <object_component id="oc-31b">
         <name>.debug_info</name>
         <load_address>0x2fd98</load_address>
         <run_address>0x2fd98</run_address>
         <size>0x62f</size>
         <input_file_ref idref="fl-3c"/>
      </object_component>
      <object_component id="oc-318">
         <name>.debug_info</name>
         <load_address>0x303c7</load_address>
         <run_address>0x303c7</run_address>
         <size>0x124</size>
         <input_file_ref idref="fl-3c"/>
      </object_component>
      <object_component id="oc-29e">
         <name>.debug_info</name>
         <load_address>0x304eb</load_address>
         <run_address>0x304eb</run_address>
         <size>0xae3</size>
         <input_file_ref idref="fl-3c"/>
      </object_component>
      <object_component id="oc-2ae">
         <name>.debug_info</name>
[...]
         <value>0x77cb</value>
         <object_component_ref idref="oc-16f"/>
      </symbol>
      <symbol id="sm-9af">
         <name>SysCtl_setWDTPasswordViolationResetType</name>
         <value>0x790b</value>
         <object_component_ref idref="oc-16f"/>
      </symbol>
      <symbol id="sm-9b0">
         <name>SysCtl_rebootDevice</name>
         <value>0x78b5</value>
         <object_component_ref idref="oc-16f"/>
      </symbol>
      <symbol id="sm-9b1">
         <name>SysCtl_getFlashSize</name>
         <value>0x77c5</value>
         <object_component_ref idref="oc-16f"/>
      </symbol>
      <symbol id="sm-9b2">
         <name>SysCtl_getTLVInfo</name>
         <value>0x7749</value>
         <object_component_ref idref="oc-16f"/>
      </symbol>
      <symbol id="sm-9b3">
         <name>SysCtl_enableGlitchFilter</name>
         <value>0x792f</value>
         <object_component_ref idref="oc-16f"/>
      </symbol>
      <symbol id="sm-9b4">
         <name>SysCtl_enableSRAMBankRetention</name>
         <value>0x787d</value>
         <object_component_ref idref="oc-16f"/>
      </symbol>
      <symbol id="sm-9cf">
         <name>WDT_A_setTimeoutReset</name>
         <value>0x8dc9</value>
         <object_component_ref idref="oc-1a8"/>
      </symbol>
      <symbol id="sm-9d0">
         <name>WDT_A_registerInterrupt</name>
         <value>0x8dd5</value>
         <object_component_ref idref="oc-1a8"/>
      </symbol>
      <symbol id="sm-9d1">
         <name>WDT_A_setPasswordViolationReset</name>
         <value>0x8dbd</value>
         <object_component_ref idref="oc-1a8"/>
      </symbol>
      <symbol id="sm-9d2">
         <name>WDT_A_initIntervalTimer</name>
         <value>0x8da1</value>
         <object_component_ref idref="oc-1a8"/>
      </symbol>
      <symbol id="sm-9d3">
         <name>WDT_A_clearTimer</name>
         <value>0x8d65</value>
         <object_component_ref idref="oc-1a8"/>
      </symbol>
      <symbol id="sm-9d4">
         <name>WDT_A_holdTimer</name>
         <value>0x8d25</value>
         <object_component_ref idref="oc-1a8"/>
      </symbol>
      <symbol id="sm-9d5">
         <name>WDT_A_initWatchdogTimer</name>
         <value>0x8d85</value>
         <object_component_ref idref="oc-1a8"/>
      </symbol>
      <symbol id="sm-9d6">
         <name>WDT_A_startTimer</name>
         <value>0x8d45</value>
         <object_component_ref idref="oc-1a8"/>
      </symbol>
      <symbol id="sm-9d7">
         <name>WDT_A_unregisterInterrupt</name>
         <value>0x8de9</value>
         <object_component_ref idref="oc-1a8"/>
      </symbol>
      <symbol id="sm-a3b">
         <name>ui8Status</name>
         <value>0x2000c1f2</value>
      </symbol>
      <symbol id="sm-a3c">
         <name>pData</name>
         <value>0x2000c1ec</value>
      </symbol>
      <symbol id="sm-a3d">
         <name>ui8DummyRead</name>
         <value>0x2000c1f1</value>
      </symbol>
      <symbol id="sm-a3e">
         <name>g_ui32ByteCount</name>
         <value>0x2000c1e8</value>
      </symbol>
      <symbol id="sm-a3f">
         <name>I2C_init</name>
         <value>0x55a1</value>
         <object_component_ref idref="oc-3c"/>
      </symbol>
      <symbol id="sm-a40">
         <name>EUSCIB1_IRQHandler</name>
         <value>0x5a69</value>
         <object_component_ref idref="oc-3c"/>
      </symbol>
      <symbol id="sm-a41">
         <name>I2C_read</name>
         <value>0x568f</value>
         <object_component_ref idref="oc-3c"/>
      </symbol>
      <symbol id="sm-a42">
         <name>I2C_readBurst</name>
         <value>0x57ab</value>
         <object_component_ref idref="oc-3c"/>
      </symbol>
      <symbol id="sm-a43">
         <name>I2C_write</name>
         <value>0x55bd</value>
         <object_component_ref idref="oc-3c"/>
      </symbol>
      <symbol id="sm-a44">
         <name>I2C_read16</name>
         <value>0x5995</value>
         <object_component_ref idref="oc-3c"/>
      </symbol>
      <symbol id="sm-a45">
         <name>I2C_write16</name>
         <value>0x58e1</value>
         <object_component_ref idref="oc-3c"/>
      </symbol>
      <symbol id="sm-a46">
         <name>burstMode</name>
         <value>0x2000c26c</value>
         <object_component_ref idref="oc-e2"/>
      </symbol>
      <symbol id="sm-a63">
         <name>sensorOpt3001Enable</name>
         <value>0x8255</value>
         <object_component_ref idref="oc-2a1"/>
      </symbol>
      <symbol id="sm-a64">
         <name>sensorOpt3001Read</name>
         <value>0x8281</value>
         <object_component_ref idref="oc-2a1"/>
      </symbol>
      <symbol id="sm-a65">
         <name>sensorOpt3001Convert</name>
         <value>0x8347</value>
         <object_component_ref idref="oc-2a1"/>
      </symbol>
      <symbol id="sm-a66">
         <name>sensorOpt3001Init</name>
         <value>0x8249</value>
         <object_component_ref idref="oc-2a1"/>
      </symbol>
      <symbol id="sm-a67">
         <name>sensorOpt3001Test</name>
         <value>0x82e5</value>
         <object_component_ref idref="oc-2a1"/>
      </symbol>
      <symbol id="sm-a9f">
         <name>TMP006_readAmbientTemperature</name>
         <value>0x60a5</value>
         <object_component_ref idref="oc-29b"/>
      </symbol>
      <symbol id="sm-aa0">
         <name>TMP006_readObjectTemperature</name>
         <value>0x60cd</value>
         <object_component_ref idref="oc-29b"/>
      </symbol>
      <symbol id="sm-aa1">
         <name>TMP006_init</name>
         <value>0x6061</value>
         <object_component_ref idref="oc-29b"/>
      </symbol>
      <symbol id="sm-acc">
         <name>edu_boosterpack_sensors_temperature_read</name>
         <value>0x7199</value>
         <object_component_ref idref="oc-1f2"/>
      </symbol>
      <symbol id="sm-acd">
         <name>edu_boosterpack_sensors_init</name>
         <value>0x6fa1</value>
         <object_component_ref idref="oc-1f2"/>
      </symbol>
      <symbol id="sm-ace">
         <name>edu_boosterpack_sensors_acceleration_read</name>
         <value>0x6fbf</value>
         <object_component_ref idref="oc-1f2"/>
      </symbol>
      <symbol id="sm-acf">
         <name>edu_boosterpack_sensors_light_read</name>
         <value>0x71a9</value>
         <object_component_ref idref="oc-1f2"/>
      </symbol>
      <symbol id="sm-b09">
         <name>debug1_off</name>
         <value>0x693d</value>
         <object_component_ref idref="oc-1ec"/>
      </symbol>
      <symbol id="sm-b0a">
         <name>debug1_toggle</name>
         <value>0x6949</value>
         <object_component_ref idref="oc-1ec"/>
      </symbol>
      <symbol id="sm-b0b">
         <name>debug4_on</name>
         <value>0x699d</value>
         <object_component_ref idref="oc-1ec"/>
      </symbol>
      <symbol id="sm-b0c">
         <name>led_red_toggle</name>
         <value>0x68b9</value>
         <object_component_ref idref="oc-1ec"/>
      </symbol>
      <symbol id="sm-b0d">
         <name>led_green_toggle</name>
         <value>0x6901</value>
         <object_component_ref idref="oc-1ec"/>
      </symbol>
      <symbol id="sm-b0e">
         <name>led_red1_off</name>
         <value>0x6919</value>
         <object_component_ref idref="oc-1ec"/>
      </symbol>
      <symbol id="sm-b0f">
         <name>debug1_on</name>
         <value>0x6931</value>
         <object_component_ref idref="oc-1ec"/>
      </symbol>
      <symbol id="sm-b10">
         <name>board_init</name>
         <value>0x688d</value>
         <object_component_ref idref="oc-1ec"/>
      </symbol>
      <symbol id="sm-b11">
         <name>led_red_off</name>
         <value>0x68ad</value>
         <object_component_ref idref="oc-1ec"/>
      </symbol>
      <symbol id="sm-b12">
         <name>led_red1_toggle</name>
         <value>0x6925</value>
         <object_component_ref idref="oc-1ec"/>
      </symbol>
      <symbol id="sm-b13">
         <name>led_blue_off</name>
         <value>0x68d1</value>
         <object_component_ref idref="oc-1ec"/>
      </symbol>
      <symbol id="sm-b14">
         <name>debug3_toggle</name>
         <value>0x6991</value>
         <object_component_ref idref="oc-1ec"/>
      </symbol>
      <symbol id="sm-b15">
         <name>debug4_toggle</name>
         <value>0x69b5</value>
         <object_component_ref idref="oc-1ec"/>
      </symbol>
      <symbol id="sm-b16">
         <name>led_red_on</name>
         <value>0x68a1</value>
         <object_component_ref idref="oc-1ec"/>
      </symbol>
      <symbol id="sm-b17">
         <name>debug4_off</name>
         <value>0x69a9</value>
         <object_component_ref idref="oc-1ec"/>
      </symbol>
      <symbol id="sm-b18">
         <name>debug3_on</name>
         <value>0x6979</value>
         <object_component_ref idref="oc-1ec"/>
      </symbol>
      <symbol id="sm-b19">
         <name>led_blue_toggle</name>
         <value>0x68dd</value>
         <object_component_ref idref="oc-1ec"/>
      </symbol>
      <symbol id="sm-b1a">
         <name>debug2_toggle</name>
         <value>0x696d</value>
         <object_component_ref idref="oc-1ec"/>
      </symbol>
      <symbol id="sm-b1b">
         <name>debug2_off</name>
         <value>0x6961</value>
         <object_component_ref idref="oc-1ec"/>
      </symbol>
      <symbol id="sm-b1c">
         <name>debug2_on</name>
         <value>0x6955</value>
         <object_component_ref idref="oc-1ec"/>
      </symbol>
      <symbol id="sm-b1d">
         <name>debug3_off</name>
         <value>0x6985</value>
         <object_component_ref idref="oc-1ec"/>
      </symbol>
      <symbol id="sm-b1e">
         <name>led_green_off</name>
         <value>0x68f5</value>
         <object_component_ref idref="oc-1ec"/>
      </symbol>
      <symbol id="sm-b1f">
         <name>led_blue_on</name>
         <value>0x68c5</value>
         <object_component_ref idref="oc-1ec"/>
      </symbol>
      <symbol id="sm-b20">
         <name>led_green_on</name>
         <value>0x68e9</value>
         <object_component_ref idref="oc-1ec"/>
      </symbol>
      <symbol id="sm-b21">
         <name>led_red1_on</name>
         <value>0x690d</value>
         <object_component_ref idref="oc-1ec"/>
      </symbol>
      <symbol id="sm-bb7">
         <name>pow</name>
         <value>0x332d</value>
         <object_component_ref idref="oc-307"/>
      </symbol>
      <symbol id="sm-bb8">
         <name>powl</name>
         <value>0x332d</value>
         <object_component_ref idref="oc-307"/>
      </symbol>
      <symbol id="sm-bda">
         <name>sqrtl</name>
         <value>0x83b5</value>
         <object_component_ref idref="oc-3ab"/>
      </symbol>
      <symbol id="sm-bdb">
         <name>sqrt</name>
         <value>0x83b5</value>
         <object_component_ref idref="oc-3ab"/>
      </symbol>
      <symbol id="sm-c11">
         <name>exp2l</name>
         <value>0x798d</value>
         <object_component_ref idref="oc-321"/>
      </symbol>
      <symbol id="sm-c12">
         <name>exp2</name>
         <value>0x798d</value>
         <object_component_ref idref="oc-321"/>
      </symbol>
      <symbol id="sm-c39">
         <name>scalbn</name>
         <value>0x8b19</value>
         <object_component_ref idref="oc-3b9"/>
      </symbol>
      <symbol id="sm-c3a">
         <name>scalbnl</name>
         <value>0x8b19</value>
         <object_component_ref idref="oc-3b9"/>
      </symbol>
      <symbol id="sm-c3b">
         <name>ldexpl</name>
         <value>0x8b19</value>
         <object_component_ref idref="oc-3b9"/>
      </symbol>
      <symbol id="sm-c3c">
         <name>ldexp</name>
         <value>0x8b19</value>
         <object_component_ref idref="oc-3b9"/>
      </symbol>
      <symbol id="sm-c46">
         <name>copysign</name>
         <value>0x9853</value>
         <object_component_ref idref="oc-44b"/>
      </symbol>
      <symbol id="sm-c47">
         <name>copysignl</name>
         <value>0x9853</value>
         <object_component_ref idref="oc-44b"/>
      </symbol>
      <symbol id="sm-c56">
         <name>__aeabi_memset</name>
         <value>0x9277</value>
         <object_component_ref idref="oc-11e"/>
      </symbol>
      <symbol id="sm-c57">
         <name>memset</name>
         <value>0x927d</value>
         <object_component_ref idref="oc-11e"/>
      </symbol>
      <symbol id="sm-c58">
         <name>__aeabi_memset8</name>
         <value>0x9277</value>
         <object_component_ref idref="oc-11e"/>
      </symbol>
      <symbol id="sm-c59">
         <name>__aeabi_memset4</name>
         <value>0x9277</value>
         <object_component_ref idref="oc-11e"/>
      </symbol>
      <symbol id="sm-c5a">
         <name>__aeabi_memclr8</name>
         <value>0x9275</value>
         <object_component_ref idref="oc-11e"/>
      </symbol>
      <symbol id="sm-c5b">
         <name>__aeabi_memclr4</name>
         <value>0x9275</value>
         <object_component_ref idref="oc-11e"/>
      </symbol>
      <symbol id="sm-c5c">
         <name>__aeabi_memclr</name>
         <value>0x9275</value>
         <object_component_ref idref="oc-11e"/>
      </symbol>
      <symbol id="sm-c6a">
         <name>__aeabi_uldivmod</name>
         <value>0x90d3</value>
         <object_component_ref idref="oc-3de"/>
      </symbol>
      <symbol id="sm-c81">
         <name>__aeabi_dsub</name>
         <value>0x7f25</value>
         <object_component_ref idref="oc-302"/>
      </symbol>
      <symbol id="sm-c82">
         <name>__aeabi_dadd</name>
         <value>0x7f2f</value>
         <object_component_ref idref="oc-302"/>
      </symbol>
      <symbol id="sm-ca4">
         <name>__aeabi_cdcmpeq</name>
         <value>0x9169</value>
         <object_component_ref idref="oc-33c"/>
      </symbol>
      <symbol id="sm-ca5">
         <name>__aeabi_cdcmple</name>
         <value>0x9169</value>
         <object_component_ref idref="oc-33c"/>
      </symbol>
      <symbol id="sm-ca6">
         <name>__aeabi_cdrcmple</name>
         <value>0x91ef</value>
         <object_component_ref idref="oc-3b4"/>
      </symbol>
      <symbol id="sm-cba">
         <name>__aeabi_ddiv</name>
         <value>0x8799</value>
         <object_component_ref idref="oc-30d"/>
      </symbol>
      <symbol id="sm-cc5">
         <name>__aeabi_dmul</name>
         <value>0x8c29</value>
         <object_component_ref idref="oc-2fd"/>
      </symbol>
      <symbol id="sm-ccf">
         <name>__aeabi_d2iz</name>
         <value>0x95e1</value>
         <object_component_ref idref="oc-3e5"/>
      </symbol>
      <symbol id="sm-cdb">
         <name>__aeabi_d2f</name>
         <value>0x935d</value>
         <object_component_ref idref="oc-312"/>
      </symbol>
      <symbol id="sm-ce6">
         <name>__aeabi_f2d</name>
         <value>0x9761</value>
         <object_component_ref idref="oc-1f8"/>
      </symbol>
      <symbol id="sm-cf0">
         <name>__aeabi_i2d</name>
         <value>0x9799</value>
         <object_component_ref idref="oc-2f8"/>
      </symbol>
      <symbol id="sm-d0c">
         <name>memcpy</name>
         <value>0x9037</value>
         <object_component_ref idref="oc-56"/>
      </symbol>
      <symbol id="sm-d0d">
         <name>__aeabi_memcpy</name>
         <value>0x9037</value>
         <object_component_ref idref="oc-56"/>
      </symbol>
      <symbol id="sm-d0e">
         <name>__aeabi_memcpy8</name>
         <value>0x9037</value>
         <object_component_ref idref="oc-56"/>
      </symbol>
      <symbol id="sm-d0f">
         <name>__aeabi_memcpy4</name>
         <value>0x9037</value>
         <object_component_ref idref="oc-56"/>
      </symbol>
      <symbol id="sm-d19">
         <name>__aeabi_ui2d</name>
         <value>0x97e9</value>
         <object_component_ref idref="oc-31c"/>
      </symbol>
      <symbol id="sm-d2b">
         <name>__TI_zero_init</name>
         <value>0x989b</value>
         <object_component_ref idref="oc-68"/>
      </symbol>
      <symbol id="sm-d42">
         <name>__TI_decompress_none</name>
         <value>0x988d</value>
         <object_component_ref idref="oc-19"/>
      </symbol>
      <symbol id="sm-d65">
         <name>__TI_decompress_lzss</name>
         <value>0x93cb</value>
         <object_component_ref idref="oc-13"/>
      </symbol>
      <symbol id="sm-d8c">
         <name>sprintf</name>
         <value>0x966d</value>
         <object_component_ref idref="oc-1fd"/>
      </symbol>
      <symbol id="sm-d9a">
         <name>strlen</name>
         <value>0x9867</value>
         <object_component_ref idref="oc-c2"/>
      </symbol>
      <symbol id="sm-db2">
         <name>__aeabi_errno_addr</name>
         <value>0x98b1</value>
         <object_component_ref idref="oc-365"/>
      </symbol>
      <symbol id="sm-db3">
         <name>errno</name>
         <value>0x2000c264</value>
         <object_component_ref idref="oc-421"/>
      </symbol>
      <symbol id="sm-dc6">
         <name>__stack</name>
         <value>0x2000fe00</value>
         <object_component_ref idref="oc-22"/>
      </symbol>
      <symbol id="sm-dc7">
         <name>_c_int00_noargs</name>
         <value>0x9729</value>
         <object_component_ref idref="oc-74"/>
      </symbol>
      <symbol id="sm-dd1">
         <name>__aeabi_idiv0</name>
         <value>0x332b</value>
         <object_component_ref idref="oc-468"/>
      </symbol>
      <symbol id="sm-dd2">
         <name>__aeabi_ldiv0</name>
         <value>0x332b</value>
         <object_component_ref idref="oc-468"/>
      </symbol>
      <symbol id="sm-dfa">
         <name>__TI_auto_init_nobinit_nopinit</name>
         <value>0x9629</value>
         <object_component_ref idref="oc-210"/>
      </symbol>
      <symbol id="sm-e04">
         <name>_system_pre_init</name>
         <value>0x98b9</value>
         <object_component_ref idref="oc-124"/>
      </symbol>
      <symbol id="sm-e10">
         <name>C$$EXIT</name>
         <value>0x98bd</value>
         <object_component_ref idref="oc-204"/>
      </symbol>
      <symbol id="sm-e11">
         <name>abort</name>
         <value>0x98bd</value>
         <object_component_ref idref="oc-204"/>
      </symbol>
      <symbol id="sm-f77">
         <name>__TI_printfi</name>
         <value>0x28cd</value>
         <object_component_ref idref="oc-2b0"/>
      </symbol>
      <symbol id="sm-f8e">
         <name>atoi</name>
         <value>0x9595</value>
         <object_component_ref idref="oc-330"/>
      </symbol>
      <symbol id="sm-f99">
         <name>_ctypes_</name>
         <value>0xa8c0</value>
         <object_component_ref idref="oc-3d9"/>
      </symbol>
      <symbol id="sm-fa8">
         <name>ltoa</name>
         <value>0x94ef</value>
         <object_component_ref idref="oc-3ea"/>
      </symbol>
      <symbol id="sm-fb8">
         <name>memccpy</name>
         <value>0x9809</value>
         <object_component_ref idref="oc-359"/>
      </symbol>
      <symbol id="sm-fc8">
         <name>strchr</name>
         <value>0x983d</value>
         <object_component_ref idref="oc-411"/>
      </symbol>
      <symbol id="sm-fe0">
         <name>frexpl</name>
         <value>0x9435</value>
         <object_component_ref idref="oc-40b"/>
      </symbol>
      <symbol id="sm-fe1">
         <name>frexp</name>
         <value>0x9435</value>
         <object_component_ref idref="oc-40b"/>
      </symbol>
      <symbol id="sm-ffa">
         <name>wcslen</name>
         <value>0x987b</value>
         <object_component_ref idref="oc-35f"/>
      </symbol>
      <symbol id="sm-ffb">
         <name>__TI_static_base__</name>
         <value>0x0</value>
      </symbol>
      <symbol id="sm-ffe">
         <name>__mpu_init</name>
         <value>0x0</value>
      </symbol>
      <symbol id="sm-fff">
         <name>_system_post_cinit</name>
         <value>0x0</value>
      </symbol>
   </symbol_table>
   <title>Link successful</title>
</link_info>
