<?xml version="1.0" encoding="ISO-8859-1" ?>
<link_info>
   <banner>TI ARM Linker Unix v18.1.3.LTS</banner>
   <copyright>Copyright (c) 1996-2017 Texas Instruments Incorporated</copyright>
   <link_time>0x5bf8ef00</link_time>
   <link_errors>0x0</link_errors>
   <output_file>PAC3_enunciat.out</output_file>
   <entry_point>
      <name>_c_int00_noargs</name>
      <address>0x10fed</address>
   </entry_point>
   <input_file_list>
      <input_file id="fl-2">
         <path>./</path>
         <kind>object</kind>
         <file>main.obj</file>
         <name>main.obj</name>
      </input_file>
      <input_file id="fl-3">
         <path>./</path>
         <kind>object</kind>
         <file>msp432_startup_ccs.obj</file>
         <name>msp432_startup_ccs.obj</name>
      </input_file>
      <input_file id="fl-4">
         <path>./</path>
         <kind>object</kind>
         <file>system_msp432p401r.obj</file>
         <name>system_msp432p401r.obj</name>
      </input_file>
      <input_file id="fl-5">
         <path>./driverslibPAC3/cc3100/board/</path>
         <kind>object</kind>
         <file>board.obj</file>
         <name>board.obj</name>
      </input_file>
      <input_file id="fl-6">
         <path>./driverslibPAC3/cc3100/board/</path>
         <kind>object</kind>
         <file>cli_uart.obj</file>
         <name>cli_uart.obj</name>
      </input_file>
      <input_file id="fl-7">
         <path>./driverslibPAC3/cc3100/board/</path>
         <kind>object</kind>
         <file>spi_cc3100.obj</file>
         <name>spi_cc3100.obj</name>
      </input_file>
      <input_file id="fl-8">
         <path>./driverslibPAC3/cc3100/oslib/</path>
         <kind>object</kind>
         <file>osi_freertos.obj</file>
         <name>osi_freertos.obj</name>
      </input_file>
      <input_file id="fl-9">
         <path>./driverslibPAC3/cc3100/simplelink/source/</path>
         <kind>object</kind>
         <file>device.obj</file>
         <name>device.obj</name>
      </input_file>
      <input_file id="fl-a">
         <path>./driverslibPAC3/cc3100/simplelink/source/</path>
         <kind>object</kind>
         <file>driver.obj</file>
         <name>driver.obj</name>
      </input_file>
      <input_file id="fl-b">
         <path>./driverslibPAC3/cc3100/simplelink/source/</path>
         <kind>object</kind>
         <file>flowcont.obj</file>
         <name>flowcont.obj</name>
      </input_file>
      <input_file id="fl-c">
         <path>./driverslibPAC3/cc3100/simplelink/source/</path>
         <kind>object</kind>
         <file>fs.obj</file>
         <name>fs.obj</name>
      </input_file>
      <input_file id="fl-d">
         <path>./driverslibPAC3/cc3100/simplelink/source/</path>
         <kind>object</kind>
         <file>netapp.obj</file>
         <name>netapp.obj</name>
      </input_file>
      <input_file id="fl-e">
         <path>./driverslibPAC3/cc3100/simplelink/source/</path>
         <kind>object</kind>
         <file>netcfg.obj</file>
         <name>netcfg.obj</name>
      </input_file>
      <input_file id="fl-f">
         <path>./driverslibPAC3/cc3100/simplelink/source/</path>
         <kind>object</kind>
         <file>socket.obj</file>
         <name>socket.obj</name>
      </input_file>
      <input_file id="fl-10">
         <path>./driverslibPAC3/cc3100/simplelink/source/</path>
         <kind>object</kind>
         <file>spawn.obj</file>
         <name>spawn.obj</name>
      </input_file>
      <input_file id="fl-11">
         <path>./driverslibPAC3/cc3100/simplelink/source/</path>
         <kind>object</kind>
         <file>wlan.obj</file>
         <name>wlan.obj</name>
      </input_file>
      <input_file id="fl-12">
         <path>./driverslibPAC3/freertos/cortex-m4/</path>
         <kind>object</kind>
         <file>port.obj</file>
         <name>port.obj</name>
      </input_file>
      <input_file id="fl-13">
         <path>./driverslibPAC3/freertos/cortex-m4/</path>
         <kind>object</kind>
         <file>portasm.obj</file>
         <name>portasm.obj</name>
      </input_file>
      <input_file id="fl-14">
         <path>./driverslibPAC3/freertos/src/</path>
         <kind>object</kind>
         <file>croutine.obj</file>
         <name>croutine.obj</name>
      </input_file>
      <input_file id="fl-15">
         <path>./driverslibPAC3/freertos/src/</path>
         <kind>object</kind>
         <file>event_groups.obj</file>
         <name>event_groups.obj</name>
      </input_file>
      <input_file id="fl-16">
         <path>./driverslibPAC3/freertos/src/</path>
         <kind>object</kind>
         <file>heap_1.obj</file>
         <name>heap_1.obj</name>
      </input_file>
      <input_file id="fl-17">
         <path>./driverslibPAC3/freertos/src/</path>
         <kind>object</kind>
         <file>list.obj</file>
         <name>list.obj</name>
      </input_file>
      <input_file id="fl-18">
         <path>./driverslibPAC3/freertos/src/</path>
         <kind>object</kind>
         <file>queue.obj</file>
         <name>queue.obj</name>
      </input_file>
      <input_file id="fl-19">
         <path>./driverslibPAC3/freertos/src/</path>
         <kind>object</kind>
         <file>tasks.obj</file>
         <name>tasks.obj</name>
      </input_file>
      <input_file id="fl-1a">
         <path>./driverslibPAC3/freertos/src/</path>
         <kind>object</kind>
         <file>timers.obj</file>
         <name>timers.obj</name>
      </input_file>
      <input_file id="fl-1b">
         <path>./driverslibPAC3/msp432/</path>
         <kind>object</kind>
         <file>adc14.obj</file>
         <name>adc14.obj</name>
      </input_file>
      <input_file id="fl-1c">
         <path>./driverslibPAC3/msp432/</path>
         <kind>object</kind>
         <file>aes256.obj</file>
         <name>aes256.obj</name>
      </input_file>
      <input_file id="fl-1d">
         <path>./driverslibPAC3/msp432/</path>
         <kind>object</kind>
         <file>comp_e.obj</file>
         <name>comp_e.obj</name>
      </input_file>
      <input_file id="fl-1e">
         <path>./driverslibPAC3/msp432/</path>
         <kind>object</kind>
         <file>cpu.obj</file>
         <name>cpu.obj</name>
      </input_file>
      <input_file id="fl-1f">
         <path>./driverslibPAC3/msp432/</path>
         <kind>object</kind>
         <file>crc32.obj</file>
         <name>crc32.obj</name>
      </input_file>
      <input_file id="fl-20">
         <path>./driverslibPAC3/msp432/</path>
         <kind>object</kind>
         <file>cs.obj</file>
         <name>cs.obj</name>
      </input_file>
      <input_file id="fl-21">
         <path>./driverslibPAC3/msp432/</path>
         <kind>object</kind>
         <file>dma.obj</file>
         <name>dma.obj</name>
      </input_file>
      <input_file id="fl-22">
         <path>./driverslibPAC3/msp432/</path>
         <kind>object</kind>
         <file>flash.obj</file>
         <name>flash.obj</name>
      </input_file>
      <input_file id="fl-23">
         <path>./driverslibPAC3/msp432/</path>
         <kind>object</kind>
         <file>fpu.obj</file>
         <name>fpu.obj</name>
      </input_file>
      <input_file id="fl-24">
         <path>./driverslibPAC3/msp432/</path>
         <kind>object</kind>
         <file>gpio.obj</file>
         <name>gpio.obj</name>
      </input_file>
      <input_file id="fl-25">
         <path>./driverslibPAC3/msp432/</path>
         <kind>object</kind>
         <file>i2c.obj</file>
         <name>i2c.obj</name>
      </input_file>
      <input_file id="fl-26">
         <path>./driverslibPAC3/msp432/</path>
         <kind>object</kind>
         <file>interrupt.obj</file>
         <name>interrupt.obj</name>
      </input_file>
      <input_file id="fl-27">
         <path>./driverslibPAC3/msp432/</path>
         <kind>object</kind>
         <file>mpu.obj</file>
         <name>mpu.obj</name>
      </input_file>
      <input_file id="fl-28">
         <path>./driverslibPAC3/msp432/</path>
         <kind>object</kind>
         <file>pcm.obj</file>
         <name>pcm.obj</name>
      </input_file>
      <input_file id="fl-29">
         <path>./driverslibPAC3/msp432/</path>
         <kind>object</kind>
         <file>pmap.obj</file>
         <name>pmap.obj</name>
      </input_file>
      <input_file id="fl-2a">
         <path>./driverslibPAC3/msp432/</path>
         <kind>object</kind>
         <file>pss.obj</file>
         <name>pss.obj</name>
      </input_file>
      <input_file id="fl-2b">
         <path>./driverslibPAC3/msp432/</path>
         <kind>object</kind>
         <file>ref_a.obj</file>
         <name>ref_a.obj</name>
      </input_file>
      <input_file id="fl-2c">
         <path>./driverslibPAC3/msp432/</path>
         <kind>object</kind>
         <file>reset.obj</file>
         <name>reset.obj</name>
      </input_file>
      <input_file id="fl-2d">
         <path>./driverslibPAC3/msp432/</path>
         <kind>object</kind>
         <file>rtc_c.obj</file>
         <name>rtc_c.obj</name>
      </input_file>
      <input_file id="fl-2e">
         <path>./driverslibPAC3/msp432/</path>
         <kind>object</kind>
         <file>spi.obj</file>
         <name>spi.obj</name>
      </input_file>
      <input_file id="fl-2f">
         <path>./driverslibPAC3/msp432/</path>
         <kind>object</kind>
         <file>sysctl.obj</file>
         <name>sysctl.obj</name>
      </input_file>
      <input_file id="fl-30">
         <path>./driverslibPAC3/msp432/</path>
         <kind>object</kind>
         <file>systick.obj</file>
         <name>systick.obj</name>
      </input_file>
      <input_file id="fl-31">
         <path>./driverslibPAC3/msp432/</path>
         <kind>object</kind>
         <file>timer32.obj</file>
         <name>timer32.obj</name>
      </input_file>
      <input_file id="fl-32">
         <path>./driverslibPAC3/msp432/</path>
         <kind>object</kind>
         <file>timer_a.obj</file>
         <name>timer_a.obj</name>
      </input_file>
      <input_file id="fl-33">
         <path>./driverslibPAC3/msp432/</path>
         <kind>object</kind>
         <file>uart.obj</file>
         <name>uart.obj</name>
      </input_file>
      <input_file id="fl-34">
         <path>./driverslibPAC3/msp432/</path>
         <kind>object</kind>
         <file>wdt_a.obj</file>
         <name>wdt_a.obj</name>
      </input_file>
      <input_file id="fl-35">
         <path>./driverslibPAC3/sensors/</path>
         <kind>object</kind>
         <file>bme280.obj</file>
         <name>bme280.obj</name>
      </input_file>
      <input_file id="fl-36">
         <path>./driverslibPAC3/sensors/</path>
         <kind>object</kind>
         <file>bme280_support.obj</file>
         <name>bme280_support.obj</name>
      </input_file>
      <input_file id="fl-37">
         <path>./driverslibPAC3/sensors/</path>
         <kind>object</kind>
         <file>bmi160.obj</file>
         <name>bmi160.obj</name>
      </input_file>
      <input_file id="fl-38">
         <path>./driverslibPAC3/sensors/</path>
         <kind>object</kind>
         <file>bmi160_support.obj</file>
         <name>bmi160_support.obj</name>
      </input_file>
      <input_file id="fl-39">
         <path>./driverslibPAC3/sensors/</path>
         <kind>object</kind>
         <file>bmx_utils.obj</file>
         <name>bmx_utils.obj</name>
      </input_file>
      <input_file id="fl-3a">
         <path>./driverslibPAC3/sensors/</path>
         <kind>object</kind>
         <file>i2c_driver.obj</file>
         <name>i2c_driver.obj</name>
      </input_file>
      <input_file id="fl-3b">
         <path>./driverslibPAC3/sensors/</path>
         <kind>object</kind>
         <file>opt3001.obj</file>
         <name>opt3001.obj</name>
      </input_file>
      <input_file id="fl-3c">
         <path>./driverslibPAC3/sensors/</path>
         <kind>object</kind>
         <file>tmp006.obj</file>
         <name>tmp006.obj</name>
      </input_file>
      <input_file id="fl-3d">
         <path>./driverslibPAC3/sensors/</path>
         <kind>object</kind>
         <file>tmp007.obj</file>
         <name>tmp007.obj</name>
      </input_file>
      <input_file id="fl-3e">
         <path>./driverslibPAC3/sntp/</path>
         <kind>object</kind>
         <file>sntp.obj</file>
         <name>sntp.obj</name>
      </input_file>
      <input_file id="fl-3f">
         <path>./driverslibPAC3/ti_cc3100_boosterpack/</path>
         <kind>object</kind>
         <file>cc3100_boosterpack.obj</file>
         <name>cc3100_boosterpack.obj</name>
      </input_file>
      <input_file id="fl-40">
         <path>./driverslibPAC3/ti_edu_boosterpack/</path>
         <kind>object</kind>
         <file>edu_boosterpack_buttons.obj</file>
         <name>edu_boosterpack_buttons.obj</name>
      </input_file>
      <input_file id="fl-41">
         <path>./driverslibPAC3/ti_edu_boosterpack/</path>
         <kind>object</kind>
         <file>edu_boosterpack_buzzer.obj</file>
         <name>edu_boosterpack_buzzer.obj</name>
      </input_file>
      <input_file id="fl-42">
         <path>./driverslibPAC3/ti_edu_boosterpack/</path>
         <kind>object</kind>
         <file>edu_boosterpack_microphone.obj</file>
         <name>edu_boosterpack_microphone.obj</name>
      </input_file>
      <input_file id="fl-43">
         <path>./driverslibPAC3/ti_edu_boosterpack/</path>
         <kind>object</kind>
         <file>edu_boosterpack_rgb.obj</file>
         <name>edu_boosterpack_rgb.obj</name>
      </input_file>
      <input_file id="fl-44">
         <path>./driverslibPAC3/ti_edu_boosterpack/</path>
         <kind>object</kind>
         <file>edu_boosterpack_sensors.obj</file>
         <name>edu_boosterpack_sensors.obj</name>
      </input_file>
      <input_file id="fl-45">
         <path>./driverslibPAC3/ti_msp432_launchpad/</path>
         <kind>object</kind>
         <file>msp432_launchpad_board.obj</file>
         <name>msp432_launchpad_board.obj</name>
      </input_file>
      <input_file id="fl-46">
         <path>./driverslibPAC3/ti_msp432_launchpad/</path>
         <kind>object</kind>
         <file>msp432_launchpad_temperature.obj</file>
         <name>msp432_launchpad_temperature.obj</name>
      </input_file>
      <input_file id="fl-4a">
         <kind>object</kind>
         <file>&lt;internal&gt;</file>
         <name>&lt;internal&gt;</name>
      </input_file>
      <input_file id="fl-100">
         <path>/Applications/ti/ccsv8/tools/compiler/ti-cgt-arm_18.1.3.LTS/lib/</path>
         <kind>archive</kind>
         <file>rtsv7M4_T_le_v4SPD16_eabi.lib</file>
         <name>e_pow.c.obj</name>
      </input_file>
      <input_file id="fl-101">
         <path>/Applications/ti/ccsv8/tools/compiler/ti-cgt-arm_18.1.3.LTS/lib/</path>
         <kind>archive</kind>
         <file>rtsv7M4_T_le_v4SPD16_eabi.lib</file>
         <name>e_sqrt.c.obj</name>
      </input_file>
      <input_file id="fl-102">
         <path>/Applications/ti/ccsv8/tools/compiler/ti-cgt-arm_18.1.3.LTS/lib/</path>
         <kind>archive</kind>
         <file>rtsv7M4_T_le_v4SPD16_eabi.lib</file>
         <name>s_exp2.c.obj</name>
      </input_file>
      <input_file id="fl-103">
         <path>/Applications/ti/ccsv8/tools/compiler/ti-cgt-arm_18.1.3.LTS/lib/</path>
         <kind>archive</kind>
         <file>rtsv7M4_T_le_v4SPD16_eabi.lib</file>
         <name>s_scalbn.c.obj</name>
      </input_file>
      <input_file id="fl-104">
         <path>/Applications/ti/ccsv8/tools/compiler/ti-cgt-arm_18.1.3.LTS/lib/</path>
         <kind>archive</kind>
         <file>rtsv7M4_T_le_v4SPD16_eabi.lib</file>
         <name>s_copysign.c.obj</name>
      </input_file>
      <input_file id="fl-105">
         <path>/Applications/ti/ccsv8/tools/compiler/ti-cgt-arm_18.1.3.LTS/lib/</path>
         <kind>archive</kind>
         <file>rtsv7M4_T_le_v4SPD16_eabi.lib</file>
         <name>memset_t2.asm.obj</name>
      </input_file>
      <input_file id="fl-106">
         <path>/Applications/ti/ccsv8/tools/compiler/ti-cgt-arm_18.1.3.LTS/lib/</path>
         <kind>archive</kind>
         <file>rtsv7M4_T_le_v4SPD16_eabi.lib</file>
         <name>ll_div_t2.asm.obj</name>
      </input_file>
      <input_file id="fl-107">
         <path>/Applications/ti/ccsv8/tools/compiler/ti-cgt-arm_18.1.3.LTS/lib/</path>
         <kind>archive</kind>
         <file>rtsv7M4_T_le_v4SPD16_eabi.lib</file>
         <name>ull_div_t2.asm.obj</name>
      </input_file>
      <input_file id="fl-108">
         <path>/Applications/ti/ccsv8/tools/compiler/ti-cgt-arm_18.1.3.LTS/lib/</path>
         <kind>archive</kind>
         <file>rtsv7M4_T_le_v4SPD16_eabi.lib</file>
         <name>fd_add_t2.asm.obj</name>
      </input_file>
      <input_file id="fl-109">
         <path>/Applications/ti/ccsv8/tools/compiler/ti-cgt-arm_18.1.3.LTS/lib/</path>
         <kind>archive</kind>
         <file>rtsv7M4_T_le_v4SPD16_eabi.lib</file>
         <name>fd_cmp_t2.asm.obj</name>
      </input_file>
      <input_file id="fl-10a">
         <path>/Applications/ti/ccsv8/tools/compiler/ti-cgt-arm_18.1.3.LTS/lib/</path>
         <kind>archive</kind>
         <file>rtsv7M4_T_le_v4SPD16_eabi.lib</file>
         <name>fd_div_t2.asm.obj</name>
      </input_file>
      <input_file id="fl-10b">
         <path>/Applications/ti/ccsv8/tools/compiler/ti-cgt-arm_18.1.3.LTS/lib/</path>
         <kind>archive</kind>
         <file>rtsv7M4_T_le_v4SPD16_eabi.lib</file>
         <name>fd_mul_t2.asm.obj</name>
      </input_file>
      <input_file id="fl-10c">
         <path>/Applications/ti/ccsv8/tools/compiler/ti-cgt-arm_18.1.3.LTS/lib/</path>
         <kind>archive</kind>
         <file>rtsv7M4_T_le_v4SPD16_eabi.lib</file>
         <name>fd_toi_t2.asm.obj</name>
      </input_file>
      <input_file id="fl-10d">
         <path>/Applications/ti/ccsv8/tools/compiler/ti-cgt-arm_18.1.3.LTS/lib/</path>
         <kind>archive</kind>
         <file>rtsv7M4_T_le_v4SPD16_eabi.lib</file>
         <name>fd_tos_t2.asm.obj</name>
      </input_file>
      <input_file id="fl-10e">
         <path>/Applications/ti/ccsv8/tools/compiler/ti-cgt-arm_18.1.3.LTS/lib/</path>
         <kind>archive</kind>
         <file>rtsv7M4_T_le_v4SPD16_eabi.lib</file>
         <name>fs_tod_t2.asm.obj</name>
      </input_file>
      <input_file id="fl-10f">
         <path>/Applications/ti/ccsv8/tools/compiler/ti-cgt-arm_18.1.3.LTS/lib/</path>
         <kind>archive</kind>
         <file>rtsv7M4_T_le_v4SPD16_eabi.lib</file>
         <name>i_tofd_t2.asm.obj</name>
      </input_file>
      <input_file id="fl-110">
         <path>/Applications/ti/ccsv8/tools/compiler/ti-cgt-arm_18.1.3.LTS/lib/</path>
         <kind>archive</kind>
         <file>rtsv7M4_T_le_v4SPD16_eabi.lib</file>
         <name>ll_mul_t2.asm.obj</name>
      </input_file>
      <input_file id="fl-111">
         <path>/Applications/ti/ccsv8/tools/compiler/ti-cgt-arm_18.1.3.LTS/lib/</path>
         <kind>archive</kind>
         <file>rtsv7M4_T_le_v4SPD16_eabi.lib</file>
         <name>memcpy_t2.asm.obj</name>
      </input_file>
      <input_file id="fl-112">
         <path>/Applications/ti/ccsv8/tools/compiler/ti-cgt-arm_18.1.3.LTS/lib/</path>
         <kind>archive</kind>
         <file>rtsv7M4_T_le_v4SPD16_eabi.lib</file>
         <name>u_tofd_t2.asm.obj</name>
      </input_file>
      <input_file id="fl-113">
         <path>/Applications/ti/ccsv8/tools/compiler/ti-cgt-arm_18.1.3.LTS/lib/</path>
         <kind>archive</kind>
         <file>rtsv7M4_T_le_v4SPD16_eabi.lib</file>
         <name>copy_zero_init.c.obj</name>
      </input_file>
      <input_file id="fl-114">
         <path>/Applications/ti/ccsv8/tools/compiler/ti-cgt-arm_18.1.3.LTS/lib/</path>
         <kind>archive</kind>
         <file>rtsv7M4_T_le_v4SPD16_eabi.lib</file>
         <name>copy_decompress_none.c.obj</name>
      </input_file>
      <input_file id="fl-115">
         <path>/Applications/ti/ccsv8/tools/compiler/ti-cgt-arm_18.1.3.LTS/lib/</path>
         <kind>archive</kind>
         <file>rtsv7M4_T_le_v4SPD16_eabi.lib</file>
         <name>copy_decompress_lzss.c.obj</name>
      </input_file>
      <input_file id="fl-116">
         <path>/Applications/ti/ccsv8/tools/compiler/ti-cgt-arm_18.1.3.LTS/lib/</path>
         <kind>archive</kind>
         <file>rtsv7M4_T_le_v4SPD16_eabi.lib</file>
         <name>gmtime.c.obj</name>
      </input_file>
      <input_file id="fl-117">
         <path>/Applications/ti/ccsv8/tools/compiler/ti-cgt-arm_18.1.3.LTS/lib/</path>
         <kind>archive</kind>
         <file>rtsv7M4_T_le_v4SPD16_eabi.lib</file>
         <name>localtim.c.obj</name>
      </input_file>
      <input_file id="fl-118">
         <path>/Applications/ti/ccsv8/tools/compiler/ti-cgt-arm_18.1.3.LTS/lib/</path>
         <kind>archive</kind>
         <file>rtsv7M4_T_le_v4SPD16_eabi.lib</file>
         <name>mktime.c.obj</name>
      </input_file>
      <input_file id="fl-119">
         <path>/Applications/ti/ccsv8/tools/compiler/ti-cgt-arm_18.1.3.LTS/lib/</path>
         <kind>archive</kind>
         <file>rtsv7M4_T_le_v4SPD16_eabi.lib</file>
         <name>sprintf.c.obj</name>
      </input_file>
      <input_file id="fl-11a">
         <path>/Applications/ti/ccsv8/tools/compiler/ti-cgt-arm_18.1.3.LTS/lib/</path>
         <kind>archive</kind>
         <file>rtsv7M4_T_le_v4SPD16_eabi.lib</file>
         <name>strlen.c.obj</name>
      </input_file>
      <input_file id="fl-11b">
         <path>/Applications/ti/ccsv8/tools/compiler/ti-cgt-arm_18.1.3.LTS/lib/</path>
         <kind>archive</kind>
         <file>rtsv7M4_T_le_v4SPD16_eabi.lib</file>
         <name>strtok.c.obj</name>
      </input_file>
      <input_file id="fl-11c">
         <path>/Applications/ti/ccsv8/tools/compiler/ti-cgt-arm_18.1.3.LTS/lib/</path>
         <kind>archive</kind>
         <file>rtsv7M4_T_le_v4SPD16_eabi.lib</file>
         <name>strtol.c.obj</name>
      </input_file>
      <input_file id="fl-11d">
         <path>/Applications/ti/ccsv8/tools/compiler/ti-cgt-arm_18.1.3.LTS/lib/</path>
         <kind>archive</kind>
         <file>rtsv7M4_T_le_v4SPD16_eabi.lib</file>
         <name>tmzone.c.obj</name>
      </input_file>
      <input_file id="fl-11e">
         <path>/Applications/ti/ccsv8/tools/compiler/ti-cgt-arm_18.1.3.LTS/lib/</path>
         <kind>archive</kind>
         <file>rtsv7M4_T_le_v4SPD16_eabi.lib</file>
         <name>errno.c.obj</name>
      </input_file>
      <input_file id="fl-11f">
         <path>/Applications/ti/ccsv8/tools/compiler/ti-cgt-arm_18.1.3.LTS/lib/</path>
         <kind>archive</kind>
         <file>rtsv7M4_T_le_v4SPD16_eabi.lib</file>
         <name>boot_cortex_m.c.obj</name>
      </input_file>
      <input_file id="fl-120">
         <path>/Applications/ti/ccsv8/tools/compiler/ti-cgt-arm_18.1.3.LTS/lib/</path>
         <kind>archive</kind>
         <file>rtsv7M4_T_le_v4SPD16_eabi.lib</file>
         <name>div0.asm.obj</name>
      </input_file>
      <input_file id="fl-121">
         <path>/Applications/ti/ccsv8/tools/compiler/ti-cgt-arm_18.1.3.LTS/lib/</path>
         <kind>archive</kind>
         <file>rtsv7M4_T_le_v4SPD16_eabi.lib</file>
         <name>u_divt2.asm.obj</name>
      </input_file>
      <input_file id="fl-122">
         <path>/Applications/ti/ccsv8/tools/compiler/ti-cgt-arm_18.1.3.LTS/lib/</path>
         <kind>archive</kind>
         <file>rtsv7M4_T_le_v4SPD16_eabi.lib</file>
         <name>autoinit.c.obj</name>
      </input_file>
      <input_file id="fl-123">
         <path>/Applications/ti/ccsv8/tools/compiler/ti-cgt-arm_18.1.3.LTS/lib/</path>
         <kind>archive</kind>
         <file>rtsv7M4_T_le_v4SPD16_eabi.lib</file>
         <name>pre_init.c.obj</name>
      </input_file>
      <input_file id="fl-124">
         <path>/Applications/ti/ccsv8/tools/compiler/ti-cgt-arm_18.1.3.LTS/lib/</path>
         <kind>archive</kind>
         <file>rtsv7M4_T_le_v4SPD16_eabi.lib</file>
         <name>cpy_tbl.c.obj</name>
      </input_file>
      <input_file id="fl-125">
         <path>/Applications/ti/ccsv8/tools/compiler/ti-cgt-arm_18.1.3.LTS/lib/</path>
         <kind>archive</kind>
         <file>rtsv7M4_T_le_v4SPD16_eabi.lib</file>
         <name>exit.c.obj</name>
      </input_file>
      <input_file id="fl-126">
         <path>/Applications/ti/ccsv8/tools/compiler/ti-cgt-arm_18.1.3.LTS/lib/</path>
         <kind>archive</kind>
         <file>rtsv7M4_T_le_v4SPD16_eabi.lib</file>
         <name>_lock.c.obj</name>
      </input_file>
      <input_file id="fl-127">
         <path>/Applications/ti/ccsv8/tools/compiler/ti-cgt-arm_18.1.3.LTS/lib/</path>
         <kind>archive</kind>
         <file>rtsv7M4_T_le_v4SPD16_eabi.lib</file>
         <name>_printfi.c.obj</name>
      </input_file>
      <input_file id="fl-128">
         <path>/Applications/ti/ccsv8/tools/compiler/ti-cgt-arm_18.1.3.LTS/lib/</path>
         <kind>archive</kind>
         <file>rtsv7M4_T_le_v4SPD16_eabi.lib</file>
         <name>args_main.c.obj</name>
      </input_file>
      <input_file id="fl-129">
         <path>/Applications/ti/ccsv8/tools/compiler/ti-cgt-arm_18.1.3.LTS/lib/</path>
         <kind>archive</kind>
         <file>rtsv7M4_T_le_v4SPD16_eabi.lib</file>
         <name>atoi.c.obj</name>
      </input_file>
      <input_file id="fl-12a">
         <path>/Applications/ti/ccsv8/tools/compiler/ti-cgt-arm_18.1.3.LTS/lib/</path>
         <kind>archive</kind>
         <file>rtsv7M4_T_le_v4SPD16_eabi.lib</file>
         <name>ctype.c.obj</name>
      </input_file>
      <input_file id="fl-12b">
         <path>/Applications/ti/ccsv8/tools/compiler/ti-cgt-arm_18.1.3.LTS/lib/</path>
         <kind>archive</kind>
         <file>rtsv7M4_T_le_v4SPD16_eabi.lib</file>
         <name>ltoa.c.obj</name>
      </input_file>
      <input_file id="fl-12c">
         <path>/Applications/ti/ccsv8/tools/compiler/ti-cgt-arm_18.1.3.LTS/lib/</path>
         <kind>archive</kind>
         <file>rtsv7M4_T_le_v4SPD16_eabi.lib</file>
         <name>memccpy.c.obj</name>
      </input_file>
      <input_file id="fl-12d">
         <path>/Applications/ti/ccsv8/tools/compiler/ti-cgt-arm_18.1.3.LTS/lib/</path>
         <kind>archive</kind>
         <file>rtsv7M4_T_le_v4SPD16_eabi.lib</file>
         <name>strchr.c.obj</name>
      </input_file>
      <input_file id="fl-12e">
         <path>/Applications/ti/ccsv8/tools/compiler/ti-cgt-arm_18.1.3.LTS/lib/</path>
         <kind>archive</kind>
         <file>rtsv7M4_T_le_v4SPD16_eabi.lib</file>
         <name>strcspn.c.obj</name>
      </input_file>
      <input_file id="fl-12f">
         <path>/Applications/ti/ccsv8/tools/compiler/ti-cgt-arm_18.1.3.LTS/lib/</path>
         <kind>archive</kind>
         <file>rtsv7M4_T_le_v4SPD16_eabi.lib</file>
         <name>strspn.c.obj</name>
      </input_file>
      <input_file id="fl-130">
         <path>/Applications/ti/ccsv8/tools/compiler/ti-cgt-arm_18.1.3.LTS/lib/</path>
         <kind>archive</kind>
         <file>rtsv7M4_T_le_v4SPD16_eabi.lib</file>
         <name>s_frexp.c.obj</name>
      </input_file>
      <input_file id="fl-131">
         <path>/Applications/ti/ccsv8/tools/compiler/ti-cgt-arm_18.1.3.LTS/lib/</path>
         <kind>archive</kind>
         <file>rtsv7M4_T_le_v4SPD16_eabi.lib</file>
         <name>wcslen.c.obj</name>
      </input_file>
   </input_file_list>
   <object_component_list>
      <object_component id="oc-10">
         <name>.intvecs:retain</name>
         <load_address>0x0</load_address>
         <run_address>0x0</run_address>
         <size>0x144</size>
         <input_file_ref idref="fl-3"/>
      </object_component>
      <object_component id="oc-3b3">
         <name>.text</name>
         <load_address>0x144</load_address>
         <run_address>0x144</run_address>
         <size>0x1c2c</size>
         <input_file_ref idref="fl-a"/>
      </object_component>
      <object_component id="oc-95">
         <name>.text</name>
         <load_address>0x1d70</load_address>
         <run_address>0x1d70</run_address>
         <size>0x1a0c</size>
         <input_file_ref idref="fl-19"/>
      </object_component>
      <object_component id="oc-2f5">
         <name>.text</name>
         <load_address>0x377c</load_address>
         <run_address>0x377c</run_address>
         <size>0xe08</size>
         <input_file_ref idref="fl-f"/>
      </object_component>
      <object_component id="oc-9c">
         <name>.text</name>
         <load_address>0x4584</load_address>
         <run_address>0x4584</run_address>
         <size>0xd7c</size>
         <input_file_ref idref="fl-20"/>
      </object_component>
      <object_component id="oc-1f9">
         <name>.text</name>
         <load_address>0x5300</load_address>
         <run_address>0x5300</run_address>
         <size>0xca4</size>
         <input_file_ref idref="fl-18"/>
      </object_component>
      <object_component id="oc-30a">
         <name>.text</name>
         <load_address>0x5fa4</load_address>
         <run_address>0x5fa4</run_address>
         <size>0xc14</size>
         <input_file_ref idref="fl-11"/>
      </object_component>
      <object_component id="oc-2fe">
         <name>.text</name>
         <load_address>0x6bb8</load_address>
         <run_address>0x6bb8</run_address>
         <size>0xb04</size>
         <input_file_ref idref="fl-d"/>
      </object_component>
      <object_component id="oc-34a">
         <name>.text:__TI_printfi</name>
         <load_address>0x76bc</load_address>
         <run_address>0x76bc</run_address>
         <size>0xa5e</size>
         <input_file_ref idref="fl-127"/>
      </object_component>
      <object_component id="oc-643">
         <name>.text</name>
         <load_address>0x811a</load_address>
         <run_address>0x811a</run_address>
         <size>0x2</size>
         <input_file_ref idref="fl-120"/>
      </object_component>
      <object_component id="oc-1f3">
         <name>.text</name>
         <load_address>0x811c</load_address>
         <run_address>0x811c</run_address>
         <size>0xa4c</size>
         <input_file_ref idref="fl-3f"/>
      </object_component>
      <object_component id="oc-53b">
         <name>.text:pow</name>
         <load_address>0x8b68</load_address>
         <run_address>0x8b68</run_address>
         <size>0x9c0</size>
         <input_file_ref idref="fl-100"/>
      </object_component>
      <object_component id="oc-36f">
         <name>.text</name>
         <load_address>0x9528</load_address>
         <run_address>0x9528</run_address>
         <size>0x8d4</size>
         <input_file_ref idref="fl-1b"/>
      </object_component>
      <object_component id="oc-bc">
         <name>.text</name>
         <load_address>0x9dfc</load_address>
         <run_address>0x9dfc</run_address>
         <size>0x838</size>
         <input_file_ref idref="fl-28"/>
      </object_component>
      <object_component id="oc-db">
         <name>.text</name>
         <load_address>0xa634</load_address>
         <run_address>0xa634</run_address>
         <size>0x7a8</size>
         <input_file_ref idref="fl-25"/>
      </object_component>
      <object_component id="oc-5ae">
         <name>.text</name>
         <load_address>0xaddc</load_address>
         <run_address>0xaddc</run_address>
         <size>0x780</size>
         <input_file_ref idref="fl-21"/>
      </object_component>
      <object_component id="oc-3c">
         <name>.text</name>
         <load_address>0xb55c</load_address>
         <run_address>0xb55c</run_address>
         <size>0x5b8</size>
         <input_file_ref idref="fl-3a"/>
      </object_component>
      <object_component id="oc-1af">
         <name>.text</name>
         <load_address>0xbb14</load_address>
         <run_address>0xbb14</run_address>
         <size>0x508</size>
         <input_file_ref idref="fl-2d"/>
      </object_component>
      <object_component id="oc-2dd">
         <name>.text</name>
         <load_address>0xc01c</load_address>
         <run_address>0xc01c</run_address>
         <size>0x4f0</size>
         <input_file_ref idref="fl-9"/>
      </object_component>
      <object_component id="oc-21c">
         <name>.text</name>
         <load_address>0xc50c</load_address>
         <run_address>0xc50c</run_address>
         <size>0x448</size>
         <input_file_ref idref="fl-8"/>
      </object_component>
      <object_component id="oc-363">
         <name>.text</name>
         <load_address>0xc954</load_address>
         <run_address>0xc954</run_address>
         <size>0x43c</size>
         <input_file_ref idref="fl-3c"/>
      </object_component>
      <object_component id="oc-b6">
         <name>.text</name>
         <load_address>0xcd90</load_address>
         <run_address>0xcd90</run_address>
         <size>0x3f0</size>
         <input_file_ref idref="fl-26"/>
      </object_component>
      <object_component id="oc-1ed">
         <name>.text</name>
         <load_address>0xd180</load_address>
         <run_address>0xd180</run_address>
         <size>0x3ec</size>
         <input_file_ref idref="fl-45"/>
      </object_component>
      <object_component id="oc-3b9">
         <name>.text</name>
         <load_address>0xd56c</load_address>
         <run_address>0xd56c</run_address>
         <size>0x3e0</size>
         <input_file_ref idref="fl-7"/>
      </object_component>
      <object_component id="oc-12a">
         <name>.text</name>
         <load_address>0xd94c</load_address>
         <run_address>0xd94c</run_address>
         <size>0x360</size>
         <input_file_ref idref="fl-2"/>
      </object_component>
      <object_component id="oc-88">
         <name>.text</name>
         <load_address>0xdcac</load_address>
         <run_address>0xdcac</run_address>
         <size>0x328</size>
         <input_file_ref idref="fl-4"/>
      </object_component>
      <object_component id="oc-211">
         <name>.text</name>
         <load_address>0xdfd4</load_address>
         <run_address>0xdfd4</run_address>
         <size>0x2b0</size>
         <input_file_ref idref="fl-44"/>
      </object_component>
      <object_component id="oc-4ce">
         <name>.text:__mktime32</name>
         <load_address>0xe284</load_address>
         <run_address>0xe284</run_address>
         <size>0x2a0</size>
         <input_file_ref idref="fl-118"/>
      </object_component>
      <object_component id="oc-30">
         <name>.text</name>
         <load_address>0xe524</load_address>
         <run_address>0xe524</run_address>
         <size>0x288</size>
         <input_file_ref idref="fl-12"/>
      </object_component>
      <object_component id="oc-1ff">
         <name>.text</name>
         <load_address>0xe7ac</load_address>
         <run_address>0xe7ac</run_address>
         <size>0x27c</size>
         <input_file_ref idref="fl-3e"/>
      </object_component>
      <object_component id="oc-50a">
         <name>.text:_pconv_a</name>
         <load_address>0xea28</load_address>
         <run_address>0xea28</run_address>
         <size>0x270</size>
         <input_file_ref idref="fl-127"/>
      </object_component>
      <object_component id="oc-16f">
         <name>.text</name>
         <load_address>0xec98</load_address>
         <run_address>0xec98</run_address>
         <size>0x244</size>
         <input_file_ref idref="fl-2f"/>
      </object_component>
      <object_component id="oc-555">
         <name>.text:exp2</name>
         <load_address>0xeedc</load_address>
         <run_address>0xeedc</run_address>
         <size>0x1fc</size>
         <input_file_ref idref="fl-102"/>
      </object_component>
      <object_component id="oc-4f8">
         <name>.text:_pconv_g</name>
         <load_address>0xf0d8</load_address>
         <run_address>0xf0d8</run_address>
         <size>0x1d0</size>
         <input_file_ref idref="fl-127"/>
      </object_component>
      <object_component id="oc-42">
         <name>.text</name>
         <load_address>0xf2a8</load_address>
         <run_address>0xf2a8</run_address>
         <size>0x1cc</size>
         <input_file_ref idref="fl-5"/>
      </object_component>
      <object_component id="oc-536">
         <name>.text</name>
         <load_address>0xf474</load_address>
         <run_address>0xf474</run_address>
         <size>0x1b6</size>
         <input_file_ref idref="fl-108"/>
      </object_component>
      <object_component id="oc-36">
         <name>.text</name>
         <load_address>0xf62c</load_address>
         <run_address>0xf62c</run_address>
         <size>0x16c</size>
         <input_file_ref idref="fl-6"/>
      </object_component>
      <object_component id="oc-369">
         <name>.text</name>
         <load_address>0xf798</load_address>
         <run_address>0xf798</run_address>
         <size>0x16c</size>
         <input_file_ref idref="fl-3b"/>
      </object_component>
      <object_component id="oc-6bd">
         <name>.text:sqrt</name>
         <load_address>0xf904</load_address>
         <run_address>0xf904</run_address>
         <size>0x158</size>
         <input_file_ref idref="fl-101"/>
      </object_component>
      <object_component id="oc-504">
         <name>.text:_pconv_e</name>
         <load_address>0xfa5c</load_address>
         <run_address>0xfa5c</run_address>
         <size>0x13c</size>
         <input_file_ref idref="fl-127"/>
      </object_component>
      <object_component id="oc-2e3">
         <name>.text</name>
         <load_address>0xfb98</load_address>
         <run_address>0xfb98</run_address>
         <size>0x138</size>
         <input_file_ref idref="fl-e"/>
      </object_component>
      <object_component id="oc-541">
         <name>.text</name>
         <load_address>0xfcd0</load_address>
         <run_address>0xfcd0</run_address>
         <size>0x136</size>
         <input_file_ref idref="fl-10a"/>
      </object_component>
      <object_component id="oc-33a">
         <name>.text:__localtime32</name>
         <load_address>0xfe08</load_address>
         <run_address>0xfe08</run_address>
         <size>0x134</size>
         <input_file_ref idref="fl-117"/>
      </object_component>
      <object_component id="oc-2ef">
         <name>.text:strtol</name>
         <load_address>0xff3c</load_address>
         <run_address>0xff3c</run_address>
         <size>0x130</size>
         <input_file_ref idref="fl-11c"/>
      </object_component>
      <object_component id="oc-150">
         <name>.text</name>
         <load_address>0x1006c</load_address>
         <run_address>0x1006c</run_address>
         <size>0x12a</size>
         <input_file_ref idref="fl-17"/>
      </object_component>
      <object_component id="oc-67f">
         <name>.text:fcvt</name>
         <load_address>0x10198</load_address>
         <run_address>0x10198</run_address>
         <size>0x120</size>
         <input_file_ref idref="fl-127"/>
      </object_component>
      <object_component id="oc-693">
         <name>.text:scalbn</name>
         <load_address>0x102b8</load_address>
         <run_address>0x102b8</run_address>
         <size>0x110</size>
         <input_file_ref idref="fl-103"/>
      </object_component>
      <object_component id="oc-531">
         <name>.text</name>
         <load_address>0x103c8</load_address>
         <run_address>0x103c8</run_address>
         <size>0xfc</size>
         <input_file_ref idref="fl-10b"/>
      </object_component>
      <object_component id="oc-1a9">
         <name>.text</name>
         <load_address>0x104c4</load_address>
         <run_address>0x104c4</run_address>
         <size>0xd8</size>
         <input_file_ref idref="fl-34"/>
      </object_component>
      <object_component id="oc-2b">
         <name>.text</name>
         <load_address>0x1059c</load_address>
         <run_address>0x1059c</run_address>
         <size>0xd2</size>
         <input_file_ref idref="fl-13"/>
      </object_component>
      <object_component id="oc-14a">
         <name>.text</name>
         <load_address>0x10670</load_address>
         <run_address>0x10670</run_address>
         <size>0xb4</size>
         <input_file_ref idref="fl-16"/>
      </object_component>
      <object_component id="oc-4ed">
         <name>.text:_ltostr</name>
         <load_address>0x10724</load_address>
         <run_address>0x10724</run_address>
         <size>0xb1</size>
         <input_file_ref idref="fl-127"/>
      </object_component>
      <object_component id="oc-56">
         <name>.text</name>
         <load_address>0x107d6</load_address>
         <run_address>0x107d6</run_address>
         <size>0x9c</size>
         <input_file_ref idref="fl-111"/>
      </object_component>
      <object_component id="oc-65b">
         <name>.text</name>
         <load_address>0x10872</load_address>
         <run_address>0x10872</run_address>
         <size>0x96</size>
         <input_file_ref idref="fl-107"/>
      </object_component>
      <object_component id="oc-4f3">
         <name>.text:__aeabi_cdcmple</name>
         <load_address>0x10908</load_address>
         <run_address>0x10908</run_address>
         <size>0x86</size>
         <input_file_ref idref="fl-109"/>
      </object_component>
      <object_component id="oc-662">
         <name>.text:__aeabi_cdrcmple</name>
         <load_address>0x1098e</load_address>
         <run_address>0x1098e</run_address>
         <size>0x86</size>
         <input_file_ref idref="fl-109"/>
      </object_component>
      <object_component id="oc-11e">
         <name>.text</name>
         <load_address>0x10a14</load_address>
         <run_address>0x10a14</run_address>
         <size>0x7a</size>
         <input_file_ref idref="fl-105"/>
      </object_component>
      <object_component id="oc-678">
         <name>.text:_mcpy</name>
         <load_address>0x10a8e</load_address>
         <run_address>0x10a8e</run_address>
         <size>0x6e</size>
         <input_file_ref idref="fl-127"/>
      </object_component>
      <object_component id="oc-546">
         <name>.text</name>
         <load_address>0x10afc</load_address>
         <run_address>0x10afc</run_address>
         <size>0x6e</size>
         <input_file_ref idref="fl-10d"/>
      </object_component>
      <object_component id="oc-649">
         <name>.text</name>
         <load_address>0x10b6a</load_address>
         <run_address>0x10b6a</run_address>
         <size>0x6e</size>
         <input_file_ref idref="fl-106"/>
      </object_component>
      <object_component id="oc-13">
         <name>.text:decompress:lzss:__TI_decompress_lzss</name>
         <load_address>0x10bd8</load_address>
         <run_address>0x10bd8</run_address>
         <size>0x68</size>
         <input_file_ref idref="fl-115"/>
      </object_component>
      <object_component id="oc-68d">
         <name>.text:frexp</name>
         <load_address>0x10c40</load_address>
         <run_address>0x10c40</run_address>
         <size>0x64</size>
         <input_file_ref idref="fl-130"/>
      </object_component>
      <object_component id="oc-4fe">
         <name>.text:_pconv_f</name>
         <load_address>0x10ca4</load_address>
         <run_address>0x10ca4</run_address>
         <size>0x56</size>
         <input_file_ref idref="fl-127"/>
      </object_component>
      <object_component id="oc-66c">
         <name>.text:ltoa</name>
         <load_address>0x10cfa</load_address>
         <run_address>0x10cfa</run_address>
         <size>0x54</size>
         <input_file_ref idref="fl-12b"/>
      </object_component>
      <object_component id="oc-672">
         <name>.text:_ecpy</name>
         <load_address>0x10d4e</load_address>
         <run_address>0x10d4e</run_address>
         <size>0x52</size>
         <input_file_ref idref="fl-127"/>
      </object_component>
      <object_component id="oc-4e7">
         <name>.text:atoi</name>
         <load_address>0x10da0</load_address>
         <run_address>0x10da0</run_address>
         <size>0x4c</size>
         <input_file_ref idref="fl-129"/>
      </object_component>
      <object_component id="oc-667">
         <name>.text</name>
         <load_address>0x10dec</load_address>
         <run_address>0x10dec</run_address>
         <size>0x48</size>
         <input_file_ref idref="fl-10c"/>
      </object_component>
      <object_component id="oc-23e">
         <name>.text:__TI_auto_init_nobinit_nopinit:__TI_auto_init_nobinit_nopinit</name>
         <load_address>0x10e34</load_address>
         <run_address>0x10e34</run_address>
         <size>0x44</size>
         <input_file_ref idref="fl-122"/>
      </object_component>
      <object_component id="oc-4c9">
         <name>.text</name>
         <load_address>0x10e78</load_address>
         <run_address>0x10e78</run_address>
         <size>0x40</size>
         <input_file_ref idref="fl-121"/>
      </object_component>
      <object_component id="oc-20b">
         <name>.text:sprintf</name>
         <load_address>0x10eb8</load_address>
         <run_address>0x10eb8</run_address>
         <size>0x40</size>
         <input_file_ref idref="fl-119"/>
      </object_component>
      <object_component id="oc-2e9">
         <name>.text:strtok</name>
         <load_address>0x10ef8</load_address>
         <run_address>0x10ef8</run_address>
         <size>0x40</size>
         <input_file_ref idref="fl-11b"/>
      </object_component>
      <object_component id="oc-685">
         <name>.text:_fcpy</name>
         <load_address>0x10f38</load_address>
         <run_address>0x10f38</run_address>
         <size>0x3e</size>
         <input_file_ref idref="fl-127"/>
      </object_component>
      <object_component id="oc-18c">
         <name>.text</name>
         <load_address>0x10f76</load_address>
         <run_address>0x10f76</run_address>
         <size>0x3e</size>
         <input_file_ref idref="fl-1e"/>
      </object_component>
      <object_component id="oc-205">
         <name>.text:__gmtime32</name>
         <load_address>0x10fb4</load_address>
         <run_address>0x10fb4</run_address>
         <size>0x38</size>
         <input_file_ref idref="fl-116"/>
      </object_component>
      <object_component id="oc-74">
         <name>.text:_c_int00_noargs:_c_int00_noargs</name>
         <load_address>0x10fec</load_address>
         <run_address>0x10fec</run_address>
         <size>0x38</size>
         <input_file_ref idref="fl-11f"/>
      </object_component>
      <object_component id="oc-217">
         <name>.text</name>
         <load_address>0x11024</load_address>
         <run_address>0x11024</run_address>
         <size>0x38</size>
         <input_file_ref idref="fl-10e"/>
      </object_component>
      <object_component id="oc-52c">
         <name>.text</name>
         <load_address>0x1105c</load_address>
         <run_address>0x1105c</run_address>
         <size>0x2e</size>
         <input_file_ref idref="fl-10f"/>
      </object_component>
      <object_component id="oc-3fa">
         <name>.text:strspn</name>
         <load_address>0x1108a</load_address>
         <run_address>0x1108a</run_address>
         <size>0x2a</size>
         <input_file_ref idref="fl-12f"/>
      </object_component>
      <object_component id="oc-400">
         <name>.text:strcspn</name>
         <load_address>0x110b4</load_address>
         <run_address>0x110b4</run_address>
         <size>0x24</size>
         <input_file_ref idref="fl-12e"/>
      </object_component>
      <object_component id="oc-25">
         <name>.text</name>
         <load_address>0x110d8</load_address>
         <run_address>0x110d8</run_address>
         <size>0x20</size>
         <input_file_ref idref="fl-3"/>
      </object_component>
      <object_component id="oc-550">
         <name>.text</name>
         <load_address>0x110f8</load_address>
         <run_address>0x110f8</run_address>
         <size>0x20</size>
         <input_file_ref idref="fl-112"/>
      </object_component>
      <object_component id="oc-510">
         <name>.text:memccpy</name>
         <load_address>0x11118</load_address>
         <run_address>0x11118</run_address>
         <size>0x1c</size>
         <input_file_ref idref="fl-12c"/>
      </object_component>
      <object_component id="oc-350">
         <name>.text:_outs</name>
         <load_address>0x11134</load_address>
         <run_address>0x11134</run_address>
         <size>0x18</size>
         <input_file_ref idref="fl-119"/>
      </object_component>
      <object_component id="oc-699">
         <name>.text:strchr</name>
         <load_address>0x1114c</load_address>
         <run_address>0x1114c</run_address>
         <size>0x16</size>
         <input_file_ref idref="fl-12d"/>
      </object_component>
      <object_component id="oc-72f">
         <name>.text:copysign</name>
         <load_address>0x11162</load_address>
         <run_address>0x11162</run_address>
         <size>0x14</size>
         <input_file_ref idref="fl-104"/>
      </object_component>
      <object_component id="oc-c2">
         <name>.text:strlen</name>
         <load_address>0x11176</load_address>
         <run_address>0x11176</run_address>
         <size>0x14</size>
         <input_file_ref idref="fl-11a"/>
      </object_component>
      <object_component id="oc-516">
         <name>.text:wcslen</name>
         <load_address>0x1118a</load_address>
         <run_address>0x1118a</run_address>
         <size>0x12</size>
         <input_file_ref idref="fl-131"/>
      </object_component>
      <object_component id="oc-19">
         <name>.text:decompress:none:__TI_decompress_none</name>
         <load_address>0x1119c</load_address>
         <run_address>0x1119c</run_address>
         <size>0xe</size>
         <input_file_ref idref="fl-114"/>
      </object_component>
      <object_component id="oc-68">
         <name>.text:decompress:ZI:__TI_zero_init</name>
         <load_address>0x111aa</load_address>
         <run_address>0x111aa</run_address>
         <size>0xc</size>
         <input_file_ref idref="fl-113"/>
      </object_component>
      <object_component id="oc-356">
         <name>.text:_outc</name>
         <load_address>0x111b6</load_address>
         <run_address>0x111b6</run_address>
         <size>0xa</size>
         <input_file_ref idref="fl-119"/>
      </object_component>
      <object_component id="oc-40b">
         <name>.text:__aeabi_errno_addr</name>
         <load_address>0x111c0</load_address>
         <run_address>0x111c0</run_address>
         <size>0x8</size>
         <input_file_ref idref="fl-11e"/>
      </object_component>
      <object_component id="oc-124">
         <name>.text:_system_pre_init</name>
         <load_address>0x111c8</load_address>
         <run_address>0x111c8</run_address>
         <size>0x4</size>
         <input_file_ref idref="fl-123"/>
      </object_component>
      <object_component id="oc-232">
         <name>.text:abort:abort</name>
         <load_address>0x111cc</load_address>
         <run_address>0x111cc</run_address>
         <size>0x4</size>
         <input_file_ref idref="fl-125"/>
      </object_component>
      <object_component id="oc-6d5">
         <name>.const:tbl</name>
         <load_address>0x111d0</load_address>
         <run_address>0x111d0</run_address>
         <size>0x1000</size>
         <input_file_ref idref="fl-102"/>
      </object_component>
      <object_component id="oc-411">
         <name>.const:.string:_ctypes_</name>
         <load_address>0x121d0</load_address>
         <run_address>0x121d0</run_address>
         <size>0x101</size>
         <input_file_ref idref="fl-12a"/>
      </object_component>
      <object_component id="oc-55d">
         <name>.const:_ctlRegs</name>
         <load_address>0x122d4</load_address>
         <run_address>0x122d4</run_address>
         <size>0x80</size>
         <input_file_ref idref="fl-1b"/>
      </object_component>
      <object_component id="oc-64e">
         <name>.const:$O1$$</name>
         <load_address>0x12354</load_address>
         <run_address>0x12354</run_address>
         <size>0x60</size>
         <input_file_ref idref="fl-118"/>
      </object_component>
      <object_component id="oc-198">
         <name>.const:g_pulRegs</name>
         <load_address>0x123b4</load_address>
         <run_address>0x123b4</run_address>
         <size>0x50</size>
         <input_file_ref idref="fl-26"/>
      </object_component>
      <object_component id="oc-59c">
         <name>.const:OpcodeTranslateTable</name>
         <load_address>0x12404</load_address>
         <run_address>0x12404</run_address>
         <size>0x3c</size>
         <input_file_ref idref="fl-a"/>
      </object_component>
      <object_component id="oc-5a5">
         <name>.const:_SlActionLookupTable</name>
         <load_address>0x12440</load_address>
         <run_address>0x12440</run_address>
         <size>0x38</size>
         <input_file_ref idref="fl-a"/>
      </object_component>
      <object_component id="oc-6c3">
         <name>.const:$O1$$</name>
         <load_address>0x12478</load_address>
         <run_address>0x12478</run_address>
         <size>0x30</size>
         <input_file_ref idref="fl-100"/>
      </object_component>
      <object_component id="oc-310">
         <name>.const:$P$T2$3</name>
         <load_address>0x124a8</load_address>
         <run_address>0x124a8</run_address>
         <size>0x2c</size>
         <input_file_ref idref="fl-3f"/>
      </object_component>
      <object_component id="oc-59f">
         <name>.const:RxMsgClassLUT</name>
         <load_address>0x124d4</load_address>
         <run_address>0x124d4</run_address>
         <size>0x20</size>
         <input_file_ref idref="fl-a"/>
      </object_component>
      <object_component id="oc-195">
         <name>.const:g_pulPriority</name>
         <load_address>0x124f4</load_address>
         <run_address>0x124f4</run_address>
         <size>0x20</size>
         <input_file_ref idref="fl-26"/>
      </object_component>
      <object_component id="oc-335">
         <name>.const:.string:sntp_server_name</name>
         <load_address>0x12514</load_address>
         <run_address>0x12514</run_address>
         <size>0x1e</size>
         <input_file_ref idref="fl-3e"/>
      </object_component>
      <object_component id="oc-223">
         <name>.const:$P$T0$1</name>
         <load_address>0x12534</load_address>
         <run_address>0x12534</run_address>
         <size>0x1c</size>
         <input_file_ref idref="fl-2"/>
      </object_component>
      <object_component id="oc-5b4">
         <name>.const:spiMasterConfig</name>
         <load_address>0x12550</load_address>
         <run_address>0x12550</run_address>
         <size>0x1c</size>
         <input_file_ref idref="fl-7"/>
      </object_component>
      <object_component id="oc-313">
         <name>.const:$P$T3$4</name>
         <load_address>0x1256c</load_address>
         <run_address>0x1256c</run_address>
         <size>0x14</size>
         <input_file_ref idref="fl-3f"/>
      </object_component>
      <object_component id="oc-416">
         <name>.const:.string:_SlPayloadByProtocolLUT</name>
         <load_address>0x12580</load_address>
         <run_address>0x12580</run_address>
         <size>0x10</size>
         <input_file_ref idref="fl-f"/>
      </object_component>
      <object_component id="oc-316">
         <name>.const:$P$T4$5</name>
         <load_address>0x12590</load_address>
         <run_address>0x12590</run_address>
         <size>0xc</size>
         <input_file_ref idref="fl-3f"/>
      </object_component>
      <object_component id="oc-3bf">
         <name>.const:StartResponseLUT</name>
         <load_address>0x1259c</load_address>
         <run_address>0x1259c</run_address>
         <size>0x8</size>
         <input_file_ref idref="fl-9"/>
      </object_component>
      <object_component id="oc-5a2">
         <name>.const:g_H2NCnysPattern</name>
         <load_address>0x125a4</load_address>
         <run_address>0x125a4</run_address>
         <size>0x8</size>
         <input_file_ref idref="fl-a"/>
      </object_component>
      <object_component id="oc-599">
         <name>.const:g_H2NSyncPattern</name>
         <load_address>0x125ac</load_address>
         <run_address>0x125ac</run_address>
         <size>0x8</size>
         <input_file_ref idref="fl-a"/>
      </object_component>
      <object_component id="oc-19e">
         <name>.const:g_pulDisRegs</name>
         <load_address>0x125b4</load_address>
         <run_address>0x125b4</run_address>
         <size>0x8</size>
         <input_file_ref idref="fl-26"/>
      </object_component>
      <object_component id="oc-19b">
         <name>.const:g_pulEnRegs</name>
         <load_address>0x125bc</load_address>
         <run_address>0x125bc</run_address>
         <size>0x8</size>
         <input_file_ref idref="fl-26"/>
      </object_component>
      <object_component id="oc-1a1">
         <name>.const:g_pulPendRegs</name>
         <load_address>0x125c4</load_address>
         <run_address>0x125c4</run_address>
         <size>0x8</size>
         <input_file_ref idref="fl-26"/>
      </object_component>
      <object_component id="oc-1a4">
         <name>.const:g_pulUnpendRegs</name>
         <load_address>0x125cc</load_address>
         <run_address>0x125cc</run_address>
         <size>0x8</size>
         <input_file_ref idref="fl-26"/>
      </object_component>
      <object_component id="oc-92">
         <name>.const</name>
         <load_address>0x125d4</load_address>
         <run_address>0x125d4</run_address>
         <size>0x8</size>
         <input_file_ref idref="fl-12"/>
      </object_component>
      <object_component id="oc-304">
         <name>.const:$P$T0$1</name>
         <load_address>0x125dc</load_address>
         <run_address>0x125dc</run_address>
         <size>0x4</size>
         <input_file_ref idref="fl-3f"/>
      </object_component>
      <object_component id="oc-45b">
         <name>.const:$P$T0$1</name>
         <load_address>0x125e0</load_address>
         <run_address>0x125e0</run_address>
         <size>0x4</size>
         <input_file_ref idref="fl-d"/>
      </object_component>
      <object_component id="oc-41f">
         <name>.const:$P$T0$1</name>
         <load_address>0x125e4</load_address>
         <run_address>0x125e4</run_address>
         <size>0x4</size>
         <input_file_ref idref="fl-f"/>
      </object_component>
      <object_component id="oc-472">
         <name>.const:$P$T0$1</name>
         <load_address>0x125e8</load_address>
         <run_address>0x125e8</run_address>
         <size>0x4</size>
         <input_file_ref idref="fl-11"/>
      </object_component>
      <object_component id="oc-307">
         <name>.const:$P$T1$2</name>
         <load_address>0x125ec</load_address>
         <run_address>0x125ec</run_address>
         <size>0x4</size>
         <input_file_ref idref="fl-3f"/>
      </object_component>
      <object_component id="oc-422">
         <name>.const:$P$T1$2</name>
         <load_address>0x125f0</load_address>
         <run_address>0x125f0</run_address>
         <size>0x4</size>
         <input_file_ref idref="fl-f"/>
      </object_component>
      <object_component id="oc-47b">
         <name>.const:$P$T1$2</name>
         <load_address>0x125f4</load_address>
         <run_address>0x125f4</run_address>
         <size>0x4</size>
         <input_file_ref idref="fl-11"/>
      </object_component>
      <object_component id="oc-428">
         <name>.const:$P$T2$3</name>
         <load_address>0x125f8</load_address>
         <run_address>0x125f8</run_address>
         <size>0x4</size>
         <input_file_ref idref="fl-f"/>
      </object_component>
      <object_component id="oc-490">
         <name>.const:$P$T2$3</name>
         <load_address>0x125fc</load_address>
         <run_address>0x125fc</run_address>
         <size>0x4</size>
         <input_file_ref idref="fl-11"/>
      </object_component>
      <object_component id="oc-431">
         <name>.const:_SlAcceptCmdCtrl</name>
         <load_address>0x12600</load_address>
         <run_address>0x12600</run_address>
         <size>0x4</size>
         <input_file_ref idref="fl-f"/>
      </object_component>
      <object_component id="oc-3d1">
         <name>.const:_SlDeviceGetCmdCtrl</name>
         <load_address>0x12604</load_address>
         <run_address>0x12604</run_address>
         <size>0x4</size>
         <input_file_ref idref="fl-9"/>
      </object_component>
      <object_component id="oc-3d4">
         <name>.const:_SlDeviceSetCmdCtrl</name>
         <load_address>0x12608</load_address>
         <run_address>0x12608</run_address>
         <size>0x4</size>
         <input_file_ref idref="fl-9"/>
      </object_component>
      <object_component id="oc-3ce">
         <name>.const:_SlEventMaskGetCmdCtrl</name>
         <load_address>0x1260c</load_address>
         <run_address>0x1260c</run_address>
         <size>0x4</size>
         <input_file_ref idref="fl-9"/>
      </object_component>
      <object_component id="oc-3cb">
         <name>.const:_SlEventMaskSetCmdCtrl</name>
         <load_address>0x12610</load_address>
         <run_address>0x12610</run_address>
         <size>0x4</size>
         <input_file_ref idref="fl-9"/>
      </object_component>
      <object_component id="oc-458">
         <name>.const:_SlGetHostByNameCtrl</name>
         <load_address>0x12614</load_address>
         <run_address>0x12614</run_address>
         <size>0x4</size>
         <input_file_ref idref="fl-d"/>
      </object_component>
      <object_component id="oc-455">
         <name>.const:_SlGetHostByServiceCtrl</name>
         <load_address>0x12618</load_address>
         <run_address>0x12618</run_address>
         <size>0x4</size>
         <input_file_ref idref="fl-d"/>
      </object_component>
      <object_component id="oc-44f">
         <name>.const:_SlGetServiceListeCtrl</name>
         <load_address>0x1261c</load_address>
         <run_address>0x1261c</run_address>
         <size>0x4</size>
         <input_file_ref idref="fl-d"/>
      </object_component>
      <object_component id="oc-43a">
         <name>.const:_SlGetSockOptCmdCtrl</name>
         <load_address>0x12620</load_address>
         <run_address>0x12620</run_address>
         <size>0x4</size>
         <input_file_ref idref="fl-f"/>
      </object_component>
      <object_component id="oc-42e">
         <name>.const:_SlListenCmdCtrl</name>
         <load_address>0x12624</load_address>
         <run_address>0x12624</run_address>
         <size>0x4</size>
         <input_file_ref idref="fl-f"/>
      </object_component>
      <object_component id="oc-464">
         <name>.const:_SlNetAppGetCmdCtrl</name>
         <load_address>0x12628</load_address>
         <run_address>0x12628</run_address>
         <size>0x4</size>
         <input_file_ref idref="fl-d"/>
      </object_component>
      <object_component id="oc-461">
         <name>.const:_SlNetAppSendTokenValueCmdCtrl</name>
         <load_address>0x1262c</load_address>
         <run_address>0x1262c</run_address>
         <size>0x4</size>
         <input_file_ref idref="fl-d"/>
      </object_component>
      <object_component id="oc-45e">
         <name>.const:_SlNetAppSetCmdCtrl</name>
         <load_address>0x12630</load_address>
         <run_address>0x12630</run_address>
         <size>0x4</size>
         <input_file_ref idref="fl-d"/>
      </object_component>
      <object_component id="oc-449">
         <name>.const:_SlNetAppStartCtrl</name>
         <load_address>0x12634</load_address>
         <run_address>0x12634</run_address>
         <size>0x4</size>
         <input_file_ref idref="fl-d"/>
      </object_component>
      <object_component id="oc-44c">
         <name>.const:_SlNetAppStopCtrl</name>
         <load_address>0x12638</load_address>
         <run_address>0x12638</run_address>
         <size>0x4</size>
         <input_file_ref idref="fl-d"/>
      </object_component>
      <object_component id="oc-3f0">
         <name>.const:_SlNetCfgGetCmdCtrl</name>
         <load_address>0x1263c</load_address>
         <run_address>0x1263c</run_address>
         <size>0x4</size>
         <input_file_ref idref="fl-e"/>
      </object_component>
      <object_component id="oc-3ed">
         <name>.const:_SlNetCfgSetCmdCtrl</name>
         <load_address>0x12640</load_address>
         <run_address>0x12640</run_address>
         <size>0x4</size>
         <input_file_ref idref="fl-e"/>
      </object_component>
      <object_component id="oc-478">
         <name>.const:_SlPolicyGetCmdCtrl</name>
         <load_address>0x12644</load_address>
         <run_address>0x12644</run_address>
         <size>0x4</size>
         <input_file_ref idref="fl-11"/>
      </object_component>
      <object_component id="oc-475">
         <name>.const:_SlPolicySetCmdCtrl</name>
         <load_address>0x12648</load_address>
         <run_address>0x12648</run_address>
         <size>0x4</size>
         <input_file_ref idref="fl-11"/>
      </object_component>
      <object_component id="oc-481">
         <name>.const:_SlProfileDelCmdCtrl</name>
         <load_address>0x1264c</load_address>
         <run_address>0x1264c</run_address>
         <size>0x4</size>
         <input_file_ref idref="fl-11"/>
      </object_component>
      <object_component id="oc-47e">
         <name>.const:_SlProfileGetCmdCtrl</name>
         <load_address>0x12650</load_address>
         <run_address>0x12650</run_address>
         <size>0x4</size>
         <input_file_ref idref="fl-11"/>
      </object_component>
      <object_component id="oc-434">
         <name>.const:_SlRecvCmdCtrl</name>
         <load_address>0x12654</load_address>
         <run_address>0x12654</run_address>
         <size>0x4</size>
         <input_file_ref idref="fl-f"/>
      </object_component>
      <object_component id="oc-425">
         <name>.const:_SlRecvfomCmdCtrl</name>
         <load_address>0x12658</load_address>
         <run_address>0x12658</run_address>
         <size>0x4</size>
         <input_file_ref idref="fl-f"/>
      </object_component>
      <object_component id="oc-452">
         <name>.const:_SlRegisterServiceCtrl</name>
         <load_address>0x1265c</load_address>
         <run_address>0x1265c</run_address>
         <size>0x4</size>
         <input_file_ref idref="fl-d"/>
      </object_component>
      <object_component id="oc-487">
         <name>.const:_SlRxFilterAddtCmdCtrl</name>
         <load_address>0x12660</load_address>
         <run_address>0x12660</run_address>
         <size>0x4</size>
         <input_file_ref idref="fl-11"/>
      </object_component>
      <object_component id="oc-48d">
         <name>.const:_SlRxFilterGetCmdCtrl</name>
         <load_address>0x12664</load_address>
         <run_address>0x12664</run_address>
         <size>0x4</size>
         <input_file_ref idref="fl-11"/>
      </object_component>
      <object_component id="oc-48a">
         <name>.const:_SlRxFilterSetCmdCtrl</name>
         <load_address>0x12668</load_address>
         <run_address>0x12668</run_address>
         <size>0x4</size>
         <input_file_ref idref="fl-11"/>
      </object_component>
      <object_component id="oc-43d">
         <name>.const:_SlSelectCmdCtrl</name>
         <load_address>0x1266c</load_address>
         <run_address>0x1266c</run_address>
         <size>0x4</size>
         <input_file_ref idref="fl-f"/>
      </object_component>
      <object_component id="oc-42b">
         <name>.const:_SlSendCmdCtrl</name>
         <load_address>0x12670</load_address>
         <run_address>0x12670</run_address>
         <size>0x4</size>
         <input_file_ref idref="fl-f"/>
      </object_component>
      <object_component id="oc-437">
         <name>.const:_SlSetSockOptCmdCtrl</name>
         <load_address>0x12674</load_address>
         <run_address>0x12674</run_address>
         <size>0x4</size>
         <input_file_ref idref="fl-f"/>
      </object_component>
      <object_component id="oc-493">
         <name>.const:_SlSmartConfigStartCmdCtrl</name>
         <load_address>0x12678</load_address>
         <run_address>0x12678</run_address>
         <size>0x4</size>
         <input_file_ref idref="fl-11"/>
      </object_component>
      <object_component id="oc-41c">
         <name>.const:_SlSockCloseCmdCtrl</name>
         <load_address>0x1267c</load_address>
         <run_address>0x1267c</run_address>
         <size>0x4</size>
         <input_file_ref idref="fl-f"/>
      </object_component>
      <object_component id="oc-419">
         <name>.const:_SlSockSocketCmdCtrl</name>
         <load_address>0x12680</load_address>
         <run_address>0x12680</run_address>
         <size>0x4</size>
         <input_file_ref idref="fl-f"/>
      </object_component>
      <object_component id="oc-3c8">
         <name>.const:_SlStopCmdCtrl</name>
         <load_address>0x12684</load_address>
         <run_address>0x12684</run_address>
         <size>0x4</size>
         <input_file_ref idref="fl-9"/>
      </object_component>
      <object_component id="oc-49c">
         <name>.const:_SlWlanCfgGetCmdCtrl</name>
         <load_address>0x12688</load_address>
         <run_address>0x12688</run_address>
         <size>0x4</size>
         <input_file_ref idref="fl-11"/>
      </object_component>
      <object_component id="oc-499">
         <name>.const:_SlWlanCfgSetCmdCtrl</name>
         <load_address>0x1268c</load_address>
         <run_address>0x1268c</run_address>
         <size>0x4</size>
         <input_file_ref idref="fl-11"/>
      </object_component>
      <object_component id="oc-484">
         <name>.const:_SlWlanGetNetworkListCtrl</name>
         <load_address>0x12690</load_address>
         <run_address>0x12690</run_address>
         <size>0x4</size>
         <input_file_ref idref="fl-11"/>
      </object_component>
      <object_component id="oc-496">
         <name>.const:_SlWlanSetModeCmdCtrl</name>
         <load_address>0x12694</load_address>
         <run_address>0x12694</run_address>
         <size>0x4</size>
         <input_file_ref idref="fl-11"/>
      </object_component>
      <object_component id="oc-792">
         <name>.cinit..data.load</name>
         <load_address>0x12698</load_address>
         <run_address>0x12698</run_address>
         <size>0x3d</size>
      </object_component>
      <object_component id="oc-78f">
         <name>__TI_handler_table</name>
         <load_address>0x126d8</load_address>
         <run_address>0x126d8</run_address>
         <size>0xc</size>
      </object_component>
      <object_component id="oc-793">
         <name>.cinit..bss.load</name>
         <load_address>0x126e8</load_address>
         <run_address>0x126e8</run_address>
         <size>0x8</size>
      </object_component>
      <object_component id="oc-791">
         <name>.cinit..vtable.load</name>
         <load_address>0x126f0</load_address>
         <run_address>0x126f0</run_address>
         <size>0x8</size>
      </object_component>
      <object_component id="oc-790">
         <name>__TI_cinit_table</name>
         <load_address>0x126f8</load_address>
         <run_address>0x126f8</run_address>
         <size>0x18</size>
      </object_component>
      <object_component id="oc-192">
         <name>.vtable</name>
         <uninitialized>true</uninitialized>
         <run_address>0x20000000</run_address>
         <size>0xe4</size>
         <input_file_ref idref="fl-26"/>
      </object_component>
      <object_component id="oc-13c">
         <name>.data</name>
         <load_address>0x200001b4</load_address>
         <run_address>0x200001b4</run_address>
         <size>0x4</size>
         <input_file_ref idref="fl-4"/>
      </object_component>
      <object_component id="oc-ec">
         <name>.data</name>
         <load_address>0x2000019c</load_address>
         <run_address>0x2000019c</run_address>
         <size>0x4</size>
         <input_file_ref idref="fl-5"/>
      </object_component>
      <object_component id="oc-c8">
         <name>.data</name>
         <load_address>0x200001a8</load_address>
         <run_address>0x200001a8</run_address>
         <size>0x4</size>
         <input_file_ref idref="fl-6"/>
      </object_component>
      <object_component id="oc-378">
         <name>.data</name>
         <load_address>0x20000164</load_address>
         <run_address>0x20000164</run_address>
         <size>0xc</size>
         <input_file_ref idref="fl-8"/>
      </object_component>
      <object_component id="oc-3c5">
         <name>.data</name>
         <load_address>0x20000188</load_address>
         <run_address>0x20000188</run_address>
         <size>0x9</size>
         <input_file_ref idref="fl-a"/>
      </object_component>
      <object_component id="oc-a2">
         <name>.data</name>
         <load_address>0x20000170</load_address>
         <run_address>0x20000170</run_address>
         <size>0xc</size>
         <input_file_ref idref="fl-12"/>
      </object_component>
      <object_component id="oc-283">
         <name>.data</name>
         <load_address>0x20000194</load_address>
         <run_address>0x20000194</run_address>
         <size>0x8</size>
         <input_file_ref idref="fl-16"/>
      </object_component>
      <object_component id="oc-8f">
         <name>.data</name>
         <load_address>0x200000e8</load_address>
         <run_address>0x200000e8</run_address>
         <size>0x34</size>
         <input_file_ref idref="fl-19"/>
      </object_component>
      <object_component id="oc-e2">
         <name>.data</name>
         <load_address>0x20000186</load_address>
         <run_address>0x20000186</run_address>
         <size>0x1</size>
         <input_file_ref idref="fl-3a"/>
      </object_component>
      <object_component id="oc-d4">
         <name>.data:i2cConfig</name>
         <load_address>0x20000140</load_address>
         <run_address>0x20000140</run_address>
         <size>0x14</size>
         <input_file_ref idref="fl-3a"/>
      </object_component>
      <object_component id="oc-54b">
         <name>.data</name>
         <load_address>0x200001a0</load_address>
         <run_address>0x200001a0</run_address>
         <size>0x8</size>
         <input_file_ref idref="fl-3c"/>
      </object_component>
      <object_component id="oc-332">
         <name>.data</name>
         <load_address>0x2000017c</load_address>
         <run_address>0x2000017c</run_address>
         <size>0xa</size>
         <input_file_ref idref="fl-3e"/>
      </object_component>
      <object_component id="oc-4d4">
         <name>.data:local_tm</name>
         <load_address>0x2000011c</load_address>
         <run_address>0x2000011c</run_address>
         <size>0x24</size>
         <input_file_ref idref="fl-117"/>
      </object_component>
      <object_component id="oc-406">
         <name>.data</name>
         <load_address>0x200001b0</load_address>
         <run_address>0x200001b0</run_address>
         <size>0x4</size>
         <input_file_ref idref="fl-11b"/>
      </object_component>
      <object_component id="oc-340">
         <name>.data:_tz</name>
         <load_address>0x20000154</load_address>
         <run_address>0x20000154</run_address>
         <size>0x10</size>
         <input_file_ref idref="fl-11d"/>
      </object_component>
      <object_component id="oc-5e0">
         <name>.data</name>
         <load_address>0x200001ac</load_address>
         <run_address>0x200001ac</run_address>
         <size>0x4</size>
         <input_file_ref idref="fl-11e"/>
      </object_component>
      <object_component id="oc-595">
         <name>.bss:g_StatMem</name>
         <uninitialized>true</uninitialized>
         <run_address>0x2000c600</run_address>
         <size>0x178</size>
         <input_file_ref idref="fl-a"/>
      </object_component>
      <object_component id="oc-286">
         <name>.bss:ucHeap</name>
         <uninitialized>true</uninitialized>
         <run_address>0x20000400</run_address>
         <size>0xc000</size>
         <input_file_ref idref="fl-16"/>
      </object_component>
      <object_component id="oc-156">
         <name>.bss:pxReadyTasksLists</name>
         <uninitialized>true</uninitialized>
         <run_address>0x2000c778</run_address>
         <size>0x8c</size>
         <input_file_ref idref="fl-19"/>
      </object_component>
      <object_component id="oc-165">
         <name>.bss:xDelayedTaskList1</name>
         <uninitialized>true</uninitialized>
         <run_address>0x2000c864</run_address>
         <size>0x14</size>
         <input_file_ref idref="fl-19"/>
      </object_component>
      <object_component id="oc-168">
         <name>.bss:xDelayedTaskList2</name>
         <uninitialized>true</uninitialized>
         <run_address>0x2000c878</run_address>
         <size>0x14</size>
         <input_file_ref idref="fl-19"/>
      </object_component>
      <object_component id="oc-15c">
         <name>.bss</name>
         <uninitialized>true</uninitialized>
         <run_address>0x2000c8d0</run_address>
         <size>0x8</size>
         <input_file_ref idref="fl-19"/>
      </object_component>
      <object_component id="oc-162">
         <name>.bss:xPendingReadyList</name>
         <uninitialized>true</uninitialized>
         <run_address>0x2000c88c</run_address>
         <size>0x14</size>
         <input_file_ref idref="fl-19"/>
      </object_component>
      <object_component id="oc-159">
         <name>.bss:xTasksWaitingTermination</name>
         <uninitialized>true</uninitialized>
         <run_address>0x2000c8b4</run_address>
         <size>0x14</size>
         <input_file_ref idref="fl-19"/>
      </object_component>
      <object_component id="oc-15f">
         <name>.bss:xSuspendedTaskList</name>
         <uninitialized>true</uninitialized>
         <run_address>0x2000c8a0</run_address>
         <size>0x14</size>
         <input_file_ref idref="fl-19"/>
      </object_component>
      <object_component id="oc-16c">
         <name>.bss</name>
         <uninitialized>true</uninitialized>
         <run_address>0x2000c8c8</run_address>
         <size>0x8</size>
         <input_file_ref idref="fl-20"/>
      </object_component>
      <object_component id="oc-32c">
         <name>.bss:tx_buffer</name>
         <uninitialized>true</uninitialized>
         <run_address>0x2000c834</run_address>
         <size>0x30</size>
         <input_file_ref idref="fl-3e"/>
      </object_component>
      <object_component id="oc-32f">
         <name>.bss:rx_buffer</name>
         <uninitialized>true</uninitialized>
         <run_address>0x2000c804</run_address>
         <size>0x30</size>
         <input_file_ref idref="fl-3e"/>
      </object_component>
      <object_component id="oc-2fb">
         <name>.bss</name>
         <uninitialized>true</uninitialized>
         <run_address>0x2000c8d8</run_address>
         <size>0x4</size>
         <input_file_ref idref="fl-3f"/>
      </object_component>
      <object_component id="oc-226">
         <name>.common:semaphoreSNTP</name>
         <uninitialized>true</uninitialized>
         <run_address>0x2000c8ec</run_address>
         <size>0x4</size>
      </object_component>
      <object_component id="oc-222">
         <name>.common:mutx</name>
         <uninitialized>true</uninitialized>
         <run_address>0x2000c8e4</run_address>
         <size>0x4</size>
      </object_component>
      <object_component id="oc-ef">
         <name>.common:IntIsMasked</name>
         <uninitialized>true</uninitialized>
         <run_address>0x2000c8f0</run_address>
         <size>0x1</size>
      </object_component>
      <object_component id="oc-cb">
         <name>.common:g_ucUARTBuffer</name>
         <uninitialized>true</uninitialized>
         <run_address>0x2000c8dc</run_address>
         <size>0x4</size>
      </object_component>
      <object_component id="oc-5b7">
         <name>.common:MSP_EXP432P401RLP_DMAControlTable1</name>
         <uninitialized>true</uninitialized>
[...]
         <name>wifi_client_close</name>
         <value>0x8551</value>
         <object_component_ref idref="oc-1f3"/>
      </symbol>
      <symbol id="sm-1467">
         <name>wifi_get_host_by_name</name>
         <value>0x856b</value>
         <object_component_ref idref="oc-1f3"/>
      </symbol>
      <symbol id="sm-1468">
         <name>wifi_tcp_client_open</name>
         <value>0x8285</value>
         <object_component_ref idref="oc-1f3"/>
      </symbol>
      <symbol id="sm-1469">
         <name>wifi_udp_client_open</name>
         <value>0x8377</value>
         <object_component_ref idref="oc-1f3"/>
      </symbol>
      <symbol id="sm-146a">
         <name>wifi_init</name>
         <value>0x811d</value>
         <object_component_ref idref="oc-1f3"/>
      </symbol>
      <symbol id="sm-146b">
         <name>wifi_restore</name>
         <value>0x8179</value>
         <object_component_ref idref="oc-1f3"/>
      </symbol>
      <symbol id="sm-146c">
         <name>stringToAddress</name>
         <value>0x8209</value>
         <object_component_ref idref="oc-1f3"/>
      </symbol>
      <symbol id="sm-146d">
         <name>SimpleLinkNetAppEventHandler</name>
         <value>0x88dd</value>
         <object_component_ref idref="oc-1f3"/>
      </symbol>
      <symbol id="sm-146e">
         <name>wifi_tcp_client_send</name>
         <value>0x82f7</value>
         <object_component_ref idref="oc-1f3"/>
      </symbol>
      <symbol id="sm-146f">
         <name>SimpleLinkSockEventHandler</name>
         <value>0x892d</value>
         <object_component_ref idref="oc-1f3"/>
      </symbol>
      <symbol id="sm-1470">
         <name>SimpleLinkHttpServerCallback</name>
         <value>0x890d</value>
         <object_component_ref idref="oc-1f3"/>
      </symbol>
      <symbol id="sm-1471">
         <name>wifi_get_mac_address</name>
         <value>0x85c7</value>
         <object_component_ref idref="oc-1f3"/>
      </symbol>
      <symbol id="sm-1472">
         <name>wifi_tcp_client_receive</name>
         <value>0x8337</value>
         <object_component_ref idref="oc-1f3"/>
      </symbol>
      <symbol id="sm-1473">
         <name>wifi_sleep</name>
         <value>0x81a7</value>
         <object_component_ref idref="oc-1f3"/>
      </symbol>
      <symbol id="sm-1474">
         <name>wifi_udp_client_receive</name>
         <value>0x851b</value>
         <object_component_ref idref="oc-1f3"/>
      </symbol>
      <symbol id="sm-1475">
         <name>wifi_udp_server_open</name>
         <value>0x83ad</value>
         <object_component_ref idref="oc-1f3"/>
      </symbol>
      <symbol id="sm-1476">
         <name>wifi_udp_client_send</name>
         <value>0x84e5</value>
         <object_component_ref idref="oc-1f3"/>
      </symbol>
      <symbol id="sm-1477">
         <name>wifi_set_socket_address</name>
         <value>0x858d</value>
         <object_component_ref idref="oc-1f3"/>
      </symbol>
      <symbol id="sm-1478">
         <name>SimpleLinkGeneralEventHandler</name>
         <value>0x891b</value>
         <object_component_ref idref="oc-1f3"/>
      </symbol>
      <symbol id="sm-1479">
         <name>SimpleLinkWlanEventHandler</name>
         <value>0x8869</value>
         <object_component_ref idref="oc-1f3"/>
      </symbol>
      <symbol id="sm-14a1">
         <name>edu_boosterpack_sensors_temperature_read</name>
         <value>0xe1cd</value>
         <object_component_ref idref="oc-211"/>
      </symbol>
      <symbol id="sm-14a2">
         <name>edu_boosterpack_sensors_init</name>
         <value>0xdfd5</value>
         <object_component_ref idref="oc-211"/>
      </symbol>
      <symbol id="sm-14a3">
         <name>edu_boosterpack_sensors_acceleration_read</name>
         <value>0xdff3</value>
         <object_component_ref idref="oc-211"/>
      </symbol>
      <symbol id="sm-14a4">
         <name>edu_boosterpack_sensors_light_read</name>
         <value>0xe1dd</value>
         <object_component_ref idref="oc-211"/>
      </symbol>
      <symbol id="sm-14de">
         <name>debug1_off</name>
         <value>0xd231</value>
         <object_component_ref idref="oc-1ed"/>
      </symbol>
      <symbol id="sm-14df">
         <name>debug1_toggle</name>
         <value>0xd23d</value>
         <object_component_ref idref="oc-1ed"/>
      </symbol>
      <symbol id="sm-14e0">
         <name>debug4_on</name>
         <value>0xd291</value>
         <object_component_ref idref="oc-1ed"/>
      </symbol>
      <symbol id="sm-14e1">
         <name>led_red_toggle</name>
         <value>0xd1ad</value>
         <object_component_ref idref="oc-1ed"/>
      </symbol>
      <symbol id="sm-14e2">
         <name>led_green_toggle</name>
         <value>0xd1f5</value>
         <object_component_ref idref="oc-1ed"/>
      </symbol>
      <symbol id="sm-14e3">
         <name>led_red1_off</name>
         <value>0xd20d</value>
         <object_component_ref idref="oc-1ed"/>
      </symbol>
      <symbol id="sm-14e4">
         <name>debug1_on</name>
         <value>0xd225</value>
         <object_component_ref idref="oc-1ed"/>
      </symbol>
      <symbol id="sm-14e5">
         <name>board_init</name>
         <value>0xd181</value>
         <object_component_ref idref="oc-1ed"/>
      </symbol>
      <symbol id="sm-14e6">
         <name>led_red_off</name>
         <value>0xd1a1</value>
         <object_component_ref idref="oc-1ed"/>
      </symbol>
      <symbol id="sm-14e7">
         <name>led_red1_toggle</name>
         <value>0xd219</value>
         <object_component_ref idref="oc-1ed"/>
      </symbol>
      <symbol id="sm-14e8">
         <name>led_blue_off</name>
         <value>0xd1c5</value>
         <object_component_ref idref="oc-1ed"/>
      </symbol>
      <symbol id="sm-14e9">
         <name>debug3_toggle</name>
         <value>0xd285</value>
         <object_component_ref idref="oc-1ed"/>
      </symbol>
      <symbol id="sm-14ea">
         <name>debug4_toggle</name>
         <value>0xd2a9</value>
         <object_component_ref idref="oc-1ed"/>
      </symbol>
      <symbol id="sm-14eb">
         <name>led_red_on</name>
         <value>0xd195</value>
         <object_component_ref idref="oc-1ed"/>
      </symbol>
      <symbol id="sm-14ec">
         <name>debug4_off</name>
         <value>0xd29d</value>
         <object_component_ref idref="oc-1ed"/>
      </symbol>
      <symbol id="sm-14ed">
         <name>debug3_on</name>
         <value>0xd26d</value>
         <object_component_ref idref="oc-1ed"/>
      </symbol>
      <symbol id="sm-14ee">
         <name>led_blue_toggle</name>
         <value>0xd1d1</value>
         <object_component_ref idref="oc-1ed"/>
      </symbol>
      <symbol id="sm-14ef">
         <name>debug2_toggle</name>
         <value>0xd261</value>
         <object_component_ref idref="oc-1ed"/>
      </symbol>
      <symbol id="sm-14f0">
         <name>debug2_off</name>
         <value>0xd255</value>
         <object_component_ref idref="oc-1ed"/>
      </symbol>
      <symbol id="sm-14f1">
         <name>debug2_on</name>
         <value>0xd249</value>
         <object_component_ref idref="oc-1ed"/>
      </symbol>
      <symbol id="sm-14f2">
         <name>debug3_off</name>
         <value>0xd279</value>
         <object_component_ref idref="oc-1ed"/>
      </symbol>
      <symbol id="sm-14f3">
         <name>led_green_off</name>
         <value>0xd1e9</value>
         <object_component_ref idref="oc-1ed"/>
      </symbol>
      <symbol id="sm-14f4">
         <name>led_blue_on</name>
         <value>0xd1b9</value>
         <object_component_ref idref="oc-1ed"/>
      </symbol>
      <symbol id="sm-14f5">
         <name>led_green_on</name>
         <value>0xd1dd</value>
         <object_component_ref idref="oc-1ed"/>
      </symbol>
      <symbol id="sm-14f6">
         <name>led_red1_on</name>
         <value>0xd201</value>
         <object_component_ref idref="oc-1ed"/>
      </symbol>
      <symbol id="sm-158c">
         <name>pow</name>
         <value>0x8b69</value>
         <object_component_ref idref="oc-53b"/>
      </symbol>
      <symbol id="sm-158d">
         <name>powl</name>
         <value>0x8b69</value>
         <object_component_ref idref="oc-53b"/>
      </symbol>
      <symbol id="sm-15af">
         <name>sqrtl</name>
         <value>0xf905</value>
         <object_component_ref idref="oc-6bd"/>
      </symbol>
      <symbol id="sm-15b0">
         <name>sqrt</name>
         <value>0xf905</value>
         <object_component_ref idref="oc-6bd"/>
      </symbol>
      <symbol id="sm-15e6">
         <name>exp2l</name>
         <value>0xeedd</value>
         <object_component_ref idref="oc-555"/>
      </symbol>
      <symbol id="sm-15e7">
         <name>exp2</name>
         <value>0xeedd</value>
         <object_component_ref idref="oc-555"/>
      </symbol>
      <symbol id="sm-160e">
         <name>scalbn</name>
         <value>0x102b9</value>
         <object_component_ref idref="oc-693"/>
      </symbol>
      <symbol id="sm-160f">
         <name>scalbnl</name>
         <value>0x102b9</value>
         <object_component_ref idref="oc-693"/>
      </symbol>
      <symbol id="sm-1610">
         <name>ldexpl</name>
         <value>0x102b9</value>
         <object_component_ref idref="oc-693"/>
      </symbol>
      <symbol id="sm-1611">
         <name>ldexp</name>
         <value>0x102b9</value>
         <object_component_ref idref="oc-693"/>
      </symbol>
      <symbol id="sm-161b">
         <name>copysign</name>
         <value>0x11163</value>
         <object_component_ref idref="oc-72f"/>
      </symbol>
      <symbol id="sm-161c">
         <name>copysignl</name>
         <value>0x11163</value>
         <object_component_ref idref="oc-72f"/>
      </symbol>
      <symbol id="sm-162b">
         <name>__aeabi_memset</name>
         <value>0x10a17</value>
         <object_component_ref idref="oc-11e"/>
      </symbol>
      <symbol id="sm-162c">
         <name>memset</name>
         <value>0x10a1d</value>
         <object_component_ref idref="oc-11e"/>
      </symbol>
      <symbol id="sm-162d">
         <name>__aeabi_memset8</name>
         <value>0x10a17</value>
         <object_component_ref idref="oc-11e"/>
      </symbol>
      <symbol id="sm-162e">
         <name>__aeabi_memset4</name>
         <value>0x10a17</value>
         <object_component_ref idref="oc-11e"/>
      </symbol>
      <symbol id="sm-162f">
         <name>__aeabi_memclr8</name>
         <value>0x10a15</value>
         <object_component_ref idref="oc-11e"/>
      </symbol>
      <symbol id="sm-1630">
         <name>__aeabi_memclr4</name>
         <value>0x10a15</value>
         <object_component_ref idref="oc-11e"/>
      </symbol>
      <symbol id="sm-1631">
         <name>__aeabi_memclr</name>
         <value>0x10a15</value>
         <object_component_ref idref="oc-11e"/>
      </symbol>
      <symbol id="sm-163f">
         <name>__aeabi_ldivmod</name>
         <value>0x10b6b</value>
         <object_component_ref idref="oc-649"/>
      </symbol>
      <symbol id="sm-164c">
         <name>__aeabi_uldivmod</name>
         <value>0x10873</value>
         <object_component_ref idref="oc-65b"/>
      </symbol>
      <symbol id="sm-1663">
         <name>__aeabi_dsub</name>
         <value>0xf475</value>
         <object_component_ref idref="oc-536"/>
      </symbol>
      <symbol id="sm-1664">
         <name>__aeabi_dadd</name>
         <value>0xf47f</value>
         <object_component_ref idref="oc-536"/>
      </symbol>
      <symbol id="sm-1686">
         <name>__aeabi_cdcmpeq</name>
         <value>0x10909</value>
         <object_component_ref idref="oc-4f3"/>
      </symbol>
      <symbol id="sm-1687">
         <name>__aeabi_cdcmple</name>
         <value>0x10909</value>
         <object_component_ref idref="oc-4f3"/>
      </symbol>
      <symbol id="sm-1688">
         <name>__aeabi_cdrcmple</name>
         <value>0x1098f</value>
         <object_component_ref idref="oc-662"/>
      </symbol>
      <symbol id="sm-169c">
         <name>__aeabi_ddiv</name>
         <value>0xfcd1</value>
         <object_component_ref idref="oc-541"/>
      </symbol>
      <symbol id="sm-16a7">
         <name>__aeabi_dmul</name>
         <value>0x103c9</value>
         <object_component_ref idref="oc-531"/>
      </symbol>
      <symbol id="sm-16b1">
         <name>__aeabi_d2iz</name>
         <value>0x10ded</value>
         <object_component_ref idref="oc-667"/>
      </symbol>
      <symbol id="sm-16bd">
         <name>__aeabi_d2f</name>
         <value>0x10afd</value>
         <object_component_ref idref="oc-546"/>
      </symbol>
      <symbol id="sm-16c8">
         <name>__aeabi_f2d</name>
         <value>0x11025</value>
         <object_component_ref idref="oc-217"/>
      </symbol>
      <symbol id="sm-16d2">
         <name>__aeabi_i2d</name>
         <value>0x1105d</value>
         <object_component_ref idref="oc-52c"/>
      </symbol>
      <symbol id="sm-16ee">
         <name>memcpy</name>
         <value>0x107d7</value>
         <object_component_ref idref="oc-56"/>
      </symbol>
      <symbol id="sm-16ef">
         <name>__aeabi_memcpy</name>
         <value>0x107d7</value>
         <object_component_ref idref="oc-56"/>
      </symbol>
      <symbol id="sm-16f0">
         <name>__aeabi_memcpy8</name>
         <value>0x107d7</value>
         <object_component_ref idref="oc-56"/>
      </symbol>
      <symbol id="sm-16f1">
         <name>__aeabi_memcpy4</name>
         <value>0x107d7</value>
         <object_component_ref idref="oc-56"/>
      </symbol>
      <symbol id="sm-16fb">
         <name>__aeabi_ui2d</name>
         <value>0x110f9</value>
         <object_component_ref idref="oc-550"/>
      </symbol>
      <symbol id="sm-170d">
         <name>__TI_zero_init</name>
         <value>0x111ab</value>
         <object_component_ref idref="oc-68"/>
      </symbol>
      <symbol id="sm-1724">
         <name>__TI_decompress_none</name>
         <value>0x1119d</value>
         <object_component_ref idref="oc-19"/>
      </symbol>
      <symbol id="sm-1747">
         <name>__TI_decompress_lzss</name>
         <value>0x10bd9</value>
         <object_component_ref idref="oc-13"/>
      </symbol>
      <symbol id="sm-1764">
         <name>__gmtime32</name>
         <value>0x10fb5</value>
         <object_component_ref idref="oc-205"/>
      </symbol>
      <symbol id="sm-1765">
         <name>gmtime</name>
         <value>0x10fb5</value>
         <object_component_ref idref="oc-205"/>
      </symbol>
      <symbol id="sm-1788">
         <name>__localtime32</name>
         <value>0xfe09</value>
         <object_component_ref idref="oc-33a"/>
      </symbol>
      <symbol id="sm-1789">
         <name>localtime</name>
         <value>0xfe09</value>
         <object_component_ref idref="oc-33a"/>
      </symbol>
      <symbol id="sm-17bb">
         <name>mktime</name>
         <value>0xe285</value>
         <object_component_ref idref="oc-4ce"/>
      </symbol>
      <symbol id="sm-17bc">
         <name>__mktime32</name>
         <value>0xe285</value>
         <object_component_ref idref="oc-4ce"/>
      </symbol>
      <symbol id="sm-17e3">
         <name>sprintf</name>
         <value>0x10eb9</value>
         <object_component_ref idref="oc-20b"/>
      </symbol>
      <symbol id="sm-17f1">
         <name>strlen</name>
         <value>0x11177</value>
         <object_component_ref idref="oc-c2"/>
      </symbol>
      <symbol id="sm-1809">
         <name>strtok</name>
         <value>0x10ef9</value>
         <object_component_ref idref="oc-2e9"/>
      </symbol>
      <symbol id="sm-182d">
         <name>strtol</name>
         <value>0xff3d</value>
         <object_component_ref idref="oc-2ef"/>
      </symbol>
      <symbol id="sm-183d">
         <name>_tz</name>
         <value>0x20000154</value>
         <object_component_ref idref="oc-340"/>
      </symbol>
      <symbol id="sm-1853">
         <name>__aeabi_errno_addr</name>
         <value>0x111c1</value>
         <object_component_ref idref="oc-40b"/>
      </symbol>
      <symbol id="sm-1854">
         <name>errno</name>
         <value>0x200001ac</value>
         <object_component_ref idref="oc-5e0"/>
      </symbol>
      <symbol id="sm-1867">
         <name>__stack</name>
         <value>0x2000fe00</value>
         <object_component_ref idref="oc-22"/>
      </symbol>
      <symbol id="sm-1868">
         <name>_c_int00_noargs</name>
         <value>0x10fed</value>
         <object_component_ref idref="oc-74"/>
      </symbol>
      <symbol id="sm-1872">
         <name>__aeabi_idiv0</name>
         <value>0x811b</value>
         <object_component_ref idref="oc-643"/>
      </symbol>
      <symbol id="sm-1873">
         <name>__aeabi_ldiv0</name>
         <value>0x811b</value>
         <object_component_ref idref="oc-643"/>
      </symbol>
      <symbol id="sm-1882">
         <name>__aeabi_uidivmod</name>
         <value>0x10e79</value>
         <object_component_ref idref="oc-4c9"/>
      </symbol>
      <symbol id="sm-1883">
         <name>__aeabi_uidiv</name>
         <value>0x10e79</value>
         <object_component_ref idref="oc-4c9"/>
      </symbol>
      <symbol id="sm-18ab">
         <name>__TI_auto_init_nobinit_nopinit</name>
         <value>0x10e35</value>
         <object_component_ref idref="oc-23e"/>
      </symbol>
      <symbol id="sm-18b5">
         <name>_system_pre_init</name>
         <value>0x111c9</value>
         <object_component_ref idref="oc-124"/>
      </symbol>
      <symbol id="sm-18c1">
         <name>C$$EXIT</name>
         <value>0x111cd</value>
         <object_component_ref idref="oc-232"/>
      </symbol>
      <symbol id="sm-18c2">
         <name>abort</name>
         <value>0x111cd</value>
         <object_component_ref idref="oc-232"/>
      </symbol>
      <symbol id="sm-1a28">
         <name>__TI_printfi</name>
         <value>0x76bd</value>
         <object_component_ref idref="oc-34a"/>
      </symbol>
      <symbol id="sm-1a3f">
         <name>atoi</name>
         <value>0x10da1</value>
         <object_component_ref idref="oc-4e7"/>
      </symbol>
      <symbol id="sm-1a4a">
         <name>_ctypes_</name>
         <value>0x121d0</value>
         <object_component_ref idref="oc-411"/>
      </symbol>
      <symbol id="sm-1a59">
         <name>ltoa</name>
         <value>0x10cfb</value>
         <object_component_ref idref="oc-66c"/>
      </symbol>
      <symbol id="sm-1a69">
         <name>memccpy</name>
         <value>0x11119</value>
         <object_component_ref idref="oc-510"/>
      </symbol>
      <symbol id="sm-1a79">
         <name>strchr</name>
         <value>0x1114d</value>
         <object_component_ref idref="oc-699"/>
      </symbol>
      <symbol id="sm-1a8a">
         <name>strcspn</name>
         <value>0x110b5</value>
         <object_component_ref idref="oc-400"/>
      </symbol>
      <symbol id="sm-1a9c">
         <name>strspn</name>
         <value>0x1108b</value>
         <object_component_ref idref="oc-3fa"/>
      </symbol>
      <symbol id="sm-1ab2">
         <name>frexpl</name>
         <value>0x10c41</value>
         <object_component_ref idref="oc-68d"/>
      </symbol>
      <symbol id="sm-1ab3">
         <name>frexp</name>
         <value>0x10c41</value>
         <object_component_ref idref="oc-68d"/>
      </symbol>
      <symbol id="sm-1acc">
         <name>wcslen</name>
         <value>0x1118b</value>
         <object_component_ref idref="oc-516"/>
      </symbol>
      <symbol id="sm-1acd">
         <name>__TI_static_base__</name>
         <value>0x0</value>
      </symbol>
      <symbol id="sm-1ad0">
         <name>__mpu_init</name>
         <value>0x0</value>
      </symbol>
      <symbol id="sm-1ad1">
         <name>_system_post_cinit</name>
         <value>0x0</value>
      </symbol>
   </symbol_table>
   <title>Link successful</title>
</link_info>
