******************************************************************************
                  TI ARM Linker Unix v18.1.3                   
******************************************************************************
>> Linked Sat Nov 24 15:26:08 2018

OUTPUT FILE NAME:   <PAC3_enunciat.out>
ENTRY POINT SYMBOL: "_c_int00_noargs"  address: 00010fed


MEMORY CONFIGURATION

         name            origin    length      used     unused   attr    fill
----------------------  --------  ---------  --------  --------  ----  --------
  MAIN                  00000000   00040000  00012710  0002d8f0  R  X
  INFO                  00200000   00004000  00000000  00004000  R  X
  SRAM_CODE             01000000   00010000  00000000  00010000  RW X
  SRAM_DATA             20000000   00010000  0000c8a9  00003757  RW  


SEGMENT ALLOCATION MAP

run origin  load origin   length   init length attrs members
----------  ----------- ---------- ----------- ----- -------
00000000    00000000    00012710   00012710    r-x
  00000000    00000000    00000144   00000144    r-- .intvecs
  00000144    00000144    0001108c   0001108c    r-x .text
  000111d0    000111d0    000014c8   000014c8    r-- .const
  00012698    00012698    00000078   00000078    r-- .cinit
20000000    20000000    000001b8   00000000    rw-
  20000000    20000000    000000e4   00000000    rw- .vtable
  200000e8    200000e8    000000d0   00000000    rw- .data
20000400    20000400    0000c4f5   00000000    rw-
  20000400    20000400    0000c4f5   00000000    rw- .bss
2000fe00    2000fe00    00000200   00000000    rw-
  2000fe00    2000fe00    00000200   00000000    rw- .stack


SECTION ALLOCATION MAP

 output                                  attributes/
section   page    origin      length       input sections
--------  ----  ----------  ----------   ----------------
.intvecs   0    00000000    00000144     
                  00000000    00000144     msp432_startup_ccs.obj (.intvecs:retain)

.text      0    00000144    0001108c     
                  00000144    00001c2c     driver.obj (.text)
                  00001d70    00001a0c     tasks.obj (.text)
                  0000377c    00000e08     socket.obj (.text)
                  00004584    00000d7c     cs.obj (.text)
                  00005300    00000ca4     queue.obj (.text)
                  00005fa4    00000c14     wlan.obj (.text)
                  00006bb8    00000b04     netapp.obj (.text)
                  000076bc    00000a5e     rtsv7M4_T_le_v4SPD16_eabi.lib : _printfi.c.obj (.text:__TI_printfi)
                  0000811a    00000002                                   : div0.asm.obj (.text)
                  0000811c    00000a4c     cc3100_boosterpack.obj (.text)
                  00008b68    000009c0     rtsv7M4_T_le_v4SPD16_eabi.lib : e_pow.c.obj (.text:pow)
                  00009528    000008d4     adc14.obj (.text)
                  00009dfc    00000838     pcm.obj (.text)
                  0000a634    000007a8     i2c.obj (.text)
                  0000addc    00000780     dma.obj (.text)
                  0000b55c    000005b8     i2c_driver.obj (.text)
                  0000bb14    00000508     rtc_c.obj (.text)
                  0000c01c    000004f0     device.obj (.text)
                  0000c50c    00000448     osi_freertos.obj (.text)
                  0000c954    0000043c     tmp006.obj (.text)
                  0000cd90    000003f0     interrupt.obj (.text)
                  0000d180    000003ec     msp432_launchpad_board.obj (.text)
                  0000d56c    000003e0     spi_cc3100.obj (.text)
                  0000d94c    00000360     main.obj (.text)
                  0000dcac    00000328     system_msp432p401r.obj (.text)
                  0000dfd4    000002b0     edu_boosterpack_sensors.obj (.text)
                  0000e284    000002a0     rtsv7M4_T_le_v4SPD16_eabi.lib : mktime.c.obj (.text:__mktime32)
                  0000e524    00000288     port.obj (.text)
                  0000e7ac    0000027c     sntp.obj (.text)
                  0000ea28    00000270     rtsv7M4_T_le_v4SPD16_eabi.lib : _printfi.c.obj (.text:_pconv_a)
                  0000ec98    00000244     sysctl.obj (.text)
                  0000eedc    000001fc     rtsv7M4_T_le_v4SPD16_eabi.lib : s_exp2.c.obj (.text:exp2)
                  0000f0d8    000001d0                                   : _printfi.c.obj (.text:_pconv_g)
                  0000f2a8    000001cc     board.obj (.text)
                  0000f474    000001b6     rtsv7M4_T_le_v4SPD16_eabi.lib : fd_add_t2.asm.obj (.text)
                  0000f62a    00000002     --HOLE-- [fill = 0]
                  0000f62c    0000016c     cli_uart.obj (.text)
                  0000f798    0000016c     opt3001.obj (.text)
                  0000f904    00000158     rtsv7M4_T_le_v4SPD16_eabi.lib : e_sqrt.c.obj (.text:sqrt)
                  0000fa5c    0000013c                                   : _printfi.c.obj (.text:_pconv_e)
                  0000fb98    00000138     netcfg.obj (.text)
                  0000fcd0    00000136     rtsv7M4_T_le_v4SPD16_eabi.lib : fd_div_t2.asm.obj (.text)
                  0000fe06    00000002     --HOLE-- [fill = 0]
                  0000fe08    00000134                                   : localtim.c.obj (.text:__localtime32)
                  0000ff3c    00000130                                   : strtol.c.obj (.text:strtol)
                  0001006c    0000012a     list.obj (.text)
                  00010196    00000002     --HOLE-- [fill = 0]
                  00010198    00000120     rtsv7M4_T_le_v4SPD16_eabi.lib : _printfi.c.obj (.text:fcvt)
                  000102b8    00000110                                   : s_scalbn.c.obj (.text:scalbn)
                  000103c8    000000fc                                   : fd_mul_t2.asm.obj (.text)
                  000104c4    000000d8     wdt_a.obj (.text)
                  0001059c    000000d2     portasm.obj (.text)
                  0001066e    00000002     --HOLE-- [fill = 0]
                  00010670    000000b4     heap_1.obj (.text)
                  00010724    000000b1     rtsv7M4_T_le_v4SPD16_eabi.lib : _printfi.c.obj (.text:_ltostr)
                  000107d5    00000001     --HOLE-- [fill = 0]
                  000107d6    0000009c                                   : memcpy_t2.asm.obj (.text)
                  00010872    00000096                                   : ull_div_t2.asm.obj (.text)
                  00010908    00000086                                   : fd_cmp_t2.asm.obj (.text:__aeabi_cdcmple)
                  0001098e    00000086                                   : fd_cmp_t2.asm.obj (.text:__aeabi_cdrcmple)
                  00010a14    0000007a                                   : memset_t2.asm.obj (.text)
                  00010a8e    0000006e                                   : _printfi.c.obj (.text:_mcpy)
                  00010afc    0000006e                                   : fd_tos_t2.asm.obj (.text)
                  00010b6a    0000006e                                   : ll_div_t2.asm.obj (.text)
                  00010bd8    00000068                                   : copy_decompress_lzss.c.obj (.text:decompress:lzss:__TI_decompress_lzss)
                  00010c40    00000064                                   : s_frexp.c.obj (.text:frexp)
                  00010ca4    00000056                                   : _printfi.c.obj (.text:_pconv_f)
                  00010cfa    00000054                                   : ltoa.c.obj (.text:ltoa)
                  00010d4e    00000052                                   : _printfi.c.obj (.text:_ecpy)
                  00010da0    0000004c                                   : atoi.c.obj (.text:atoi)
                  00010dec    00000048                                   : fd_toi_t2.asm.obj (.text)
                  00010e34    00000044                                   : autoinit.c.obj (.text:__TI_auto_init_nobinit_nopinit:__TI_auto_init_nobinit_nopinit)
                  00010e78    00000040                                   : u_divt2.asm.obj (.text)
                  00010eb8    00000040                                   : sprintf.c.obj (.text:sprintf)
                  00010ef8    00000040                                   : strtok.c.obj (.text:strtok)
                  00010f38    0000003e                                   : _printfi.c.obj (.text:_fcpy)
                  00010f76    0000003e     cpu.obj (.text)
                  00010fb4    00000038     rtsv7M4_T_le_v4SPD16_eabi.lib : gmtime.c.obj (.text:__gmtime32)
                  00010fec    00000038                                   : boot_cortex_m.c.obj (.text:_c_int00_noargs:_c_int00_noargs)
                  00011024    00000038                                   : fs_tod_t2.asm.obj (.text)
                  0001105c    0000002e                                   : i_tofd_t2.asm.obj (.text)
                  0001108a    0000002a                                   : strspn.c.obj (.text:strspn)
                  000110b4    00000024                                   : strcspn.c.obj (.text:strcspn)
                  000110d8    00000020     msp432_startup_ccs.obj (.text)
                  000110f8    00000020     rtsv7M4_T_le_v4SPD16_eabi.lib : u_tofd_t2.asm.obj (.text)
                  00011118    0000001c                                   : memccpy.c.obj (.text:memccpy)
                  00011134    00000018                                   : sprintf.c.obj (.text:_outs)
                  0001114c    00000016                                   : strchr.c.obj (.text:strchr)
                  00011162    00000014                                   : s_copysign.c.obj (.text:copysign)
                  00011176    00000014                                   : strlen.c.obj (.text:strlen)
                  0001118a    00000012                                   : wcslen.c.obj (.text:wcslen)
                  0001119c    0000000e                                   : copy_decompress_none.c.obj (.text:decompress:none:__TI_decompress_none)
                  000111aa    0000000c                                   : copy_zero_init.c.obj (.text:decompress:ZI:__TI_zero_init)
                  000111b6    0000000a                                   : sprintf.c.obj (.text:_outc)
                  000111c0    00000008                                   : errno.c.obj (.text:__aeabi_errno_addr)
                  000111c8    00000004                                   : pre_init.c.obj (.text:_system_pre_init)
                  000111cc    00000004                                   : exit.c.obj (.text:abort:abort)

.const     0    000111d0    000014c8     
                  000111d0    00001000     rtsv7M4_T_le_v4SPD16_eabi.lib : s_exp2.c.obj (.const:tbl)
                  000121d0    00000101                                   : ctype.c.obj (.const:.string:_ctypes_)
                  000122d1    00000003     --HOLE-- [fill = 0]
                  000122d4    00000080     adc14.obj (.const:_ctlRegs)
                  00012354    00000060     rtsv7M4_T_le_v4SPD16_eabi.lib : mktime.c.obj (.const:$O1$$)
                  000123b4    00000050     interrupt.obj (.const:g_pulRegs)
                  00012404    0000003c     driver.obj (.const:OpcodeTranslateTable)
                  00012440    00000038     driver.obj (.const:_SlActionLookupTable)
                  00012478    00000030     rtsv7M4_T_le_v4SPD16_eabi.lib : e_pow.c.obj (.const:$O1$$)
                  000124a8    0000002c     cc3100_boosterpack.obj (.const:$P$T2$3)
                  000124d4    00000020     driver.obj (.const:RxMsgClassLUT)
                  000124f4    00000020     interrupt.obj (.const:g_pulPriority)
                  00012514    0000001e     sntp.obj (.const:.string:sntp_server_name)
                  00012532    00000002     --HOLE-- [fill = 0]
                  00012534    0000001c     main.obj (.const:$P$T0$1)
                  00012550    0000001c     spi_cc3100.obj (.const:spiMasterConfig)
                  0001256c    00000014     cc3100_boosterpack.obj (.const:$P$T3$4)
                  00012580    00000010     socket.obj (.const:.string:_SlPayloadByProtocolLUT)
                  00012590    0000000c     cc3100_boosterpack.obj (.const:$P$T4$5)
                  0001259c    00000008     device.obj (.const:StartResponseLUT)
                  000125a4    00000008     driver.obj (.const:g_H2NCnysPattern)
                  000125ac    00000008     driver.obj (.const:g_H2NSyncPattern)
                  000125b4    00000008     interrupt.obj (.const:g_pulDisRegs)
                  000125bc    00000008     interrupt.obj (.const:g_pulEnRegs)
                  000125c4    00000008     interrupt.obj (.const:g_pulPendRegs)
                  000125cc    00000008     interrupt.obj (.const:g_pulUnpendRegs)
                  000125d4    00000008     port.obj (.const)
                  000125dc    00000004     cc3100_boosterpack.obj (.const:$P$T0$1)
                  000125e0    00000004     netapp.obj (.const:$P$T0$1)
                  000125e4    00000004     socket.obj (.const:$P$T0$1)
                  000125e8    00000004     wlan.obj (.const:$P$T0$1)
                  000125ec    00000004     cc3100_boosterpack.obj (.const:$P$T1$2)
                  000125f0    00000004     socket.obj (.const:$P$T1$2)
                  000125f4    00000004     wlan.obj (.const:$P$T1$2)
                  000125f8    00000004     socket.obj (.const:$P$T2$3)
                  000125fc    00000004     wlan.obj (.const:$P$T2$3)
                  00012600    00000004     socket.obj (.const:_SlAcceptCmdCtrl)
                  00012604    00000004     device.obj (.const:_SlDeviceGetCmdCtrl)
                  00012608    00000004     device.obj (.const:_SlDeviceSetCmdCtrl)
                  0001260c    00000004     device.obj (.const:_SlEventMaskGetCmdCtrl)
                  00012610    00000004     device.obj (.const:_SlEventMaskSetCmdCtrl)
                  00012614    00000004     netapp.obj (.const:_SlGetHostByNameCtrl)
                  00012618    00000004     netapp.obj (.const:_SlGetHostByServiceCtrl)
                  0001261c    00000004     netapp.obj (.const:_SlGetServiceListeCtrl)
                  00012620    00000004     socket.obj (.const:_SlGetSockOptCmdCtrl)
                  00012624    00000004     socket.obj (.const:_SlListenCmdCtrl)
                  00012628    00000004     netapp.obj (.const:_SlNetAppGetCmdCtrl)
                  0001262c    00000004     netapp.obj (.const:_SlNetAppSendTokenValueCmdCtrl)
                  00012630    00000004     netapp.obj (.const:_SlNetAppSetCmdCtrl)
                  00012634    00000004     netapp.obj (.const:_SlNetAppStartCtrl)
                  00012638    00000004     netapp.obj (.const:_SlNetAppStopCtrl)
                  0001263c    00000004     netcfg.obj (.const:_SlNetCfgGetCmdCtrl)
                  00012640    00000004     netcfg.obj (.const:_SlNetCfgSetCmdCtrl)
                  00012644    00000004     wlan.obj (.const:_SlPolicyGetCmdCtrl)
                  00012648    00000004     wlan.obj (.const:_SlPolicySetCmdCtrl)
                  0001264c    00000004     wlan.obj (.const:_SlProfileDelCmdCtrl)
                  00012650    00000004     wlan.obj (.const:_SlProfileGetCmdCtrl)
                  00012654    00000004     socket.obj (.const:_SlRecvCmdCtrl)
                  00012658    00000004     socket.obj (.const:_SlRecvfomCmdCtrl)
                  0001265c    00000004     netapp.obj (.const:_SlRegisterServiceCtrl)
                  00012660    00000004     wlan.obj (.const:_SlRxFilterAddtCmdCtrl)
                  00012664    00000004     wlan.obj (.const:_SlRxFilterGetCmdCtrl)
                  00012668    00000004     wlan.obj (.const:_SlRxFilterSetCmdCtrl)
                  0001266c    00000004     socket.obj (.const:_SlSelectCmdCtrl)
                  00012670    00000004     socket.obj (.const:_SlSendCmdCtrl)
                  00012674    00000004     socket.obj (.const:_SlSetSockOptCmdCtrl)
                  00012678    00000004     wlan.obj (.const:_SlSmartConfigStartCmdCtrl)
                  0001267c    00000004     socket.obj (.const:_SlSockCloseCmdCtrl)
                  00012680    00000004     socket.obj (.const:_SlSockSocketCmdCtrl)
                  00012684    00000004     device.obj (.const:_SlStopCmdCtrl)
                  00012688    00000004     wlan.obj (.const:_SlWlanCfgGetCmdCtrl)
                  0001268c    00000004     wlan.obj (.const:_SlWlanCfgSetCmdCtrl)
                  00012690    00000004     wlan.obj (.const:_SlWlanGetNetworkListCtrl)
                  00012694    00000004     wlan.obj (.const:_SlWlanSetModeCmdCtrl)

.cinit     0    00012698    00000078     
                  00012698    0000003d     (.cinit..data.load) [load image, compression = lzss]
                  000126d5    00000003     --HOLE-- [fill = 0]
                  000126d8    0000000c     (__TI_handler_table)
                  000126e4    00000004     --HOLE-- [fill = 0]
                  000126e8    00000008     (.cinit..bss.load) [load image, compression = zero_init]
                  000126f0    00000008     (.cinit..vtable.load) [load image, compression = zero_init]
                  000126f8    00000018     (__TI_cinit_table)

.vtable    0    20000000    000000e4     UNINITIALIZED
                  20000000    000000e4     interrupt.obj (.vtable)

.data      0    200000e8    000000d0     UNINITIALIZED
                  200000e8    00000034     tasks.obj (.data)
                  2000011c    00000024     rtsv7M4_T_le_v4SPD16_eabi.lib : localtim.c.obj (.data:local_tm)
                  20000140    00000014     i2c_driver.obj (.data:i2cConfig)
                  20000154    00000010     rtsv7M4_T_le_v4SPD16_eabi.lib : tmzone.c.obj (.data:_tz)
                  20000164    0000000c     osi_freertos.obj (.data)
                  20000170    0000000c     port.obj (.data)
                  2000017c    0000000a     sntp.obj (.data)
                  20000186    00000001     i2c_driver.obj (.data)
                  20000187    00000001     --HOLE--
                  20000188    00000009     driver.obj (.data)
                  20000191    00000003     --HOLE--
                  20000194    00000008     heap_1.obj (.data)
                  2000019c    00000004     board.obj (.data)
                  200001a0    00000008     tmp006.obj (.data)
                  200001a8    00000004     cli_uart.obj (.data)
                  200001ac    00000004     rtsv7M4_T_le_v4SPD16_eabi.lib : errno.c.obj (.data)
                  200001b0    00000004                                   : strtok.c.obj (.data)
                  200001b4    00000004     system_msp432p401r.obj (.data)

.bss       0    20000400    0000c4f5     UNINITIALIZED
                  20000400    0000c000     heap_1.obj (.bss:ucHeap)
                  2000c400    00000200     (.common:MSP_EXP432P401RLP_DMAControlTable1)
                  2000c600    00000178     driver.obj (.bss:g_StatMem)
                  2000c778    0000008c     tasks.obj (.bss:pxReadyTasksLists)
                  2000c804    00000030     sntp.obj (.bss:rx_buffer)
                  2000c834    00000030     sntp.obj (.bss:tx_buffer)
                  2000c864    00000014     tasks.obj (.bss:xDelayedTaskList1)
                  2000c878    00000014     tasks.obj (.bss:xDelayedTaskList2)
                  2000c88c    00000014     tasks.obj (.bss:xPendingReadyList)
                  2000c8a0    00000014     tasks.obj (.bss:xSuspendedTaskList)
                  2000c8b4    00000014     tasks.obj (.bss:xTasksWaitingTermination)
                  2000c8c8    00000008     cs.obj (.bss)
                  2000c8d0    00000008     tasks.obj (.bss)
                  2000c8d8    00000004     cc3100_boosterpack.obj (.bss)
                  2000c8dc    00000004     (.common:g_ucUARTBuffer)
                  2000c8e0    00000004     (.common:g_ui32ByteCount)
                  2000c8e4    00000004     (.common:mutx)
                  2000c8e8    00000004     (.common:pData)
                  2000c8ec    00000004     (.common:semaphoreSNTP)
                  2000c8f0    00000001     (.common:IntIsMasked)
                  2000c8f1    00000001     (.common:RxIrqCnt)
                  2000c8f2    00000001     (.common:g_bDeviceRestartIsRequired)
                  2000c8f3    00000001     (.common:ui8DummyRead)
                  2000c8f4    00000001     (.common:ui8Status)

.stack     0    2000fe00    00000200     UNINITIALIZED
                  2000fe00    00000004     rtsv7M4_T_le_v4SPD16_eabi.lib : boot_cortex_m.c.obj (.stack)
                  2000fe04    000001fc     --HOLE--

MODULE SUMMARY

       Module                        code    ro data   rw data
       ------                        ----    -------   -------
    ./
       main.obj                      864     28        8      
       system_msp432p401r.obj        808     0         4      
       msp432_startup_ccs.obj        32      324       0      
    +--+-----------------------------+-------+---------+---------+
       Total:                        1704    352       12     
                                                              
    ./driverslibPAC3/cc3100/board/
       spi_cc3100.obj                992     28        512    
       board.obj                     460     0         5      
       cli_uart.obj                  364     0         8      
    +--+-----------------------------+-------+---------+---------+
       Total:                        1816    28        525    
                                                              
    ./driverslibPAC3/cc3100/oslib/
       osi_freertos.obj              1096    0         12     
    +--+-----------------------------+-------+---------+---------+
       Total:                        1096    0         12     
                                                              
    ./driverslibPAC3/cc3100/simplelink/source/
       driver.obj                    7212    164       387    
       socket.obj                    3592    68        0      
       wlan.obj                      3092    60        0      
       netapp.obj                    2820    40        0      
       device.obj                    1264    28        0      
       netcfg.obj                    312     8         0      
    +--+-----------------------------+-------+---------+---------+
       Total:                        18292   368       387    
                                                              
    ./driverslibPAC3/freertos/cortex-m4/
       port.obj                      648     8         12     
       portasm.obj                   210     0         0      
    +--+-----------------------------+-------+---------+---------+
       Total:                        858     8         12     
                                                              
    ./driverslibPAC3/freertos/src/
       heap_1.obj                    180     0         49160  
       tasks.obj                     6668    0         300    
       queue.obj                     3236    0         0      
       list.obj                      298     0         0      
    +--+-----------------------------+-------+---------+---------+
       Total:                        10382   0         49460  
                                                              
    ./driverslibPAC3/msp432/
       cs.obj                        3452    0         8      
       adc14.obj                     2260    128       0      
       pcm.obj                       2104    0         0      
       i2c.obj                       1960    0         0      
       dma.obj                       1920    0         0      
       interrupt.obj                 1008    144       228    
       rtc_c.obj                     1288    0         0      
       sysctl.obj                    580     0         0      
       wdt_a.obj                     216     0         0      
       cpu.obj                       62      0         0      
    +--+-----------------------------+-------+---------+---------+
       Total:                        14850   272       236    
                                                              
    ./driverslibPAC3/sensors/
       i2c_driver.obj                1464    0         31     
       tmp006.obj                    1084    0         8      
       opt3001.obj                   364     0         0      
    +--+-----------------------------+-------+---------+---------+
       Total:                        2912    0         39     
                                                              
    ./driverslibPAC3/sntp/
       sntp.obj                      636     30        106    
    +--+-----------------------------+-------+---------+---------+
       Total:                        636     30        106    
                                                              
    ./driverslibPAC3/ti_cc3100_boosterpack/
       cc3100_boosterpack.obj        2636    84        4      
    +--+-----------------------------+-------+---------+---------+
       Total:                        2636    84        4      
                                                              
    ./driverslibPAC3/ti_edu_boosterpack/
       edu_boosterpack_sensors.obj   688     0         0      
    +--+-----------------------------+-------+---------+---------+
       Total:                        688     0         0      
                                                              
    ./driverslibPAC3/ti_msp432_launchpad/
       msp432_launchpad_board.obj    1004    0         0      
    +--+-----------------------------+-------+---------+---------+
       Total:                        1004    0         0      
                                                              
    /Applications/ti/ccsv8/tools/compiler/ti-cgt-arm_18.1.3.LTS/lib/rtsv7M4_T_le_v4SPD16_eabi.lib
       _printfi.c.obj                4863    0         0      
       s_exp2.c.obj                  508     4096      0      
       e_pow.c.obj                   2496    48        0      
       mktime.c.obj                  672     96        0      
       fd_add_t2.asm.obj             438     0         0      
       e_sqrt.c.obj                  344     0         0      
       localtim.c.obj                308     0         36     
       fd_div_t2.asm.obj             310     0         0      
       strtol.c.obj                  304     0         0      
       s_scalbn.c.obj                272     0         0      
       fd_cmp_t2.asm.obj             268     0         0      
       ctype.c.obj                   0       257       0      
       fd_mul_t2.asm.obj             252     0         0      
       memcpy_t2.asm.obj             156     0         0      
       ull_div_t2.asm.obj            150     0         0      
       memset_t2.asm.obj             122     0         0      
       fd_tos_t2.asm.obj             110     0         0      
       ll_div_t2.asm.obj             110     0         0      
       copy_decompress_lzss.c.obj    104     0         0      
       s_frexp.c.obj                 100     0         0      
       sprintf.c.obj                 98      0         0      
       ltoa.c.obj                    84      0         0      
       atoi.c.obj                    76      0         0      
       fd_toi_t2.asm.obj             72      0         0      
       autoinit.c.obj                68      0         0      
       strtok.c.obj                  64      0         4      
       u_divt2.asm.obj               64      0         0      
       boot_cortex_m.c.obj           56      0         0      
       fs_tod_t2.asm.obj             56      0         0      
       gmtime.c.obj                  56      0         0      
       i_tofd_t2.asm.obj             46      0         0      
       strspn.c.obj                  42      0         0      
       strcspn.c.obj                 36      0         0      
       u_tofd_t2.asm.obj             32      0         0      
       memccpy.c.obj                 28      0         0      
       strchr.c.obj                  22      0         0      
       s_copysign.c.obj              20      0         0      
       strlen.c.obj                  20      0         0      
       wcslen.c.obj                  18      0         0      
       tmzone.c.obj                  0       0         16     
       copy_decompress_none.c.obj    14      0         0      
       copy_zero_init.c.obj          12      0         0      
       errno.c.obj                   8       0         4      
       exit.c.obj                    4       0         0      
       pre_init.c.obj                4       0         0      
       div0.asm.obj                  2       0         0      
    +--+-----------------------------+-------+---------+---------+
       Total:                        12889   4497      60     
                                                              
       Stack:                        0       0         512    
       Linker Generated:             0       113       0      
    +--+-----------------------------+-------+---------+---------+
       Grand Total:                  69763   5752      51365  


LINKER GENERATED COPY TABLES

__TI_cinit_table @ 000126f8 records: 3, size/record: 8, table size: 24
	.data: load addr=00012698, load size=0000003d bytes, run addr=200000e8, run size=000000d0 bytes, compression=lzss
	.bss: load addr=000126e8, load size=00000008 bytes, run addr=20000400, run size=0000c4f5 bytes, compression=zero_init
	.vtable: load addr=000126f0, load size=00000008 bytes, run addr=20000000, run size=000000e4 bytes, compression=zero_init


LINKER GENERATED HANDLER TABLE

__TI_handler_table @ 000126d8 records: 3, size/record: 4, table size: 12
	index: 0, handler: __TI_zero_init
	index: 1, handler: __TI_decompress_lzss
	index: 2, handler: __TI_decompress_none


GLOBAL SYMBOLS: SORTED ALPHABETICALLY BY Name 

address   name                                       
-------   ----                                       
00009d75  ADC14_clearInterruptFlag                   
0000991d  ADC14_configureConversionMemory            
000097c5  ADC14_configureMultiSequenceMode           
0000985b  ADC14_configureSingleSampleMode            
00009a55  ADC14_disableComparatorWindow              
000098f3  ADC14_disableConversion                    
00009cf3  ADC14_disableInterrupt                     
00009699  ADC14_disableModule                        
00009c73  ADC14_disableReferenceBurst                
000096d9  ADC14_disableSampleTimer                   
000099c5  ADC14_enableComparatorWindow               
000098b1  ADC14_enableConversion                     
00009ccb  ADC14_enableInterrupt                      
00009691  ADC14_enableModule                         
00009c5d  ADC14_enableReferenceBurst                 
000096af  ADC14_enableSampleTimer                    
00009d3f  ADC14_getEnabledInterruptStatus            
00009d1b  ADC14_getInterruptStatus                   
00009b7d  ADC14_getMultiSequenceResult               
0000974f  ADC14_getResolution                        
00009b63  ADC14_getResult                            
00009be9  ADC14_getResultArray                       
000096ef  ADC14_initModule                           
000098ff  ADC14_isBusy                               
00009da1  ADC14_registerInterrupt                    
00009ab3  ADC14_setComparatorWindowValue             
00009c89  ADC14_setPowerMode                         
00009735  ADC14_setResolution                        
00009b39  ADC14_setResultFormat                      
0000979b  ADC14_setSampleHoldTime                    
00009759  ADC14_setSampleHoldTrigger                 
000098d1  ADC14_toggleConversionTrigger              
00009db5  ADC14_unregisterInterrupt                  
000111cd  C$$EXIT                                    
0000f325  CC3100_InterruptDisable                    
0000f2e1  CC3100_InterruptEnable                     
0000f2cf  CC3100_disable                             
0000f2bd  CC3100_enable                              
0000f62d  CLI_Configure                              
0000f67b  CLI_Read                                   
0000f6cd  CLI_Write                                  
00010fab  CPU_basepriGet                             
00010f9d  CPU_basepriSet                             
00010f77  CPU_cpsid                                  
00010f8d  CPU_cpsie                                  
00010f83  CPU_primask                                
00010f99  CPU_wfi                                    
00005285  CS_clearInterruptFlag                      
00004b2d  CS_disableClockRequest                     
00004c13  CS_disableDCOExternalResistor              
00005159  CS_disableFaultCounter                     
00005243  CS_disableInterrupt                        
00004b05  CS_enableClockRequest                      
00004b75  CS_enableDCOExternalResistor               
0000512d  CS_enableFaultCounter                      
00005221  CS_enableInterrupt                         
000050c5  CS_getACLK                                 
00005085  CS_getBCLK                                 
00004d0d  CS_getDCOFrequency                         
0000526b  CS_getEnabledInterruptStatus               
000050a1  CS_getHSMCLK                               
00005265  CS_getInterruptStatus                      
0000510b  CS_getMCLK                                 
000050e9  CS_getSMCLK                                
00004825  CS_initClockSignal                         
000052a7  CS_registerInterrupt                       
00005185  CS_resetFaultCounter                       
00004c31  CS_setDCOCenteredFrequency                 
00004b9d  CS_setDCOExternalResistorCalibration       
00004ead  CS_setDCOFrequency                         
000047e9  CS_setExternalClockSourceFrequency         
00004b4f  CS_setReferenceOscillatorFrequency         
000051d1  CS_startFaultCounter                       
00004929  CS_startHFXT                               
0000494d  CS_startHFXTWithTimeout                    
00004a11  CS_startLFXT                               
00004a35  CS_startLFXTWithTimeout                    
00004c69  CS_tuneDCOFrequency                        
000052bb  CS_unregisterInterrupt                     
0000b1fd  DMA_assignChannel                          
0000b3ed  DMA_assignInterrupt                        
0000adf3  DMA_clearErrorStatus                       
0000b465  DMA_clearInterruptFlag                     
0000ae13  DMA_disableChannel                         
0000aedb  DMA_disableChannelAttribute                
0000b4bf  DMA_disableInterrupt                       
0000ade5  DMA_disableModule                          
0000adfb  DMA_enableChannel                          
0000ae87  DMA_enableChannelAttribute                 
0000b481  DMA_enableInterrupt                        
0000addd  DMA_enableModule                           
0000af2f  DMA_getChannelAttribute                    
0000b1ad  DMA_getChannelMode                         
0000b165  DMA_getChannelSize                         
0000ae69  DMA_getControlAlternateBase                
0000ae63  DMA_getControlBase                         
0000aded  DMA_getErrorStatus                         
0000b459  DMA_getInterruptStatus                     
0000ae2b  DMA_isChannelEnabled                       
0000b4fd  DMA_registerInterrupt                      
0000ae6f  DMA_requestChannel                         
0000b441  DMA_requestSoftwareTransfer                
0000af9f  DMA_setChannelControl                      
0000b0d9  DMA_setChannelScatterGather                
0000afe1  DMA_setChannelTransfer                     
0000ae53  DMA_setControlBase                         
0000b513  DMA_unregisterInterrupt                    
0000f403  Delay                                      
0000f721  EUSCIA0_IRQHandler                         
0000ba25  EUSCIB1_IRQHandler                         
0000ac95  I2C_clearInterruptFlag                     
0000ac7f  I2C_disableInterrupt                       
0000a6e7  I2C_disableModule                          
0000ac49  I2C_disableMultiMasterMode                 
0000ac69  I2C_enableInterrupt                        
0000a6d1  I2C_enableModule                           
0000ac29  I2C_enableMultiMasterMode                  
0000acc3  I2C_getEnabledInterruptStatus              
0000acab  I2C_getInterruptStatus                     
0000acd3  I2C_getMode                                
0000abcf  I2C_getReceiveBufferAddressForDMA          
0000abdd  I2C_getTransmitBufferAddressForDMA         
0000b55d  I2C_init                                   
0000a635  I2C_initMaster                             
0000a697  I2C_initSlave                              
0000a78b  I2C_isBusBusy                              
0000abfd  I2C_masterIsStartSent                      
0000abeb  I2C_masterIsStopSent                       
0000aaf5  I2C_masterReceiveMultiByteFinish           
0000ab33  I2C_masterReceiveMultiByteFinishWithTimeout
0000aadd  I2C_masterReceiveMultiByteNext             
0000ab91  I2C_masterReceiveMultiByteStop             
0000aba5  I2C_masterReceiveSingle                    
0000a72d  I2C_masterReceiveSingleByte                
0000aac3  I2C_masterReceiveStart                     
0000a9a3  I2C_masterSendMultiByteFinish              
0000a9f1  I2C_masterSendMultiByteFinishWithTimeout   
0000a939  I2C_masterSendMultiByteNext                
0000a965  I2C_masterSendMultiByteNextWithTimeout     
0000a88f  I2C_masterSendMultiByteStart               
0000a8dd  I2C_masterSendMultiByteStartWithTimeout    
0000aa5d  I2C_masterSendMultiByteStop                
0000aa87  I2C_masterSendMultiByteStopWithTimeout     
0000a79d  I2C_masterSendSingleByte                   
0000a803  I2C_masterSendSingleByteWithTimeout        
0000ac15  I2C_masterSendStart                        
0000b64b  I2C_read                                   
0000b951  I2C_read16                                 
0000b767  I2C_readBurst                              
0000ace9  I2C_registerInterrupt                      
0000a711  I2C_setMode                                
0000a6fd  I2C_setSlaveAddress                        
0000a777  I2C_slaveGetData                           
0000a761  I2C_slavePutData                           
0000adab  I2C_slaveSendNAK                           
0000ad4f  I2C_unregisterInterrupt                    
0000b579  I2C_write                                  
0000b89d  I2C_write16                                
2000c8f0  IntIsMasked                                
0000cf53  Interrupt_disableInterrupt                 
0000cda3  Interrupt_disableMaster                    
0000d151  Interrupt_disableSleepOnIsrExit            
0000cee1  Interrupt_enableInterrupt                  
0000cd93  Interrupt_enableMaster                     
0000d13f  Interrupt_enableSleepOnIsrExit             
0000cebb  Interrupt_getPriority                      
0000ce33  Interrupt_getPriorityGrouping              
0000d11f  Interrupt_getPriorityMask                  
0000d139  Interrupt_getVectorTableAddress            
0000cfc5  Interrupt_isEnabled                        
0000d051  Interrupt_pendInterrupt                    
0000cdb3  Interrupt_registerInterrupt                
0000ce6b  Interrupt_setPriority                      
0000ce19  Interrupt_setPriorityGrouping              
0000d10f  Interrupt_setPriorityMask                  
0000d129  Interrupt_setVectorTableAddress            
0000d0c1  Interrupt_unpendInterrupt                  
0000ce05  Interrupt_unregisterInterrupt              
2000c400  MSP_EXP432P401RLP_DMAControlTable1         
0000f343  MaskIntHdlr                                
00012404  OpcodeTranslateTable                       
0000a5d7  PCM_clearInterruptFlag                     
0000a5ad  PCM_disableInterrupt                       
0000a585  PCM_disableRudeMode                        
0000a599  PCM_enableInterrupt                        
0000a573  PCM_enableRudeMode                         
00009f7f  PCM_getCoreVoltageLevel                    
0000a5c7  PCM_getEnabledInterruptStatus              
0000a5c1  PCM_getInterruptStatus                     
00009f25  PCM_getPowerMode                           
0000a567  PCM_getPowerState                          
0000a499  PCM_gotoLPM0                               
0000a4b7  PCM_gotoLPM0InterruptSafe                  
0000a4d3  PCM_gotoLPM3                               
0000a54b  PCM_gotoLPM3InterruptSafe                  
0000a46d  PCM_gotoLPM4                               
0000a47d  PCM_gotoLPM4InterruptSafe                  
0000a5eb  PCM_registerInterrupt                      
00009ef3  PCM_setCoreVoltageLevel                    
00009f15  PCM_setCoreVoltageLevelNonBlocking         
00009f03  PCM_setCoreVoltageLevelWithTimeout         
0000a125  PCM_setPowerMode                           
0000a135  PCM_setPowerModeNonBlocking                
0000a145  PCM_setPowerModeWithTimeout                
0000a3f7  PCM_setPowerState                          
0000a419  PCM_setPowerStateNonBlocking               
0000a407  PCM_setPowerStateWithTimeout               
0000a429  PCM_shutdownDevice                         
0000a5ff  PCM_unregisterInterrupt                    
0000f433  PORT2_IRQHandler                           
0000bf71  RTC_C_clearInterruptFlag                   
0000bdbb  RTC_C_convertBCDToBinary                   
0000bdd3  RTC_C_convertBinaryToBCD                   
0000bd17  RTC_C_definePrescaleEvent                  
0000be41  RTC_C_disableInterrupt                     
0000bdeb  RTC_C_enableInterrupt                      
0000bc49  RTC_C_getCalendarTime                      
0000bf11  RTC_C_getEnabledInterruptStatus            
0000bea9  RTC_C_getInterruptStatus                   
0000bd3f  RTC_C_getPrescaleValue                     
0000bb33  RTC_C_holdClock                            
0000bbd7  RTC_C_initCalendar                         
0000bfb7  RTC_C_registerInterrupt                    
0000bcaf  RTC_C_setCalendarAlarm                     
0000bce7  RTC_C_setCalendarEvent                     
0000bb81  RTC_C_setCalibrationData                   
0000bb51  RTC_C_setCalibrationFrequency              
0000bd6b  RTC_C_setPrescaleValue                     
0000bbad  RTC_C_setTemperatureCompensation           
0000bb15  RTC_C_startClock                           
0000bfd5  RTC_C_unregisterInterrupt                  
2000c8f1  RxIrqCnt                                   
00004509  SL_FD_CLR                                  
0000452b  SL_FD_ISSET                                
000044e7  SL_FD_SET                                  
00004559  SL_FD_ZERO                                 
0000f3b3  SelAntenna                                 
0000891b  SimpleLinkGeneralEventHandler              
0000890d  SimpleLinkHttpServerCallback               
000088dd  SimpleLinkNetAppEventHandler               
0000892d  SimpleLinkSockEventHandler                 
00008869  SimpleLinkWlanEventHandler                 
0000ee8b  SysCtl_disableGlitchFilter                 
0000ed1b  SysCtl_disableNMISource                    
0000ee23  SysCtl_disablePeripheralAtCPUHalt          
0000ed65  SysCtl_disableSRAMBank                     
0000ede9  SysCtl_disableSRAMBankRetention            
0000ee7f  SysCtl_enableGlitchFilter                  
0000ed2f  SysCtl_enableNMISource                     
0000ee0f  SysCtl_enablePeripheralAtCPUHalt           
0000ed49  SysCtl_enableSRAMBank                      
0000edcd  SysCtl_enableSRAMBankRetention             
0000ed15  SysCtl_getFlashSize                        
0000ed43  SysCtl_getNMISourceStatus                  
0000ed0f  SysCtl_getSRAMSize                         
0000ec99  SysCtl_getTLVInfo                          
0000ee97  SysCtl_getTempCalibrationConstant          
0000ee05  SysCtl_rebootDevice                        
0000ee5b  SysCtl_setWDTPasswordViolationResetType    
0000ee37  SysCtl_setWDTTimeoutResetType              
200001b4  SystemCoreClock                            
0000dcad  SystemCoreClockUpdate                      
0000df21  SystemInit                                 
0000c955  TMP006_init                                
0000c999  TMP006_readAmbientTemperature              
0000c9c1  TMP006_readObjectTemperature               
0000f34b  UnMaskIntHdlr                              
0000c7a5  VDeleteSimpleLinkSpawnTask                 
0000c765  VStartSimpleLinkSpawnTask                  
4000480c  WDTCTL_SYM                                 
00010505  WDT_A_clearTimer                           
000104c5  WDT_A_holdTimer                            
00010541  WDT_A_initIntervalTimer                    
00010525  WDT_A_initWatchdogTimer                    
00010575  WDT_A_registerInterrupt                    
0001055d  WDT_A_setPasswordViolationReset            
00010569  WDT_A_setTimeoutReset                      
000104e5  WDT_A_startTimer                           
00010589  WDT_A_unregisterInterrupt                  
00012440  _SlActionLookupTable                       
00001cc3  _SlDriverHandleError                       
000014fd  _SlDrvBasicCmd                             
00000465  _SlDrvCmdOp                                
00001545  _SlDrvCmdSend                              
0000051d  _SlDrvDataReadOp                           
000006f9  _SlDrvDataWriteOp                          
0000c455  _SlDrvDeviceEventHandler                   
00001b4f  _SlDrvDispatchHttpServerEvents             
0000030b  _SlDrvDriverCBDeinit                       
0000018b  _SlDrvDriverCBInit                         
00001c23  _SlDrvGlobalObjUnLock                      
00001c43  _SlDrvMemZero                              
00001167  _SlDrvMsgReadSpawnCtx                      
000075a5  _SlDrvNetAppEventHandler                   
00001b7d  _SlDrvObjLockWaitForever                   
00001bc3  _SlDrvObjUnLock                            
00000145  _SlDrvProtectAsyncRespSetting              
00001b9f  _SlDrvProtectionObjLockWaitForever         
00001be1  _SlDrvProtectionObjUnLock                  
0000175b  _SlDrvReleasePoolObj                       
00001c59  _SlDrvResetCmdExt                          
00000419  _SlDrvRxIrqHandler                         
00001b5f  _SlDrvSyncObjSignal                        
00001c67  _SlDrvSyncObjWaitForever                   
00001c87  _SlDrvSyncObjWaitTimeout                   
000015c9  _SlDrvWaitForPoolObj                       
0001262c  _SlNetAppSendTokenValueCmdCtrl             
20010000  __STACK_END                                
00000200  __STACK_SIZE                               
000126f8  __TI_CINIT_Base                            
00012710  __TI_CINIT_Limit                           
000126d8  __TI_Handler_Table_Base                    
000126e4  __TI_Handler_Table_Limit                   
00010e35  __TI_auto_init_nobinit_nopinit             
00010bd9  __TI_decompress_lzss                       
0001119d  __TI_decompress_none                       
ffffffff  __TI_pprof_out_hndl                        
000076bd  __TI_printfi                               
ffffffff  __TI_prof_data_size                        
ffffffff  __TI_prof_data_start                       
00000000  __TI_static_base__                         
000111ab  __TI_zero_init                             
00010909  __aeabi_cdcmpeq                            
00010909  __aeabi_cdcmple                            
0001098f  __aeabi_cdrcmple                           
00010afd  __aeabi_d2f                                
00010ded  __aeabi_d2iz                               
0000f47f  __aeabi_dadd                               
0000fcd1  __aeabi_ddiv                               
000103c9  __aeabi_dmul                               
0000f475  __aeabi_dsub                               
000111c1  __aeabi_errno_addr                         
00011025  __aeabi_f2d                                
0001105d  __aeabi_i2d                                
0000811b  __aeabi_idiv0                              
0000811b  __aeabi_ldiv0                              
00010b6b  __aeabi_ldivmod                            
00010a15  __aeabi_memclr                             
00010a15  __aeabi_memclr4                            
00010a15  __aeabi_memclr8                            
000107d7  __aeabi_memcpy                             
000107d7  __aeabi_memcpy4                            
000107d7  __aeabi_memcpy8                            
00010a17  __aeabi_memset                             
00010a17  __aeabi_memset4                            
00010a17  __aeabi_memset8                            
000110f9  __aeabi_ui2d                               
00010e79  __aeabi_uidiv                              
00010e79  __aeabi_uidivmod                           
00010873  __aeabi_uldivmod                           
ffffffff  __binit__                                  
ffffffff  __c_args__                                 
00010fb5  __gmtime32                                 
0000fe09  __localtime32                              
0000e285  __mktime32                                 
UNDEFED   __mpu_init                                 
2000fe00  __stack                                    
00010fed  _c_int00_noargs                            
000121d0  _ctypes_                                   
00004145  _sl_HandleAsync_Accept                     
00003d49  _sl_HandleAsync_Connect                    
00007017  _sl_HandleAsync_DnsGetHostByAddr           
00007143  _sl_HandleAsync_DnsGetHostByName           
00006f51  _sl_HandleAsync_DnsGetHostByService        
0000c0fb  _sl_HandleAsync_InitComplete               
00007215  _sl_HandleAsync_PingResponse               
000041a5  _sl_HandleAsync_Select                     
0000c175  _sl_HandleAsync_Stop                       
0000749d  _sl_NetAppSendTokenValue                   
00003805  _sl_ParseAddress                           
UNDEFED   _system_post_cinit                         
000111c9  _system_pre_init                           
20000154  _tz                                        
000111cd  abort                                      
00010da1  atoi                                       
ffffffff  binit                                      
0000d181  board_init                                 
20000186  burstMode                                  
0000f365  clear_rts                                  
200001a8  cli_have_cmd                               
00011163  copysign                                   
00011163  copysignl                                  
0000d231  debug1_off                                 
0000d225  debug1_on                                  
0000d23d  debug1_toggle                              
0000d255  debug2_off                                 
0000d249  debug2_on                                  
0000d261  debug2_toggle                              
0000d279  debug3_off                                 
0000d26d  debug3_on                                  
0000d285  debug3_toggle                              
0000d29d  debug4_off                                 
0000d291  debug4_on                                  
0000d2a9  debug4_toggle                              
0000219d  eTaskGetState                              
0000dff3  edu_boosterpack_sensors_acceleration_read  
0000dfd5  edu_boosterpack_sensors_init               
0000e1dd  edu_boosterpack_sensors_light_read         
0000e1cd  edu_boosterpack_sensors_temperature_read   
200001ac  errno                                      
0000eedd  exp2                                       
0000eedd  exp2l                                      
00010c41  frexp                                      
00010c41  frexpl                                     
2000c8f2  g_bDeviceRestartIsRequired                 
20000188  g_pCB                                      
20000000  g_pfnRAMVectors                            
2000c8dc  g_ucUARTBuffer                             
2000c8e0  g_ui32ByteCount                            
00010fb5  gmtime                                     
0000f377  initAntSelGPIO                             
00000000  interruptVectors                           
000102b9  ldexp                                      
000102b9  ldexpl                                     
0000d1c5  led_blue_off                               
0000d1b9  led_blue_on                                
0000d1d1  led_blue_toggle                            
0000d1e9  led_green_off                              
0000d1dd  led_green_on                               
0000d1f5  led_green_toggle                           
0000d20d  led_red1_off                               
0000d201  led_red1_on                                
0000d219  led_red1_toggle                            
0000d1a1  led_red_off                                
0000d195  led_red_on                                 
0000d1ad  led_red_toggle                             
0000fe09  localtime                                  
00010cfb  ltoa                                       
0000db27  main                                       
0000c8b9  mem_Free                                   
0000c8ad  mem_Malloc                                 
0000c8d9  mem_copy                                   
0000c8c5  mem_set                                    
00011119  memccpy                                    
000107d7  memcpy                                     
00010a1d  memset                                     
0000e285  mktime                                     
2000c8e4  mutx                                       
0000c935  osi_ContextRestore                         
0000c933  osi_ContextSave                            
0000c8ed  osi_EnterCritical                          
0000c8f7  osi_ExitCritical                           
0000c613  osi_LockObjCreate                          
0000c67f  osi_LockObjDelete                          
0000c68f  osi_LockObjLock                            
0000c6c1  osi_LockObjUnlock                          
0000c7d5  osi_MsgQCreate                             
0000c819  osi_MsgQDelete                             
0000c871  osi_MsgQRead                               
0000c833  osi_MsgQWrite                              
0000c909  osi_Sleep                                  
0000c6eb  osi_Spawn                                  
0000c5f1  osi_SyncObjClear                           
0000c50d  osi_SyncObjCreate                          
0000c53d  osi_SyncObjDelete                          
0000c557  osi_SyncObjSignal                          
0000c57f  osi_SyncObjSignalFromISR                   
0000c5bf  osi_SyncObjWait                            
0000c639  osi_TaskCreate                             
0000c671  osi_TaskDelete                             
0000c91f  osi_TaskDisable                            
0000c929  osi_TaskEnable                             
0000c901  osi_start                                  
2000c8e8  pData                                      
2000019c  pIraEventHandler                           
2000018c  pPingCallBackFunc                          
00002771  pcTaskGetName                              
00008b69  pow                                        
00008b69  powl                                       
00010671  pvPortMalloc                               
000031f7  pvTaskIncrementMutexHeldCount              
200000e8  pxCurrentTCB                               
0000e525  pxPortInitialiseStack                      
0000f2a9  registerInterruptHandler                   
000102b9  scalbn                                     
000102b9  scalbnl                                    
2000c8ec  semaphoreSNTP                              
0000f897  sensorOpt3001Convert                       
0000f7a5  sensorOpt3001Enable                        
0000f799  sensorOpt3001Init                          
0000f7d1  sensorOpt3001Read                          
0000f835  sensorOpt3001Test                          
0000f353  set_rts                                    
00003f29  sl_Accept                                  
00003903  sl_Bind                                    
000038c7  sl_Close                                   
00003bed  sl_Connect                                 
0000c335  sl_DevGet                                  
0000c3e1  sl_DevSet                                  
0000c2d9  sl_EventMaskGet                            
0000c293  sl_EventMaskSet                            
000042f9  sl_GetSockOpt                              
000040c3  sl_Htonl                                   
00004105  sl_Htons                                   
00003ed9  sl_Listen                                  
00007029  sl_NetAppDnsGetHostByName                  
00006e59  sl_NetAppDnsGetHostByService               
0000750d  sl_NetAppGet                               
00006c25  sl_NetAppGetServiceList                    
00006dc1  sl_NetAppMDNSRegisterService               
00006d01  sl_NetAppMDNSRegisterUnregisterService     
00006e0b  sl_NetAppMDNSUnRegisterService             
000072a1  sl_NetAppPingStart                         
00007429  sl_NetAppSet                               
00006bb9  sl_NetAppStart                             
00006bef  sl_NetAppStop                              
0000fc0d  sl_NetCfgGet                               
0000fb99  sl_NetCfgSet                               
000041f9  sl_Recv                                    
00003ac1  sl_RecvFrom                                
0000439b  sl_Select                                  
00003dc9  sl_Send                                    
00003997  sl_SendTo                                  
00004285  sl_SetSockOpt                              
0000385f  sl_Socket                                  
0000c031  sl_Start                                   
0000c1bf  sl_Stop                                    
00005fa5  sl_WlanConnect                             
000061ff  sl_WlanDisconnect                          
00006af1  sl_WlanGet                                 
0000670d  sl_WlanGetNetworkList                      
00006291  sl_WlanPolicyGet                           
00006219  sl_WlanPolicySet                           
00006341  sl_WlanProfileAdd                          
000066d1  sl_WlanProfileDel                          
000065d9  sl_WlanProfileGet                          
0000678d  sl_WlanRxFilterAdd                         
0000686f  sl_WlanRxFilterGet                         
0000680d  sl_WlanRxFilterSet                         
00006927  sl_WlanRxStatGet                           
000068ed  sl_WlanRxStatStart                         
0000690d  sl_WlanRxStatStop                          
00006a75  sl_WlanSet                                 
00006a39  sl_WlanSetMode                             
0000698d  sl_WlanSmartConfigStart                    
0000696d  sl_WlanSmartConfigStop                     
0000e7ad  sntp_get                                   
0000d611  spi_Close                                  
0000d56d  spi_Open                                   
0000d6d5  spi_Read                                   
0000d61d  spi_Write                                  
00010eb9  sprintf                                    
0000f905  sqrt                                       
0000f905  sqrtl                                      
0001114d  strchr                                     
000110b5  strcspn                                    
00008209  stringToAddress                            
00011177  strlen                                     
0001108b  strspn                                     
00010ef9  strtok                                     
0000ff3d  strtol                                     
00005d45  ucQueueGetQueueType                        
2000c8f3  ui8DummyRead                               
2000c8f4  ui8Status                                  
000125d4  ulMaxSyscallInterruptPriority              
000105ad  ulPortGetIPSR                              
0000320f  ulTaskNotifyTake                           
0001014f  uxListRemove                               
00005d25  uxQueueGetQueueNumber                      
00005c7d  uxQueueMessagesWaiting                     
00005cdb  uxQueueMessagesWaitingFromISR              
00005ca7  uxQueueSpacesAvailable                     
00002767  uxTaskGetNumberOfTasks                     
000027b5  uxTaskGetSystemState                       
00002d2b  uxTaskGetTaskNumber                        
00002239  uxTaskPriorityGet                          
00002265  uxTaskPriorityGetFromISR                   
000031d5  uxTaskResetEventItemValue                  
0001006d  vListInitialise                            
0001009d  vListInitialiseItem                        
000100e9  vListInsert                                
000100ad  vListInsertEnd                             
00010661  vPortEnableVFP                             
0000e645  vPortEndScheduler                          
0000e669  vPortEnterCritical                         
0000e6ab  vPortExitCritical                          
000106e1  vPortFree                                  
00010705  vPortInitialiseBlocks                      
00010625  vPortSVCHandler                            
0000e6fd  vPortSetupTimerInterrupt                   
00010645  vPortStartFirstTask                        
0000e717  vPortValidateInterruptPriority             
00005d01  vQueueDelete                               
00005d33  vQueueSetQueueNumber                       
00002135  vTaskDelay                                 
00002053  vTaskDelayUntil                            
00001f89  vTaskDelete                                
0000260d  vTaskEndScheduler                          
00002e3d  vTaskGetInfo                               
00002d23  vTaskMissedYield                           
00003597  vTaskNotifyGiveFromISR                     
00002a5b  vTaskPlaceOnEventList                      
00002a95  vTaskPlaceOnUnorderedEventList             
00003041  vTaskPriorityInherit                       
000022ad  vTaskPrioritySet                           
0000250d  vTaskResume                                
00002d4b  vTaskSetTaskNumber                         
00002c4d  vTaskSetTimeOutState                       
000025a1  vTaskStartScheduler                        
000023e1  vTaskSuspend                               
00002629  vTaskSuspendAll                            
000029d5  vTaskSwitchContext                         
0001118b  wcslen                                     
00008551  wifi_client_close                          
0000856b  wifi_get_host_by_name                      
000085c7  wifi_get_mac_address                       
0000811d  wifi_init                                  
00008179  wifi_restore                               
0000858d  wifi_set_socket_address                    
000081a7  wifi_sleep                                 
00008285  wifi_tcp_client_open                       
00008337  wifi_tcp_client_receive                    
000082f7  wifi_tcp_client_send                       
00008377  wifi_udp_client_open                       
0000851b  wifi_udp_client_receive                    
000084e5  wifi_udp_client_send                       
000083ad  wifi_udp_server_open                       
000081bf  wifi_wakeup                                
20000164  xHigherPriorityTaskWoken                   
0001070d  xPortGetFreeHeapSize                       
000105c5  xPortPendSVHandler                         
0000e5b1  xPortStartScheduler                        
0000e6d7  xPortSysTickHandler                        
0000555f  xQueueCreateCountingSemaphore              
00005487  xQueueCreateMutex                          
000053b3  xQueueGenericCreate                        
0000593f  xQueueGenericReceive                       
00005301  xQueueGenericReset                         
000055bd  xQueueGenericSend                          
00005749  xQueueGenericSendFromISR                   
00005851  xQueueGiveFromISR                          
000054b3  xQueueGiveMutexRecursive                   
00005f19  xQueueIsQueueEmptyFromISR                  
00005f6f  xQueueIsQueueFullFromISR                   
00005bd1  xQueuePeekFromISR                          
00005af5  xQueueReceiveFromISR                       
00005503  xQueueTakeMutexRecursive                   
20000168  xSimpleLinkSpawnQueue                      
2000016c  xSimpleLinkSpawnTaskHndl                   
00002c81  xTaskCheckForTimeOut                       
00001d71  xTaskCreate                                
0000333d  xTaskGenericNotify                         
00003459  xTaskGenericNotifyFromISR                  
0000300d  xTaskGetCurrentTaskHandle                  
00002743  xTaskGetTickCount                          
00002753  xTaskGetTickCountFromISR                   
000028a1  xTaskIncrementTick                         
00003681  xTaskNotifyStateClear                      
0000328d  xTaskNotifyWait                            
00003101  xTaskPriorityDisinherit                    
00002afd  xTaskRemoveFromEventList                   
00002b99  xTaskRemoveFromUnorderedEventList          
00002641  xTaskResumeAll                             


GLOBAL SYMBOLS: SORTED BY Symbol Address 

address   name                                       
-------   ----                                       
00000000  __TI_static_base__                         
00000000  interruptVectors                           
00000145  _SlDrvProtectAsyncRespSetting              
0000018b  _SlDrvDriverCBInit                         
00000200  __STACK_SIZE                               
0000030b  _SlDrvDriverCBDeinit                       
00000419  _SlDrvRxIrqHandler                         
00000465  _SlDrvCmdOp                                
0000051d  _SlDrvDataReadOp                           
000006f9  _SlDrvDataWriteOp                          
00001167  _SlDrvMsgReadSpawnCtx                      
000014fd  _SlDrvBasicCmd                             
00001545  _SlDrvCmdSend                              
000015c9  _SlDrvWaitForPoolObj                       
0000175b  _SlDrvReleasePoolObj                       
00001b4f  _SlDrvDispatchHttpServerEvents             
00001b5f  _SlDrvSyncObjSignal                        
00001b7d  _SlDrvObjLockWaitForever                   
00001b9f  _SlDrvProtectionObjLockWaitForever         
00001bc3  _SlDrvObjUnLock                            
00001be1  _SlDrvProtectionObjUnLock                  
00001c23  _SlDrvGlobalObjUnLock                      
00001c43  _SlDrvMemZero                              
00001c59  _SlDrvResetCmdExt                          
00001c67  _SlDrvSyncObjWaitForever                   
00001c87  _SlDrvSyncObjWaitTimeout                   
00001cc3  _SlDriverHandleError                       
00001d71  xTaskCreate                                
00001f89  vTaskDelete                                
00002053  vTaskDelayUntil                            
00002135  vTaskDelay                                 
0000219d  eTaskGetState                              
00002239  uxTaskPriorityGet                          
00002265  uxTaskPriorityGetFromISR                   
000022ad  vTaskPrioritySet                           
000023e1  vTaskSuspend                               
0000250d  vTaskResume                                
000025a1  vTaskStartScheduler                        
0000260d  vTaskEndScheduler                          
00002629  vTaskSuspendAll                            
00002641  xTaskResumeAll                             
00002743  xTaskGetTickCount                          
00002753  xTaskGetTickCountFromISR                   
00002767  uxTaskGetNumberOfTasks                     
00002771  pcTaskGetName                              
000027b5  uxTaskGetSystemState                       
000028a1  xTaskIncrementTick                         
000029d5  vTaskSwitchContext                         
00002a5b  vTaskPlaceOnEventList                      
00002a95  vTaskPlaceOnUnorderedEventList             
00002afd  xTaskRemoveFromEventList                   
00002b99  xTaskRemoveFromUnorderedEventList          
00002c4d  vTaskSetTimeOutState                       
00002c81  xTaskCheckForTimeOut                       
00002d23  vTaskMissedYield                           
00002d2b  uxTaskGetTaskNumber                        
00002d4b  vTaskSetTaskNumber                         
00002e3d  vTaskGetInfo                               
0000300d  xTaskGetCurrentTaskHandle                  
00003041  vTaskPriorityInherit                       
00003101  xTaskPriorityDisinherit                    
000031d5  uxTaskResetEventItemValue                  
000031f7  pvTaskIncrementMutexHeldCount              
0000320f  ulTaskNotifyTake                           
0000328d  xTaskNotifyWait                            
0000333d  xTaskGenericNotify                         
00003459  xTaskGenericNotifyFromISR                  
00003597  vTaskNotifyGiveFromISR                     
00003681  xTaskNotifyStateClear                      
00003805  _sl_ParseAddress                           
0000385f  sl_Socket                                  
000038c7  sl_Close                                   
00003903  sl_Bind                                    
00003997  sl_SendTo                                  
00003ac1  sl_RecvFrom                                
00003bed  sl_Connect                                 
00003d49  _sl_HandleAsync_Connect                    
00003dc9  sl_Send                                    
00003ed9  sl_Listen                                  
00003f29  sl_Accept                                  
000040c3  sl_Htonl                                   
00004105  sl_Htons                                   
00004145  _sl_HandleAsync_Accept                     
000041a5  _sl_HandleAsync_Select                     
000041f9  sl_Recv                                    
00004285  sl_SetSockOpt                              
000042f9  sl_GetSockOpt                              
0000439b  sl_Select                                  
000044e7  SL_FD_SET                                  
00004509  SL_FD_CLR                                  
0000452b  SL_FD_ISSET                                
00004559  SL_FD_ZERO                                 
000047e9  CS_setExternalClockSourceFrequency         
00004825  CS_initClockSignal                         
00004929  CS_startHFXT                               
0000494d  CS_startHFXTWithTimeout                    
00004a11  CS_startLFXT                               
00004a35  CS_startLFXTWithTimeout                    
00004b05  CS_enableClockRequest                      
00004b2d  CS_disableClockRequest                     
00004b4f  CS_setReferenceOscillatorFrequency         
00004b75  CS_enableDCOExternalResistor               
00004b9d  CS_setDCOExternalResistorCalibration       
00004c13  CS_disableDCOExternalResistor              
00004c31  CS_setDCOCenteredFrequency                 
00004c69  CS_tuneDCOFrequency                        
00004d0d  CS_getDCOFrequency                         
00004ead  CS_setDCOFrequency                         
00005085  CS_getBCLK                                 
000050a1  CS_getHSMCLK                               
000050c5  CS_getACLK                                 
000050e9  CS_getSMCLK                                
0000510b  CS_getMCLK                                 
0000512d  CS_enableFaultCounter                      
00005159  CS_disableFaultCounter                     
00005185  CS_resetFaultCounter                       
000051d1  CS_startFaultCounter                       
00005221  CS_enableInterrupt                         
00005243  CS_disableInterrupt                        
00005265  CS_getInterruptStatus                      
0000526b  CS_getEnabledInterruptStatus               
00005285  CS_clearInterruptFlag                      
000052a7  CS_registerInterrupt                       
000052bb  CS_unregisterInterrupt                     
00005301  xQueueGenericReset                         
000053b3  xQueueGenericCreate                        
00005487  xQueueCreateMutex                          
000054b3  xQueueGiveMutexRecursive                   
00005503  xQueueTakeMutexRecursive                   
0000555f  xQueueCreateCountingSemaphore              
000055bd  xQueueGenericSend                          
00005749  xQueueGenericSendFromISR                   
00005851  xQueueGiveFromISR                          
0000593f  xQueueGenericReceive                       
00005af5  xQueueReceiveFromISR                       
00005bd1  xQueuePeekFromISR                          
00005c7d  uxQueueMessagesWaiting                     
00005ca7  uxQueueSpacesAvailable                     
00005cdb  uxQueueMessagesWaitingFromISR              
00005d01  vQueueDelete                               
00005d25  uxQueueGetQueueNumber                      
00005d33  vQueueSetQueueNumber                       
00005d45  ucQueueGetQueueType                        
00005f19  xQueueIsQueueEmptyFromISR                  
00005f6f  xQueueIsQueueFullFromISR                   
00005fa5  sl_WlanConnect                             
000061ff  sl_WlanDisconnect                          
00006219  sl_WlanPolicySet                           
00006291  sl_WlanPolicyGet                           
00006341  sl_WlanProfileAdd                          
000065d9  sl_WlanProfileGet                          
000066d1  sl_WlanProfileDel                          
0000670d  sl_WlanGetNetworkList                      
0000678d  sl_WlanRxFilterAdd                         
0000680d  sl_WlanRxFilterSet                         
0000686f  sl_WlanRxFilterGet                         
000068ed  sl_WlanRxStatStart                         
0000690d  sl_WlanRxStatStop                          
00006927  sl_WlanRxStatGet                           
0000696d  sl_WlanSmartConfigStop                     
0000698d  sl_WlanSmartConfigStart                    
00006a39  sl_WlanSetMode                             
00006a75  sl_WlanSet                                 
00006af1  sl_WlanGet                                 
00006bb9  sl_NetAppStart                             
00006bef  sl_NetAppStop                              
00006c25  sl_NetAppGetServiceList                    
00006d01  sl_NetAppMDNSRegisterUnregisterService     
00006dc1  sl_NetAppMDNSRegisterService               
00006e0b  sl_NetAppMDNSUnRegisterService             
00006e59  sl_NetAppDnsGetHostByService               
00006f51  _sl_HandleAsync_DnsGetHostByService        
00007017  _sl_HandleAsync_DnsGetHostByAddr           
00007029  sl_NetAppDnsGetHostByName                  
00007143  _sl_HandleAsync_DnsGetHostByName           
00007215  _sl_HandleAsync_PingResponse               
000072a1  sl_NetAppPingStart                         
00007429  sl_NetAppSet                               
0000749d  _sl_NetAppSendTokenValue                   
0000750d  sl_NetAppGet                               
000075a5  _SlDrvNetAppEventHandler                   
000076bd  __TI_printfi                               
0000811b  __aeabi_idiv0                              
0000811b  __aeabi_ldiv0                              
0000811d  wifi_init                                  
00008179  wifi_restore                               
000081a7  wifi_sleep                                 
000081bf  wifi_wakeup                                
00008209  stringToAddress                            
00008285  wifi_tcp_client_open                       
000082f7  wifi_tcp_client_send                       
00008337  wifi_tcp_client_receive                    
00008377  wifi_udp_client_open                       
000083ad  wifi_udp_server_open                       
000084e5  wifi_udp_client_send                       
0000851b  wifi_udp_client_receive                    
00008551  wifi_client_close                          
0000856b  wifi_get_host_by_name                      
0000858d  wifi_set_socket_address                    
000085c7  wifi_get_mac_address                       
00008869  SimpleLinkWlanEventHandler                 
000088dd  SimpleLinkNetAppEventHandler               
0000890d  SimpleLinkHttpServerCallback               
0000891b  SimpleLinkGeneralEventHandler              
0000892d  SimpleLinkSockEventHandler                 
00008b69  pow                                        
00008b69  powl                                       
00009691  ADC14_enableModule                         
00009699  ADC14_disableModule                        
000096af  ADC14_enableSampleTimer                    
000096d9  ADC14_disableSampleTimer                   
000096ef  ADC14_initModule                           
00009735  ADC14_setResolution                        
0000974f  ADC14_getResolution                        
00009759  ADC14_setSampleHoldTrigger                 
0000979b  ADC14_setSampleHoldTime                    
000097c5  ADC14_configureMultiSequenceMode           
0000985b  ADC14_configureSingleSampleMode            
000098b1  ADC14_enableConversion                     
000098d1  ADC14_toggleConversionTrigger              
000098f3  ADC14_disableConversion                    
000098ff  ADC14_isBusy                               
0000991d  ADC14_configureConversionMemory            
000099c5  ADC14_enableComparatorWindow               
00009a55  ADC14_disableComparatorWindow              
00009ab3  ADC14_setComparatorWindowValue             
00009b39  ADC14_setResultFormat                      
00009b63  ADC14_getResult                            
00009b7d  ADC14_getMultiSequenceResult               
00009be9  ADC14_getResultArray                       
00009c5d  ADC14_enableReferenceBurst                 
00009c73  ADC14_disableReferenceBurst                
00009c89  ADC14_setPowerMode                         
00009ccb  ADC14_enableInterrupt                      
00009cf3  ADC14_disableInterrupt                     
00009d1b  ADC14_getInterruptStatus                   
00009d3f  ADC14_getEnabledInterruptStatus            
00009d75  ADC14_clearInterruptFlag                   
00009da1  ADC14_registerInterrupt                    
00009db5  ADC14_unregisterInterrupt                  
00009ef3  PCM_setCoreVoltageLevel                    
00009f03  PCM_setCoreVoltageLevelWithTimeout         
00009f15  PCM_setCoreVoltageLevelNonBlocking         
00009f25  PCM_getPowerMode                           
00009f7f  PCM_getCoreVoltageLevel                    
0000a125  PCM_setPowerMode                           
0000a135  PCM_setPowerModeNonBlocking                
0000a145  PCM_setPowerModeWithTimeout                
0000a3f7  PCM_setPowerState                          
0000a407  PCM_setPowerStateWithTimeout               
0000a419  PCM_setPowerStateNonBlocking               
0000a429  PCM_shutdownDevice                         
0000a46d  PCM_gotoLPM4                               
0000a47d  PCM_gotoLPM4InterruptSafe                  
0000a499  PCM_gotoLPM0                               
0000a4b7  PCM_gotoLPM0InterruptSafe                  
0000a4d3  PCM_gotoLPM3                               
0000a54b  PCM_gotoLPM3InterruptSafe                  
0000a567  PCM_getPowerState                          
0000a573  PCM_enableRudeMode                         
0000a585  PCM_disableRudeMode                        
0000a599  PCM_enableInterrupt                        
0000a5ad  PCM_disableInterrupt                       
0000a5c1  PCM_getInterruptStatus                     
0000a5c7  PCM_getEnabledInterruptStatus              
0000a5d7  PCM_clearInterruptFlag                     
[...]
0000a965  I2C_masterSendMultiByteNextWithTimeout     
0000a9a3  I2C_masterSendMultiByteFinish              
0000a9f1  I2C_masterSendMultiByteFinishWithTimeout   
0000aa5d  I2C_masterSendMultiByteStop                
0000aa87  I2C_masterSendMultiByteStopWithTimeout     
0000aac3  I2C_masterReceiveStart                     
0000aadd  I2C_masterReceiveMultiByteNext             
0000aaf5  I2C_masterReceiveMultiByteFinish           
0000ab33  I2C_masterReceiveMultiByteFinishWithTimeout
0000ab91  I2C_masterReceiveMultiByteStop             
0000aba5  I2C_masterReceiveSingle                    
0000abcf  I2C_getReceiveBufferAddressForDMA          
0000abdd  I2C_getTransmitBufferAddressForDMA         
0000abeb  I2C_masterIsStopSent                       
0000abfd  I2C_masterIsStartSent                      
0000ac15  I2C_masterSendStart                        
0000ac29  I2C_enableMultiMasterMode                  
0000ac49  I2C_disableMultiMasterMode                 
0000ac69  I2C_enableInterrupt                        
0000ac7f  I2C_disableInterrupt                       
0000ac95  I2C_clearInterruptFlag                     
0000acab  I2C_getInterruptStatus                     
0000acc3  I2C_getEnabledInterruptStatus              
0000acd3  I2C_getMode                                
0000ace9  I2C_registerInterrupt                      
0000ad4f  I2C_unregisterInterrupt                    
0000adab  I2C_slaveSendNAK                           
0000addd  DMA_enableModule                           
0000ade5  DMA_disableModule                          
0000aded  DMA_getErrorStatus                         
0000adf3  DMA_clearErrorStatus                       
0000adfb  DMA_enableChannel                          
0000ae13  DMA_disableChannel                         
0000ae2b  DMA_isChannelEnabled                       
0000ae53  DMA_setControlBase                         
0000ae63  DMA_getControlBase                         
0000ae69  DMA_getControlAlternateBase                
0000ae6f  DMA_requestChannel                         
0000ae87  DMA_enableChannelAttribute                 
0000aedb  DMA_disableChannelAttribute                
0000af2f  DMA_getChannelAttribute                    
0000af9f  DMA_setChannelControl                      
0000afe1  DMA_setChannelTransfer                     
0000b0d9  DMA_setChannelScatterGather                
0000b165  DMA_getChannelSize                         
0000b1ad  DMA_getChannelMode                         
0000b1fd  DMA_assignChannel                          
0000b3ed  DMA_assignInterrupt                        
0000b441  DMA_requestSoftwareTransfer                
0000b459  DMA_getInterruptStatus                     
0000b465  DMA_clearInterruptFlag                     
0000b481  DMA_enableInterrupt                        
0000b4bf  DMA_disableInterrupt                       
0000b4fd  DMA_registerInterrupt                      
0000b513  DMA_unregisterInterrupt                    
0000b55d  I2C_init                                   
0000b579  I2C_write                                  
0000b64b  I2C_read                                   
0000b767  I2C_readBurst                              
0000b89d  I2C_write16                                
0000b951  I2C_read16                                 
0000ba25  EUSCIB1_IRQHandler                         
0000bb15  RTC_C_startClock                           
0000bb33  RTC_C_holdClock                            
0000bb51  RTC_C_setCalibrationFrequency              
0000bb81  RTC_C_setCalibrationData                   
0000bbad  RTC_C_setTemperatureCompensation           
0000bbd7  RTC_C_initCalendar                         
0000bc49  RTC_C_getCalendarTime                      
0000bcaf  RTC_C_setCalendarAlarm                     
0000bce7  RTC_C_setCalendarEvent                     
0000bd17  RTC_C_definePrescaleEvent                  
0000bd3f  RTC_C_getPrescaleValue                     
0000bd6b  RTC_C_setPrescaleValue                     
0000bdbb  RTC_C_convertBCDToBinary                   
0000bdd3  RTC_C_convertBinaryToBCD                   
0000bdeb  RTC_C_enableInterrupt                      
0000be41  RTC_C_disableInterrupt                     
0000bea9  RTC_C_getInterruptStatus                   
0000bf11  RTC_C_getEnabledInterruptStatus            
0000bf71  RTC_C_clearInterruptFlag                   
0000bfb7  RTC_C_registerInterrupt                    
0000bfd5  RTC_C_unregisterInterrupt                  
0000c031  sl_Start                                   
0000c0fb  _sl_HandleAsync_InitComplete               
0000c175  _sl_HandleAsync_Stop                       
0000c1bf  sl_Stop                                    
0000c293  sl_EventMaskSet                            
0000c2d9  sl_EventMaskGet                            
0000c335  sl_DevGet                                  
0000c3e1  sl_DevSet                                  
0000c455  _SlDrvDeviceEventHandler                   
0000c50d  osi_SyncObjCreate                          
0000c53d  osi_SyncObjDelete                          
0000c557  osi_SyncObjSignal                          
0000c57f  osi_SyncObjSignalFromISR                   
0000c5bf  osi_SyncObjWait                            
0000c5f1  osi_SyncObjClear                           
0000c613  osi_LockObjCreate                          
0000c639  osi_TaskCreate                             
0000c671  osi_TaskDelete                             
0000c67f  osi_LockObjDelete                          
0000c68f  osi_LockObjLock                            
0000c6c1  osi_LockObjUnlock                          
0000c6eb  osi_Spawn                                  
0000c765  VStartSimpleLinkSpawnTask                  
0000c7a5  VDeleteSimpleLinkSpawnTask                 
0000c7d5  osi_MsgQCreate                             
0000c819  osi_MsgQDelete                             
0000c833  osi_MsgQWrite                              
0000c871  osi_MsgQRead                               
0000c8ad  mem_Malloc                                 
0000c8b9  mem_Free                                   
0000c8c5  mem_set                                    
0000c8d9  mem_copy                                   
0000c8ed  osi_EnterCritical                          
0000c8f7  osi_ExitCritical                           
0000c901  osi_start                                  
0000c909  osi_Sleep                                  
0000c91f  osi_TaskDisable                            
0000c929  osi_TaskEnable                             
0000c933  osi_ContextSave                            
0000c935  osi_ContextRestore                         
0000c955  TMP006_init                                
0000c999  TMP006_readAmbientTemperature              
0000c9c1  TMP006_readObjectTemperature               
0000cd93  Interrupt_enableMaster                     
0000cda3  Interrupt_disableMaster                    
0000cdb3  Interrupt_registerInterrupt                
0000ce05  Interrupt_unregisterInterrupt              
0000ce19  Interrupt_setPriorityGrouping              
0000ce33  Interrupt_getPriorityGrouping              
0000ce6b  Interrupt_setPriority                      
0000cebb  Interrupt_getPriority                      
0000cee1  Interrupt_enableInterrupt                  
0000cf53  Interrupt_disableInterrupt                 
0000cfc5  Interrupt_isEnabled                        
0000d051  Interrupt_pendInterrupt                    
0000d0c1  Interrupt_unpendInterrupt                  
0000d10f  Interrupt_setPriorityMask                  
0000d11f  Interrupt_getPriorityMask                  
0000d129  Interrupt_setVectorTableAddress            
0000d139  Interrupt_getVectorTableAddress            
0000d13f  Interrupt_enableSleepOnIsrExit             
0000d151  Interrupt_disableSleepOnIsrExit            
0000d181  board_init                                 
0000d195  led_red_on                                 
0000d1a1  led_red_off                                
0000d1ad  led_red_toggle                             
0000d1b9  led_blue_on                                
0000d1c5  led_blue_off                               
0000d1d1  led_blue_toggle                            
0000d1dd  led_green_on                               
0000d1e9  led_green_off                              
0000d1f5  led_green_toggle                           
0000d201  led_red1_on                                
0000d20d  led_red1_off                               
0000d219  led_red1_toggle                            
0000d225  debug1_on                                  
0000d231  debug1_off                                 
0000d23d  debug1_toggle                              
0000d249  debug2_on                                  
0000d255  debug2_off                                 
0000d261  debug2_toggle                              
0000d26d  debug3_on                                  
0000d279  debug3_off                                 
0000d285  debug3_toggle                              
0000d291  debug4_on                                  
0000d29d  debug4_off                                 
0000d2a9  debug4_toggle                              
0000d56d  spi_Open                                   
0000d611  spi_Close                                  
0000d61d  spi_Write                                  
0000d6d5  spi_Read                                   
0000db27  main                                       
0000dcad  SystemCoreClockUpdate                      
0000df21  SystemInit                                 
0000dfd5  edu_boosterpack_sensors_init               
0000dff3  edu_boosterpack_sensors_acceleration_read  
0000e1cd  edu_boosterpack_sensors_temperature_read   
0000e1dd  edu_boosterpack_sensors_light_read         
0000e285  __mktime32                                 
0000e285  mktime                                     
0000e525  pxPortInitialiseStack                      
0000e5b1  xPortStartScheduler                        
0000e645  vPortEndScheduler                          
0000e669  vPortEnterCritical                         
0000e6ab  vPortExitCritical                          
0000e6d7  xPortSysTickHandler                        
0000e6fd  vPortSetupTimerInterrupt                   
0000e717  vPortValidateInterruptPriority             
0000e7ad  sntp_get                                   
0000ec99  SysCtl_getTLVInfo                          
0000ed0f  SysCtl_getSRAMSize                         
0000ed15  SysCtl_getFlashSize                        
0000ed1b  SysCtl_disableNMISource                    
0000ed2f  SysCtl_enableNMISource                     
0000ed43  SysCtl_getNMISourceStatus                  
0000ed49  SysCtl_enableSRAMBank                      
0000ed65  SysCtl_disableSRAMBank                     
0000edcd  SysCtl_enableSRAMBankRetention             
0000ede9  SysCtl_disableSRAMBankRetention            
0000ee05  SysCtl_rebootDevice                        
0000ee0f  SysCtl_enablePeripheralAtCPUHalt           
0000ee23  SysCtl_disablePeripheralAtCPUHalt          
0000ee37  SysCtl_setWDTTimeoutResetType              
0000ee5b  SysCtl_setWDTPasswordViolationResetType    
0000ee7f  SysCtl_enableGlitchFilter                  
0000ee8b  SysCtl_disableGlitchFilter                 
0000ee97  SysCtl_getTempCalibrationConstant          
0000eedd  exp2                                       
0000eedd  exp2l                                      
0000f2a9  registerInterruptHandler                   
0000f2bd  CC3100_enable                              
0000f2cf  CC3100_disable                             
0000f2e1  CC3100_InterruptEnable                     
0000f325  CC3100_InterruptDisable                    
0000f343  MaskIntHdlr                                
0000f34b  UnMaskIntHdlr                              
0000f353  set_rts                                    
0000f365  clear_rts                                  
0000f377  initAntSelGPIO                             
0000f3b3  SelAntenna                                 
0000f403  Delay                                      
0000f433  PORT2_IRQHandler                           
0000f475  __aeabi_dsub                               
0000f47f  __aeabi_dadd                               
0000f62d  CLI_Configure                              
0000f67b  CLI_Read                                   
0000f6cd  CLI_Write                                  
0000f721  EUSCIA0_IRQHandler                         
0000f799  sensorOpt3001Init                          
0000f7a5  sensorOpt3001Enable                        
0000f7d1  sensorOpt3001Read                          
0000f835  sensorOpt3001Test                          
0000f897  sensorOpt3001Convert                       
0000f905  sqrt                                       
0000f905  sqrtl                                      
0000fb99  sl_NetCfgSet                               
0000fc0d  sl_NetCfgGet                               
0000fcd1  __aeabi_ddiv                               
0000fe09  __localtime32                              
0000fe09  localtime                                  
0000ff3d  strtol                                     
0001006d  vListInitialise                            
0001009d  vListInitialiseItem                        
000100ad  vListInsertEnd                             
000100e9  vListInsert                                
0001014f  uxListRemove                               
000102b9  ldexp                                      
000102b9  ldexpl                                     
000102b9  scalbn                                     
000102b9  scalbnl                                    
000103c9  __aeabi_dmul                               
000104c5  WDT_A_holdTimer                            
000104e5  WDT_A_startTimer                           
00010505  WDT_A_clearTimer                           
00010525  WDT_A_initWatchdogTimer                    
00010541  WDT_A_initIntervalTimer                    
0001055d  WDT_A_setPasswordViolationReset            
00010569  WDT_A_setTimeoutReset                      
00010575  WDT_A_registerInterrupt                    
00010589  WDT_A_unregisterInterrupt                  
000105ad  ulPortGetIPSR                              
000105c5  xPortPendSVHandler                         
00010625  vPortSVCHandler                            
00010645  vPortStartFirstTask                        
00010661  vPortEnableVFP                             
00010671  pvPortMalloc                               
000106e1  vPortFree                                  
00010705  vPortInitialiseBlocks                      
0001070d  xPortGetFreeHeapSize                       
000107d7  __aeabi_memcpy                             
000107d7  __aeabi_memcpy4                            
000107d7  __aeabi_memcpy8                            
000107d7  memcpy                                     
00010873  __aeabi_uldivmod                           
00010909  __aeabi_cdcmpeq                            
00010909  __aeabi_cdcmple                            
0001098f  __aeabi_cdrcmple                           
00010a15  __aeabi_memclr                             
00010a15  __aeabi_memclr4                            
00010a15  __aeabi_memclr8                            
00010a17  __aeabi_memset                             
00010a17  __aeabi_memset4                            
00010a17  __aeabi_memset8                            
00010a1d  memset                                     
00010afd  __aeabi_d2f                                
00010b6b  __aeabi_ldivmod                            
00010bd9  __TI_decompress_lzss                       
00010c41  frexp                                      
00010c41  frexpl                                     
00010cfb  ltoa                                       
00010da1  atoi                                       
00010ded  __aeabi_d2iz                               
00010e35  __TI_auto_init_nobinit_nopinit             
00010e79  __aeabi_uidiv                              
00010e79  __aeabi_uidivmod                           
00010eb9  sprintf                                    
00010ef9  strtok                                     
00010f77  CPU_cpsid                                  
00010f83  CPU_primask                                
00010f8d  CPU_cpsie                                  
00010f99  CPU_wfi                                    
00010f9d  CPU_basepriSet                             
00010fab  CPU_basepriGet                             
00010fb5  __gmtime32                                 
00010fb5  gmtime                                     
00010fed  _c_int00_noargs                            
00011025  __aeabi_f2d                                
0001105d  __aeabi_i2d                                
0001108b  strspn                                     
000110b5  strcspn                                    
000110f9  __aeabi_ui2d                               
00011119  memccpy                                    
0001114d  strchr                                     
00011163  copysign                                   
00011163  copysignl                                  
00011177  strlen                                     
0001118b  wcslen                                     
0001119d  __TI_decompress_none                       
000111ab  __TI_zero_init                             
000111c1  __aeabi_errno_addr                         
000111c9  _system_pre_init                           
000111cd  C$$EXIT                                    
000111cd  abort                                      
000121d0  _ctypes_                                   
00012404  OpcodeTranslateTable                       
00012440  _SlActionLookupTable                       
000125d4  ulMaxSyscallInterruptPriority              
0001262c  _SlNetAppSendTokenValueCmdCtrl             
000126d8  __TI_Handler_Table_Base                    
000126e4  __TI_Handler_Table_Limit                   
000126f8  __TI_CINIT_Base                            
00012710  __TI_CINIT_Limit                           
20000000  g_pfnRAMVectors                            
200000e8  pxCurrentTCB                               
20000154  _tz                                        
20000164  xHigherPriorityTaskWoken                   
20000168  xSimpleLinkSpawnQueue                      
2000016c  xSimpleLinkSpawnTaskHndl                   
20000186  burstMode                                  
20000188  g_pCB                                      
2000018c  pPingCallBackFunc                          
2000019c  pIraEventHandler                           
200001a8  cli_have_cmd                               
200001ac  errno                                      
200001b4  SystemCoreClock                            
2000c400  MSP_EXP432P401RLP_DMAControlTable1         
2000c8dc  g_ucUARTBuffer                             
2000c8e0  g_ui32ByteCount                            
2000c8e4  mutx                                       
2000c8e8  pData                                      
2000c8ec  semaphoreSNTP                              
2000c8f0  IntIsMasked                                
2000c8f1  RxIrqCnt                                   
2000c8f2  g_bDeviceRestartIsRequired                 
2000c8f3  ui8DummyRead                               
2000c8f4  ui8Status                                  
2000fe00  __stack                                    
20010000  __STACK_END                                
4000480c  WDTCTL_SYM                                 
ffffffff  __TI_pprof_out_hndl                        
ffffffff  __TI_prof_data_size                        
ffffffff  __TI_prof_data_start                       
ffffffff  __binit__                                  
ffffffff  __c_args__                                 
ffffffff  binit                                      
UNDEFED   __mpu_init                                 
UNDEFED   _system_post_cinit                         

[653 symbols]
